Component: ARM Compiler 5.06 update 1 (build 61) Tool: armlink [4d35a8]

==============================================================================

Section Cross References

    stm32f10x_it.o(i.ETH_IRQHandler) refers to netconf.o(i.LwIP_Pkt_Handle) for LwIP_Pkt_Handle
    stm32f10x_it.o(i.ETH_IRQHandler) refers to stm32_eth.o(i.ETH_GetRxPktSize) for ETH_GetRxPktSize
    stm32f10x_it.o(i.ETH_IRQHandler) refers to stm32_eth.o(i.ETH_DMAClearITPendingBit) for ETH_DMAClearITPendingBit
    stm32f10x_it.o(i.SysTick_Handler) refers to main.o(i.Time_Update) for Time_Update
    main.o(i.Delay) refers to main.o(.data) for .data
    main.o(i.System_Periodic_Handle) refers to netconf.o(i.Display_Periodic_Handle) for Display_Periodic_Handle
    main.o(i.System_Periodic_Handle) refers to netconf.o(i.LwIP_Periodic_Handle) for LwIP_Periodic_Handle
    main.o(i.System_Periodic_Handle) refers to main.o(.data) for .data
    main.o(i.Time_Update) refers to main.o(.data) for .data
    main.o(i.main) refers to rt_memclr_w.o(.text) for __aeabi_memclr4
    main.o(i.main) refers to stm32f107.o(i.System_Setup) for System_Setup
    main.o(i.main) refers to netconf.o(i.LwIP_Init) for LwIP_Init
    main.o(i.main) refers to tcp_client.o(i.TCP_Client_Init) for TCP_Client_Init
    main.o(i.main) refers to usart.o(i.USART2_Init) for USART2_Init
    main.o(i.main) refers to usart.o(i.USART4_Init) for USART4_Init
    main.o(i.main) refers to usart.o(i.USART5_Init) for USART5_Init
    main.o(i.main) refers to led.o(i.LED_Init1) for LED_Init1
    main.o(i.main) refers to led.o(i.LED_Init2) for LED_Init2
    main.o(i.main) refers to led.o(i.LED_Init3) for LED_Init3
    main.o(i.main) refers to stm32f107.o(i.NVIC_Configuration) for NVIC_Configuration
    main.o(i.main) refers to stm32f10x_usart.o(i.USART_GetFlagStatus) for USART_GetFlagStatus
    main.o(i.main) refers to stm32f10x_usart.o(i.USART_ReceiveData) for USART_ReceiveData
    main.o(i.main) refers to tcp_client.o(i.Check_TCP_Connect) for Check_TCP_Connect
    main.o(i.main) refers to tcp_client.o(i.TCP_Client_Send_Data) for TCP_Client_Send_Data
    main.o(i.main) refers to tcp_client.o(i.Delay_s) for Delay_s
    main.o(i.main) refers to strncmp.o(.text) for strncmp
    main.o(i.main) refers to usart.o(i.USART2_printf) for USART2_printf
    main.o(i.main) refers to main.o(i.System_Periodic_Handle) for System_Periodic_Handle
    main.o(i.main) refers to stm32f10x_gpio.o(i.GPIO_SetBits) for GPIO_SetBits
    main.o(i.main) refers to main.o(.constdata) for .constdata
    main.o(i.main) refers to main.o(.data) for .data
    main.o(i.main) refers to tcp_client.o(.bss) for member
    stm32f107.o(i.Ethernet_Configuration) refers to stm32f10x_gpio.o(i.GPIO_ETH_MediaInterfaceConfig) for GPIO_ETH_MediaInterfaceConfig
    stm32f107.o(i.Ethernet_Configuration) refers to stm32f10x_rcc.o(i.RCC_PLL3Config) for RCC_PLL3Config
    stm32f107.o(i.Ethernet_Configuration) refers to stm32f10x_rcc.o(i.RCC_PLL3Cmd) for RCC_PLL3Cmd
    stm32f107.o(i.Ethernet_Configuration) refers to stm32f10x_rcc.o(i.RCC_GetFlagStatus) for RCC_GetFlagStatus
    stm32f107.o(i.Ethernet_Configuration) refers to stm32f10x_rcc.o(i.RCC_MCOConfig) for RCC_MCOConfig
    stm32f107.o(i.Ethernet_Configuration) refers to stm32_eth.o(i.ETH_DeInit) for ETH_DeInit
    stm32f107.o(i.Ethernet_Configuration) refers to stm32_eth.o(i.ETH_SoftwareReset) for ETH_SoftwareReset
    stm32f107.o(i.Ethernet_Configuration) refers to stm32_eth.o(i.ETH_GetSoftwareResetStatus) for ETH_GetSoftwareResetStatus
    stm32f107.o(i.Ethernet_Configuration) refers to stm32_eth.o(i.ETH_StructInit) for ETH_StructInit
    stm32f107.o(i.Ethernet_Configuration) refers to stm32_eth.o(i.ETH_Init) for ETH_Init
    stm32f107.o(i.Ethernet_Configuration) refers to stm32_eth.o(i.ETH_DMAITConfig) for ETH_DMAITConfig
    stm32f107.o(i.GPIO_Configuration) refers to stm32f10x_gpio.o(i.GPIO_Init) for GPIO_Init
    stm32f107.o(i.GPIO_Configuration) refers to stm32f10x_gpio.o(i.GPIO_PinRemapConfig) for GPIO_PinRemapConfig
    stm32f107.o(i.NVIC_Configuration) refers to misc.o(i.NVIC_SetVectorTable) for NVIC_SetVectorTable
    stm32f107.o(i.NVIC_Configuration) refers to misc.o(i.NVIC_PriorityGroupConfig) for NVIC_PriorityGroupConfig
    stm32f107.o(i.NVIC_Configuration) refers to misc.o(i.NVIC_Init) for NVIC_Init
    stm32f107.o(i.System_Setup) refers to system_stm32f10x.o(i.SystemInit) for SystemInit
    stm32f107.o(i.System_Setup) refers to stm32f10x_rcc.o(i.RCC_APB1PeriphClockCmd) for RCC_APB1PeriphClockCmd
    stm32f107.o(i.System_Setup) refers to stm32f10x_rcc.o(i.RCC_AHBPeriphClockCmd) for RCC_AHBPeriphClockCmd
    stm32f107.o(i.System_Setup) refers to stm32f10x_rcc.o(i.RCC_APB2PeriphClockCmd) for RCC_APB2PeriphClockCmd
    stm32f107.o(i.System_Setup) refers to stm32f107.o(i.NVIC_Configuration) for NVIC_Configuration
    stm32f107.o(i.System_Setup) refers to stm32f107.o(i.GPIO_Configuration) for GPIO_Configuration
[...]
    __Vectors_End                            0x08000150   Data           0  startup_stm32f10x_cl.o(RESET)
    __main                                   0x08000151   Thumb Code     8  __main.o(!!!main)
    __scatterload                            0x08000159   Thumb Code     0  __scatter.o(!!!scatter)
    __scatterload_rt2                        0x08000159   Thumb Code    44  __scatter.o(!!!scatter)
    __scatterload_rt2_thumb_only             0x08000159   Thumb Code     0  __scatter.o(!!!scatter)
    __scatterload_null                       0x08000167   Thumb Code     0  __scatter.o(!!!scatter)
    __scatterload_copy                       0x0800018d   Thumb Code    26  __scatter_copy.o(!!handler_copy)
    __scatterload_zeroinit                   0x080001a9   Thumb Code    28  __scatter_zi.o(!!handler_zi)
    _printf_n                                0x080001c5   Thumb Code     0  _printf_n.o(.ARM.Collect$$_printf_percent$$00000001)
    _printf_percent                          0x080001c5   Thumb Code     0  _printf_percent.o(.ARM.Collect$$_printf_percent$$00000000)
    _printf_p                                0x080001cb   Thumb Code     0  _printf_p.o(.ARM.Collect$$_printf_percent$$00000002)
    _printf_f                                0x080001d1   Thumb Code     0  _printf_f.o(.ARM.Collect$$_printf_percent$$00000003)
    _printf_e                                0x080001d7   Thumb Code     0  _printf_e.o(.ARM.Collect$$_printf_percent$$00000004)
    _printf_g                                0x080001dd   Thumb Code     0  _printf_g.o(.ARM.Collect$$_printf_percent$$00000005)
    _printf_a                                0x080001e3   Thumb Code     0  _printf_a.o(.ARM.Collect$$_printf_percent$$00000006)
    _printf_ll                               0x080001e9   Thumb Code     0  _printf_ll.o(.ARM.Collect$$_printf_percent$$00000007)
    _printf_i                                0x080001f3   Thumb Code     0  _printf_i.o(.ARM.Collect$$_printf_percent$$00000008)
    _printf_d                                0x080001f9   Thumb Code     0  _printf_d.o(.ARM.Collect$$_printf_percent$$00000009)
    _printf_u                                0x080001ff   Thumb Code     0  _printf_u.o(.ARM.Collect$$_printf_percent$$0000000A)
    _printf_o                                0x08000205   Thumb Code     0  _printf_o.o(.ARM.Collect$$_printf_percent$$0000000B)
    _printf_x                                0x0800020b   Thumb Code     0  _printf_x.o(.ARM.Collect$$_printf_percent$$0000000C)
    _printf_lli                              0x08000211   Thumb Code     0  _printf_lli.o(.ARM.Collect$$_printf_percent$$0000000D)
    _printf_lld                              0x08000217   Thumb Code     0  _printf_lld.o(.ARM.Collect$$_printf_percent$$0000000E)
    _printf_llu                              0x0800021d   Thumb Code     0  _printf_llu.o(.ARM.Collect$$_printf_percent$$0000000F)
    _printf_llo                              0x08000223   Thumb Code     0  _printf_llo.o(.ARM.Collect$$_printf_percent$$00000010)
    _printf_llx                              0x08000229   Thumb Code     0  _printf_llx.o(.ARM.Collect$$_printf_percent$$00000011)
    _printf_l                                0x0800022f   Thumb Code     0  _printf_l.o(.ARM.Collect$$_printf_percent$$00000012)
    _printf_c                                0x08000239   Thumb Code     0  _printf_c.o(.ARM.Collect$$_printf_percent$$00000013)
    _printf_s                                0x0800023f   Thumb Code     0  _printf_s.o(.ARM.Collect$$_printf_percent$$00000014)
    _printf_lc                               0x08000245   Thumb Code     0  _printf_lc.o(.ARM.Collect$$_printf_percent$$00000015)
    _printf_ls                               0x0800024b   Thumb Code     0  _printf_ls.o(.ARM.Collect$$_printf_percent$$00000016)
    _printf_percent_end                      0x08000251   Thumb Code     0  _printf_percent_end.o(.ARM.Collect$$_printf_percent$$00000017)
    __rt_lib_init                            0x08000255   Thumb Code     0  libinit.o(.ARM.Collect$$libinit$$00000000)
    __rt_lib_init_fp_1                       0x08000257   Thumb Code     0  libinit2.o(.ARM.Collect$$libinit$$00000002)
    __rt_lib_init_heap_1                     0x08000257   Thumb Code     0  libinit2.o(.ARM.Collect$$libinit$$0000000A)
    __rt_lib_init_lc_common                  0x08000257   Thumb Code     0  libinit2.o(.ARM.Collect$$libinit$$0000000F)
    __rt_lib_init_preinit_1                  0x08000257   Thumb Code     0  libinit2.o(.ARM.Collect$$libinit$$00000004)
    __rt_lib_init_rand_1                     0x08000257   Thumb Code     0  libinit2.o(.ARM.Collect$$libinit$$0000000E)
    __rt_lib_init_user_alloc_1               0x08000257   Thumb Code     0  libinit2.o(.ARM.Collect$$libinit$$0000000C)
    __rt_lib_init_lc_collate_1               0x0800025d   Thumb Code     0  libinit2.o(.ARM.Collect$$libinit$$00000011)
    __rt_lib_init_lc_ctype_2                 0x0800025d   Thumb Code     0  libinit2.o(.ARM.Collect$$libinit$$00000012)
    __rt_lib_init_lc_ctype_1                 0x08000269   Thumb Code     0  libinit2.o(.ARM.Collect$$libinit$$00000013)
    __rt_lib_init_lc_monetary_1              0x08000269   Thumb Code     0  libinit2.o(.ARM.Collect$$libinit$$00000015)
    __rt_lib_init_lc_numeric_2               0x08000269   Thumb Code     0  libinit2.o(.ARM.Collect$$libinit$$00000016)
    __rt_lib_init_alloca_1                   0x08000273   Thumb Code     0  libinit2.o(.ARM.Collect$$libinit$$0000002E)
    __rt_lib_init_argv_1                     0x08000273   Thumb Code     0  libinit2.o(.ARM.Collect$$libinit$$0000002C)
    __rt_lib_init_atexit_1                   0x08000273   Thumb Code     0  libinit2.o(.ARM.Collect$$libinit$$0000001B)
    __rt_lib_init_clock_1                    0x08000273   Thumb Code     0  libinit2.o(.ARM.Collect$$libinit$$00000021)
    __rt_lib_init_cpp_1                      0x08000273   Thumb Code     0  libinit2.o(.ARM.Collect$$libinit$$00000032)
    __rt_lib_init_exceptions_1               0x08000273   Thumb Code     0  libinit2.o(.ARM.Collect$$libinit$$00000030)
    __rt_lib_init_fp_trap_1                  0x08000273   Thumb Code     0  libinit2.o(.ARM.Collect$$libinit$$0000001F)
    __rt_lib_init_getenv_1                   0x08000273   Thumb Code     0  libinit2.o(.ARM.Collect$$libinit$$00000023)
    __rt_lib_init_lc_numeric_1               0x08000273   Thumb Code     0  libinit2.o(.ARM.Collect$$libinit$$00000017)
    __rt_lib_init_lc_time_1                  0x08000273   Thumb Code     0  libinit2.o(.ARM.Collect$$libinit$$00000019)
    __rt_lib_init_return                     0x08000273   Thumb Code     0  libinit2.o(.ARM.Collect$$libinit$$00000033)
    __rt_lib_init_signal_1                   0x08000273   Thumb Code     0  libinit2.o(.ARM.Collect$$libinit$$0000001D)
    __rt_lib_init_stdio_1                    0x08000273   Thumb Code     0  libinit2.o(.ARM.Collect$$libinit$$00000025)
    __rt_lib_shutdown                        0x08000275   Thumb Code     0  libshutdown.o(.ARM.Collect$$libshutdown$$00000000)
    __rt_lib_shutdown_cpp_1                  0x08000277   Thumb Code     0  libshutdown2.o(.ARM.Collect$$libshutdown$$00000002)
    __rt_lib_shutdown_fp_trap_1              0x08000277   Thumb Code     0  libshutdown2.o(.ARM.Collect$$libshutdown$$00000007)
    __rt_lib_shutdown_heap_1                 0x08000277   Thumb Code     0  libshutdown2.o(.ARM.Collect$$libshutdown$$0000000F)
    __rt_lib_shutdown_return                 0x08000277   Thumb Code     0  libshutdown2.o(.ARM.Collect$$libshutdown$$00000010)
    __rt_lib_shutdown_signal_1               0x08000277   Thumb Code     0  libshutdown2.o(.ARM.Collect$$libshutdown$$0000000A)
    __rt_lib_shutdown_stdio_1                0x08000277   Thumb Code     0  libshutdown2.o(.ARM.Collect$$libshutdown$$00000004)
    __rt_lib_shutdown_user_alloc_1           0x08000277   Thumb Code     0  libshutdown2.o(.ARM.Collect$$libshutdown$$0000000C)
    __rt_entry                               0x08000279   Thumb Code     0  __rtentry.o(.ARM.Collect$$rtentry$$00000000)
    __rt_entry_presh_1                       0x08000279   Thumb Code     0  __rtentry2.o(.ARM.Collect$$rtentry$$00000002)
    __rt_entry_sh                            0x08000279   Thumb Code     0  __rtentry4.o(.ARM.Collect$$rtentry$$00000004)
    __rt_entry_li                            0x0800027f   Thumb Code     0  __rtentry2.o(.ARM.Collect$$rtentry$$0000000A)
    __rt_entry_postsh_1                      0x0800027f   Thumb Code     0  __rtentry2.o(.ARM.Collect$$rtentry$$00000009)
    __rt_entry_main                          0x08000283   Thumb Code     0  __rtentry2.o(.ARM.Collect$$rtentry$$0000000D)
    __rt_entry_postli_1                      0x08000283   Thumb Code     0  __rtentry2.o(.ARM.Collect$$rtentry$$0000000C)
    __rt_exit                                0x0800028b   Thumb Code     0  rtexit.o(.ARM.Collect$$rtexit$$00000000)
    __rt_exit_ls                             0x0800028d   Thumb Code     0  rtexit2.o(.ARM.Collect$$rtexit$$00000003)
    __rt_exit_prels_1                        0x0800028d   Thumb Code     0  rtexit2.o(.ARM.Collect$$rtexit$$00000002)
    __rt_exit_exit                           0x08000291   Thumb Code     0  rtexit2.o(.ARM.Collect$$rtexit$$00000004)
    Reset_Handler                            0x08000299   Thumb Code     4  startup_stm32f10x_cl.o(.text)
    ADC1_2_IRQHandler                        0x080002af   Thumb Code     0  startup_stm32f10x_cl.o(.text)
    CAN1_RX0_IRQHandler                      0x080002af   Thumb Code     0  startup_stm32f10x_cl.o(.text)
    CAN1_RX1_IRQHandler                      0x080002af   Thumb Code     0  startup_stm32f10x_cl.o(.text)
    CAN1_SCE_IRQHandler                      0x080002af   Thumb Code     0  startup_stm32f10x_cl.o(.text)
    CAN1_TX_IRQHandler                       0x080002af   Thumb Code     0  startup_stm32f10x_cl.o(.text)
    CAN2_RX0_IRQHandler                      0x080002af   Thumb Code     0  startup_stm32f10x_cl.o(.text)
    CAN2_RX1_IRQHandler                      0x080002af   Thumb Code     0  startup_stm32f10x_cl.o(.text)
    CAN2_SCE_IRQHandler                      0x080002af   Thumb Code     0  startup_stm32f10x_cl.o(.text)
    CAN2_TX_IRQHandler                       0x080002af   Thumb Code     0  startup_stm32f10x_cl.o(.text)
    DMA1_Channel1_IRQHandler                 0x080002af   Thumb Code     0  startup_stm32f10x_cl.o(.text)
    DMA1_Channel2_IRQHandler                 0x080002af   Thumb Code     0  startup_stm32f10x_cl.o(.text)
    DMA1_Channel3_IRQHandler                 0x080002af   Thumb Code     0  startup_stm32f10x_cl.o(.text)
    DMA1_Channel4_IRQHandler                 0x080002af   Thumb Code     0  startup_stm32f10x_cl.o(.text)
    DMA1_Channel5_IRQHandler                 0x080002af   Thumb Code     0  startup_stm32f10x_cl.o(.text)
    DMA1_Channel6_IRQHandler                 0x080002af   Thumb Code     0  startup_stm32f10x_cl.o(.text)
    DMA1_Channel7_IRQHandler                 0x080002af   Thumb Code     0  startup_stm32f10x_cl.o(.text)
    DMA2_Channel1_IRQHandler                 0x080002af   Thumb Code     0  startup_stm32f10x_cl.o(.text)
    DMA2_Channel2_IRQHandler                 0x080002af   Thumb Code     0  startup_stm32f10x_cl.o(.text)
    DMA2_Channel3_IRQHandler                 0x080002af   Thumb Code     0  startup_stm32f10x_cl.o(.text)
    DMA2_Channel4_IRQHandler                 0x080002af   Thumb Code     0  startup_stm32f10x_cl.o(.text)
    DMA2_Channel5_IRQHandler                 0x080002af   Thumb Code     0  startup_stm32f10x_cl.o(.text)
    ETH_WKUP_IRQHandler                      0x080002af   Thumb Code     0  startup_stm32f10x_cl.o(.text)
    EXTI0_IRQHandler                         0x080002af   Thumb Code     0  startup_stm32f10x_cl.o(.text)
    EXTI1_IRQHandler                         0x080002af   Thumb Code     0  startup_stm32f10x_cl.o(.text)
    EXTI2_IRQHandler                         0x080002af   Thumb Code     0  startup_stm32f10x_cl.o(.text)
    EXTI3_IRQHandler                         0x080002af   Thumb Code     0  startup_stm32f10x_cl.o(.text)
    EXTI4_IRQHandler                         0x080002af   Thumb Code     0  startup_stm32f10x_cl.o(.text)
    EXTI9_5_IRQHandler                       0x080002af   Thumb Code     0  startup_stm32f10x_cl.o(.text)
    FLASH_IRQHandler                         0x080002af   Thumb Code     0  startup_stm32f10x_cl.o(.text)
    I2C1_ER_IRQHandler                       0x080002af   Thumb Code     0  startup_stm32f10x_cl.o(.text)
    I2C1_EV_IRQHandler                       0x080002af   Thumb Code     0  startup_stm32f10x_cl.o(.text)
    I2C2_ER_IRQHandler                       0x080002af   Thumb Code     0  startup_stm32f10x_cl.o(.text)
    I2C2_EV_IRQHandler                       0x080002af   Thumb Code     0  startup_stm32f10x_cl.o(.text)
    OTG_FS_IRQHandler                        0x080002af   Thumb Code     0  startup_stm32f10x_cl.o(.text)
    OTG_FS_WKUP_IRQHandler                   0x080002af   Thumb Code     0  startup_stm32f10x_cl.o(.text)
    PVD_IRQHandler                           0x080002af   Thumb Code     0  startup_stm32f10x_cl.o(.text)
    RCC_IRQHandler                           0x080002af   Thumb Code     0  startup_stm32f10x_cl.o(.text)
    RTCAlarm_IRQHandler                      0x080002af   Thumb Code     0  startup_stm32f10x_cl.o(.text)
    RTC_IRQHandler                           0x080002af   Thumb Code     0  startup_stm32f10x_cl.o(.text)
    SPI1_IRQHandler                          0x080002af   Thumb Code     0  startup_stm32f10x_cl.o(.text)
    SPI2_IRQHandler                          0x080002af   Thumb Code     0  startup_stm32f10x_cl.o(.text)
    SPI3_IRQHandler                          0x080002af   Thumb Code     0  startup_stm32f10x_cl.o(.text)
    TAMPER_IRQHandler                        0x080002af   Thumb Code     0  startup_stm32f10x_cl.o(.text)
    TIM1_BRK_IRQHandler                      0x080002af   Thumb Code     0  startup_stm32f10x_cl.o(.text)
    TIM1_CC_IRQHandler                       0x080002af   Thumb Code     0  startup_stm32f10x_cl.o(.text)
    TIM1_TRG_COM_IRQHandler                  0x080002af   Thumb Code     0  startup_stm32f10x_cl.o(.text)
    TIM1_UP_IRQHandler                       0x080002af   Thumb Code     0  startup_stm32f10x_cl.o(.text)
    TIM3_IRQHandler                          0x080002af   Thumb Code     0  startup_stm32f10x_cl.o(.text)
    TIM4_IRQHandler                          0x080002af   Thumb Code     0  startup_stm32f10x_cl.o(.text)
    TIM5_IRQHandler                          0x080002af   Thumb Code     0  startup_stm32f10x_cl.o(.text)
    TIM6_IRQHandler                          0x080002af   Thumb Code     0  startup_stm32f10x_cl.o(.text)
    TIM7_IRQHandler                          0x080002af   Thumb Code     0  startup_stm32f10x_cl.o(.text)
    USART3_IRQHandler                        0x080002af   Thumb Code     0  startup_stm32f10x_cl.o(.text)
    WWDG_IRQHandler                          0x080002af   Thumb Code     0  startup_stm32f10x_cl.o(.text)
    __user_initial_stackheap                 0x080002b1   Thumb Code     0  startup_stm32f10x_cl.o(.text)
    __use_no_semihosting                     0x080002d1   Thumb Code     2  use_no_semi_2.o(.text)
    __c89vsnprintf                           0x080002d5   Thumb Code    48  c89vsnprintf.o(.text)
    __2printf                                0x08000309   Thumb Code    20  __2printf.o(.text)
    __2sprintf                               0x08000321   Thumb Code    38  __2sprintf.o(.text)
    _printf_str                              0x0800034d   Thumb Code    82  _printf_str.o(.text)
    _printf_int_dec                          0x080003a1   Thumb Code   104  _printf_dec.o(.text)
    __printf                                 0x08000419   Thumb Code   388  __printf_flags_ss_wp.o(.text)
    strlen                                   0x080005a1   Thumb Code    62  strlen.o(.text)
    strncmp                                  0x080005df   Thumb Code   150  strncmp.o(.text)
    __aeabi_memcpy                           0x08000675   Thumb Code     0  rt_memcpy_v6.o(.text)
    __rt_memcpy                              0x08000675   Thumb Code   138  rt_memcpy_v6.o(.text)
    _memcpy_lastbytes                        0x080006db   Thumb Code     0  rt_memcpy_v6.o(.text)
    __aeabi_memclr                           0x080006ff   Thumb Code     0  rt_memclr.o(.text)
    __rt_memclr                              0x080006ff   Thumb Code    68  rt_memclr.o(.text)
    _memset                                  0x08000703   Thumb Code     0  rt_memclr.o(.text)
    __aeabi_memclr4                          0x08000743   Thumb Code     0  rt_memclr_w.o(.text)
    __aeabi_memclr8                          0x08000743   Thumb Code     0  rt_memclr_w.o(.text)
    __rt_memclr_w                            0x08000743   Thumb Code    78  rt_memclr_w.o(.text)
    _memset_w                                0x08000747   Thumb Code     0  rt_memclr_w.o(.text)
    strncpy                                  0x08000791   Thumb Code    86  strncpy.o(.text)
    __use_two_region_memory                  0x080007e7   Thumb Code     2  heapauxi.o(.text)
    __rt_heap_escrow$2region                 0x080007e9   Thumb Code     2  heapauxi.o(.text)
    __rt_heap_expand$2region                 0x080007eb   Thumb Code     2  heapauxi.o(.text)
    __I$use$semihosting                      0x080007ed   Thumb Code     0  use_no_semi.o(.text)
    __use_no_semihosting_swi                 0x080007ed   Thumb Code     2  use_no_semi.o(.text)
    _printf_pre_padding                      0x080007ef   Thumb Code    44  _printf_pad.o(.text)
    _printf_post_padding                     0x0800081b   Thumb Code    34  _printf_pad.o(.text)
    _printf_truncate_signed                  0x0800083d   Thumb Code    18  _printf_truncate.o(.text)
    _printf_truncate_unsigned                0x0800084f   Thumb Code    18  _printf_truncate.o(.text)
    _printf_int_common                       0x08000861   Thumb Code   178  _printf_intcommon.o(.text)
    _printf_charcount                        0x08000913   Thumb Code    40  _printf_charcount.o(.text)
    _printf_char_common                      0x08000947   Thumb Code    32  _printf_char_common.o(.text)
    _sputc                                   0x0800096d   Thumb Code    10  _sputc.o(.text)
    _snputc                                  0x08000977   Thumb Code    16  _snputc.o(.text)
    _printf_cs_common                        0x08000987   Thumb Code    20  _printf_char.o(.text)
    _printf_char                             0x0800099b   Thumb Code    16  _printf_char.o(.text)
    _printf_string                           0x080009ab   Thumb Code     8  _printf_char.o(.text)
    _printf_char_file                        0x080009b5   Thumb Code    32  _printf_char_file.o(.text)
    _printf_wctomb                           0x080009d9   Thumb Code   182  _printf_wctomb.o(.text)
    _printf_longlong_dec                     0x08000a95   Thumb Code   108  _printf_longlong_dec.o(.text)
    _printf_longlong_oct                     0x08000b11   Thumb Code    68  _printf_oct_int_ll.o(.text)
    _printf_int_oct                          0x08000b55   Thumb Code    24  _printf_oct_int_ll.o(.text)
    _printf_ll_oct                           0x08000b6d   Thumb Code    12  _printf_oct_int_ll.o(.text)
    _printf_longlong_hex                     0x08000b81   Thumb Code    86  _printf_hex_int_ll_ptr.o(.text)
    _printf_int_hex                          0x08000bd7   Thumb Code    28  _printf_hex_int_ll_ptr.o(.text)
    _printf_ll_hex                           0x08000bf3   Thumb Code    12  _printf_hex_int_ll_ptr.o(.text)
    _printf_hex_ptr                          0x08000bff   Thumb Code    18  _printf_hex_int_ll_ptr.o(.text)
    __aeabi_memcpy4                          0x08000c15   Thumb Code     0  rt_memcpy_w.o(.text)
    __aeabi_memcpy8                          0x08000c15   Thumb Code     0  rt_memcpy_w.o(.text)
    __rt_memcpy_w                            0x08000c15   Thumb Code   100  rt_memcpy_w.o(.text)
    _memcpy_lastbytes_aligned                0x08000c5d   Thumb Code     0  rt_memcpy_w.o(.text)
    _ll_udiv10                               0x08000c79   Thumb Code   138  lludiv10.o(.text)
    __lib_sel_fp_printf                      0x08000d03   Thumb Code     2  _printf_fp_dec.o(.text)
    _printf_fp_dec_real                      0x08000eb1   Thumb Code   620  _printf_fp_dec.o(.text)
    _printf_lcs_common                       0x0800111d   Thumb Code    20  _printf_wchar.o(.text)
    _printf_wchar                            0x08001131   Thumb Code    16  _printf_wchar.o(.text)
    _printf_wstring                          0x08001141   Thumb Code     8  _printf_wchar.o(.text)
    ferror                                   0x08001149   Thumb Code     8  ferror.o(.text)
    _wcrtomb                                 0x08001151   Thumb Code    64  _wcrtomb.o(.text)
    __user_setup_stackheap                   0x08001191   Thumb Code    74  sys_stackheap_outer.o(.text)
    __rt_ctype_table                         0x080011dd   Thumb Code    16  rt_ctype_table.o(.text)
    __rt_locale                              0x080011ed   Thumb Code     8  rt_locale_intlibspace.o(.text)
    _printf_fp_infnan                        0x080011f5   Thumb Code   112  _printf_fp_infnan.o(.text)
    _btod_etento                             0x08001275   Thumb Code   216  bigflt0.o(.text)
    exit                                     0x08001351   Thumb Code    18  exit.o(.text)
    __user_libspace                          0x08001365   Thumb Code     8  libspace.o(.text)
    __user_perproc_libspace                  0x08001365   Thumb Code     0  libspace.o(.text)
    __user_perthread_libspace                0x08001365   Thumb Code     0  libspace.o(.text)
    strcmp                                   0x0800136d   Thumb Code   128  strcmpv7m.o(.text)
    _btod_d2e                                0x080013ed   Thumb Code    62  btod.o(CL$$btod_d2e)
    _d2e_denorm_low                          0x0800142b   Thumb Code    70  btod.o(CL$$btod_d2e_denorm_low)
    _d2e_norm_op1                            0x08001471   Thumb Code    96  btod.o(CL$$btod_d2e_norm_op1)
    __btod_div_common                        0x080014d1   Thumb Code   696  btod.o(CL$$btod_div_common)
    _e2e                                     0x08001809   Thumb Code   198  btod.o(CL$$btod_e2e)
    _btod_ediv                               0x080018cf   Thumb Code    40  btod.o(CL$$btod_ediv)
    _btod_emul                               0x080018f7   Thumb Code    40  btod.o(CL$$btod_emul)
    __btod_mult_common                       0x0800191f   Thumb Code   580  btod.o(CL$$btod_mult_common)
    BusFault_Handler                         0x08001b63   Thumb Code     2  stm32f10x_it.o(i.BusFault_Handler)
    Check_TCP_Connect                        0x08001b65   Thumb Code    60  tcp_client.o(i.Check_TCP_Connect)
    DebugMon_Handler                         0x08001ba9   Thumb Code     2  stm32f10x_it.o(i.DebugMon_Handler)
    Delay_s                                  0x08001bab   Thumb Code     6  tcp_client.o(i.Delay_s)
    Display_Periodic_Handle                  0x08001bb1   Thumb Code    86  netconf.o(i.Display_Periodic_Handle)
    ETH_DMAClearITPendingBit                 0x08001c25   Thumb Code     6  stm32_eth.o(i.ETH_DMAClearITPendingBit)
    ETH_DMAITConfig                          0x08001c31   Thumb Code    18  stm32_eth.o(i.ETH_DMAITConfig)
    ETH_DMAReceptionCmd                      0x08001c49   Thumb Code    22  stm32_eth.o(i.ETH_DMAReceptionCmd)
    ETH_DMARxDescChainInit                   0x08001c65   Thumb Code    68  stm32_eth.o(i.ETH_DMARxDescChainInit)
    ETH_DMARxDescReceiveITConfig             0x08001cb1   Thumb Code    18  stm32_eth.o(i.ETH_DMARxDescReceiveITConfig)
    ETH_DMATransmissionCmd                   0x08001cc5   Thumb Code    22  stm32_eth.o(i.ETH_DMATransmissionCmd)
    ETH_DMATxDescChainInit                   0x08001ce1   Thumb Code    62  stm32_eth.o(i.ETH_DMATxDescChainInit)
    ETH_DMATxDescChecksumInsertionConfig     0x08001d29   Thumb Code     8  stm32_eth.o(i.ETH_DMATxDescChecksumInsertionConfig)
    ETH_DeInit                               0x08001d31   Thumb Code    24  stm32_eth.o(i.ETH_DeInit)
    ETH_FlushTransmitFIFO                    0x08001d5d   Thumb Code    12  stm32_eth.o(i.ETH_FlushTransmitFIFO)
    ETH_GetCurrentTxBuffer                   0x08001d6d   Thumb Code     8  ethernetif.o(i.ETH_GetCurrentTxBuffer)
    ETH_GetDMARxDescFrameLength              0x08001d79   Thumb Code     8  stm32_eth.o(i.ETH_GetDMARxDescFrameLength)
    ETH_GetRxPktSize                         0x08001d81   Thumb Code    30  stm32_eth.o(i.ETH_GetRxPktSize)
    ETH_GetSoftwareResetStatus               0x08001da5   Thumb Code    14  stm32_eth.o(i.ETH_GetSoftwareResetStatus)
    ETH_IRQHandler                           0x08001db9   Thumb Code    34  stm32f10x_it.o(i.ETH_IRQHandler)
    ETH_Init                                 0x08001ddd   Thumb Code   480  stm32_eth.o(i.ETH_Init)
    ETH_MACAddressConfig                     0x08001fe5   Thumb Code    22  stm32_eth.o(i.ETH_MACAddressConfig)
    ETH_MACReceptionCmd                      0x08002001   Thumb Code    22  stm32_eth.o(i.ETH_MACReceptionCmd)
    ETH_MACTransmissionCmd                   0x0800201d   Thumb Code    22  stm32_eth.o(i.ETH_MACTransmissionCmd)
    ETH_ReadPHYRegister                      0x08002039   Thumb Code    80  stm32_eth.o(i.ETH_ReadPHYRegister)
    ETH_RxPkt_ChainMode                      0x08002091   Thumb Code    72  ethernetif.o(i.ETH_RxPkt_ChainMode)
    ETH_SoftwareReset                        0x080020e1   Thumb Code    12  stm32_eth.o(i.ETH_SoftwareReset)
    ETH_Start                                0x080020f1   Thumb Code    34  stm32_eth.o(i.ETH_Start)
    ETH_StructInit                           0x08002113   Thumb Code   124  stm32_eth.o(i.ETH_StructInit)
    ETH_TxPkt_ChainMode                      0x08002191   Thumb Code    50  ethernetif.o(i.ETH_TxPkt_ChainMode)
    ETH_WritePHYRegister                     0x080021cd   Thumb Code    76  stm32_eth.o(i.ETH_WritePHYRegister)
    EXTI15_10_IRQHandler                     0x08002221   Thumb Code     2  stm32f10x_it.o(i.EXTI15_10_IRQHandler)
    Ethernet_Configuration                   0x08002225   Thumb Code   144  stm32f107.o(i.Ethernet_Configuration)
    GPIO_Configuration                       0x080022b9   Thumb Code   232  stm32f107.o(i.GPIO_Configuration)
    GPIO_ETH_MediaInterfaceConfig            0x080023b1   Thumb Code     8  stm32f10x_gpio.o(i.GPIO_ETH_MediaInterfaceConfig)
    GPIO_Init                                0x080023bd   Thumb Code   156  stm32f10x_gpio.o(i.GPIO_Init)
    GPIO_PinRemapConfig                      0x08002459   Thumb Code    66  stm32f10x_gpio.o(i.GPIO_PinRemapConfig)
    GPIO_SetBits                             0x080024a1   Thumb Code     4  stm32f10x_gpio.o(i.GPIO_SetBits)
    HardFault_Handler                        0x080024a5   Thumb Code     2  stm32f10x_it.o(i.HardFault_Handler)
    LED_Init1                                0x080024a9   Thumb Code    40  led.o(i.LED_Init1)
    LED_Init2                                0x080024d5   Thumb Code    38  led.o(i.LED_Init2)
    LED_Init3                                0x08002501   Thumb Code    38  led.o(i.LED_Init3)
    LwIP_Init                                0x0800252d   Thumb Code   114  netconf.o(i.LwIP_Init)
    LwIP_Periodic_Handle                     0x080025b5   Thumb Code    48  netconf.o(i.LwIP_Periodic_Handle)
    LwIP_Pkt_Handle                          0x080025e9   Thumb Code     6  netconf.o(i.LwIP_Pkt_Handle)
    MemManage_Handler                        0x080025f5   Thumb Code     2  stm32f10x_it.o(i.MemManage_Handler)
    My_IP4_ADDR                              0x080025f7   Thumb Code    26  netconf.o(i.My_IP4_ADDR)
    NMI_Handler                              0x08002611   Thumb Code     2  stm32f10x_it.o(i.NMI_Handler)
    NVIC_Configuration                       0x08002613   Thumb Code   176  stm32f107.o(i.NVIC_Configuration)
    NVIC_Init                                0x080026c5   Thumb Code    94  misc.o(i.NVIC_Init)
    NVIC_PriorityGroupConfig                 0x08002729   Thumb Code    10  misc.o(i.NVIC_PriorityGroupConfig)
    NVIC_SetVectorTable                      0x0800275d   Thumb Code    12  misc.o(i.NVIC_SetVectorTable)
    PendSV_Handler                           0x08002771   Thumb Code     2  stm32f10x_it.o(i.PendSV_Handler)
    RCC_AHBPeriphClockCmd                    0x08002775   Thumb Code    18  stm32f10x_rcc.o(i.RCC_AHBPeriphClockCmd)
    RCC_AHBPeriphResetCmd                    0x0800278d   Thumb Code    18  stm32f10x_rcc.o(i.RCC_AHBPeriphResetCmd)
    RCC_APB1PeriphClockCmd                   0x080027a5   Thumb Code    18  stm32f10x_rcc.o(i.RCC_APB1PeriphClockCmd)
    RCC_APB2PeriphClockCmd                   0x080027bd   Thumb Code    18  stm32f10x_rcc.o(i.RCC_APB2PeriphClockCmd)
    RCC_GetClocksFreq                        0x080027d5   Thumb Code   180  stm32f10x_rcc.o(i.RCC_GetClocksFreq)
    RCC_GetFlagStatus                        0x0800289d   Thumb Code    42  stm32f10x_rcc.o(i.RCC_GetFlagStatus)
    RCC_MCOConfig                            0x080028cd   Thumb Code     6  stm32f10x_rcc.o(i.RCC_MCOConfig)
    RCC_PLL3Cmd                              0x080028d9   Thumb Code     6  stm32f10x_rcc.o(i.RCC_PLL3Cmd)
    RCC_PLL3Config                           0x080028e5   Thumb Code    14  stm32f10x_rcc.o(i.RCC_PLL3Config)
    SVC_Handler                              0x080028f9   Thumb Code     2  stm32f10x_it.o(i.SVC_Handler)
    Set_MAC_Address                          0x080029cd   Thumb Code    34  ethernetif.o(i.Set_MAC_Address)
    SysTick_Handler                          0x080029f5   Thumb Code     4  stm32f10x_it.o(i.SysTick_Handler)
    SystemInit                               0x080029f9   Thumb Code    64  system_stm32f10x.o(i.SystemInit)
    System_Periodic_Handle                   0x08002a45   Thumb Code    20  main.o(i.System_Periodic_Handle)
    System_Setup                             0x08002a5d   Thumb Code   116  stm32f107.o(i.System_Setup)
    TCP_Client_Init                          0x08002ad1   Thumb Code    70  tcp_client.o(i.TCP_Client_Init)
    TCP_Client_Recv                          0x08002b25   Thumb Code   354  tcp_client.o(i.TCP_Client_Recv)
    TCP_Client_Send_Data                     0x08002ce5   Thumb Code    24  tcp_client.o(i.TCP_Client_Send_Data)
    TCP_Connected                            0x08002cfd   Thumb Code     4  tcp_client.o(i.TCP_Connected)
    TIM2_IRQHandler                          0x08002d01   Thumb Code    30  stm32f107.o(i.TIM2_IRQHandler)
    TIM_ClearITPendingBit                    0x08002d1f   Thumb Code     6  stm32f10x_tim.o(i.TIM_ClearITPendingBit)
    TIM_GetITStatus                          0x08002d25   Thumb Code    24  stm32f10x_tim.o(i.TIM_GetITStatus)
    Time_Update                              0x08002d3d   Thumb Code    10  main.o(i.Time_Update)
    UART4_IRQHandler                         0x08002d4d   Thumb Code    60  usart.o(i.UART4_IRQHandler)
    UART5_IRQHandler                         0x08002d91   Thumb Code   158  usart.o(i.UART5_IRQHandler)
    USART1_IRQHandler                        0x08002e59   Thumb Code    56  sci.o(i.USART1_IRQHandler)
    USART2_IRQHandler                        0x08002e95   Thumb Code    62  sci.o(i.USART2_IRQHandler)
    USART2_Init                              0x08002ed9   Thumb Code   176  usart.o(i.USART2_Init)
    USART2_printf                            0x08002f91   Thumb Code    72  usart.o(i.USART2_printf)
    USART4_Init                              0x08002fdd   Thumb Code   168  usart.o(i.USART4_Init)
    USART4_printf                            0x0800308d   Thumb Code    72  usart.o(i.USART4_printf)
    USART5_Init                              0x080030d9   Thumb Code   166  usart.o(i.USART5_Init)
    USART_ClearITPendingBit                  0x0800318d   Thumb Code    12  stm32f10x_usart.o(i.USART_ClearITPendingBit)
    USART_Cmd                                0x08003199   Thumb Code    20  stm32f10x_usart.o(i.USART_Cmd)
    USART_Configuration                      0x080031ad   Thumb Code   302  sci.o(i.USART_Configuration)
    USART_GetFlagStatus                      0x080032ed   Thumb Code    14  stm32f10x_usart.o(i.USART_GetFlagStatus)
    USART_GetITStatus                        0x080032fb   Thumb Code    62  stm32f10x_usart.o(i.USART_GetITStatus)
    USART_ITConfig                           0x08003339   Thumb Code    48  stm32f10x_usart.o(i.USART_ITConfig)
    USART_Init                               0x08003369   Thumb Code   134  stm32f10x_usart.o(i.USART_Init)
    USART_ReceiveData                        0x080033f5   Thumb Code     8  stm32f10x_usart.o(i.USART_ReceiveData)
    USART_SendData                           0x080033fd   Thumb Code     8  stm32f10x_usart.o(i.USART_SendData)
    UsageFault_Handler                       0x08003405   Thumb Code     2  stm32f10x_it.o(i.UsageFault_Handler)
    __ARM_fpclassify                         0x08003407   Thumb Code    40  fpclassify.o(i.__ARM_fpclassify)
    _is_digit                                0x0800342f   Thumb Code    14  __printf_wp.o(i._is_digit)
    _sys_exit                                0x0800343d   Thumb Code     2  usart.o(i._sys_exit)
    delay_ms                                 0x0800343f   Thumb Code    24  delay.o(i.delay_ms)
    delay_us                                 0x08003457   Thumb Code    32  delay.o(i.delay_us)
    etharp_arp_input                         0x08003477   Thumb Code   202  etharp.o(i.etharp_arp_input)
    etharp_ip_input                          0x08003541   Thumb Code    40  etharp.o(i.etharp_ip_input)
    etharp_output                            0x08003569   Thumb Code   178  etharp.o(i.etharp_output)
    etharp_query                             0x08003621   Thumb Code   256  etharp.o(i.etharp_query)
    etharp_request                           0x080037c5   Thumb Code    32  etharp.o(i.etharp_request)
    etharp_tmr                               0x08003821   Thumb Code    78  etharp.o(i.etharp_tmr)
    ethernet_input                           0x08003875   Thumb Code    84  etharp.o(i.ethernet_input)
    ethernetif_init                          0x080038c9   Thumb Code    56  ethernetif.o(i.ethernetif_init)
    ethernetif_input                         0x08003909   Thumb Code   116  ethernetif.o(i.ethernetif_input)
    fputc                                    0x08003abd   Thumb Code    14  usart.o(i.fputc)
    htonl                                    0x08003aef   Thumb Code     4  inet.o(i.htonl)
    htons                                    0x08003af3   Thumb Code     4  inet.o(i.htons)
    icmp_dest_unreach                        0x08003af7   Thumb Code     8  icmp.o(i.icmp_dest_unreach)
    icmp_input                               0x08003aff   Thumb Code   276  icmp.o(i.icmp_input)
    icmp_time_exceeded                       0x08003c79   Thumb Code     8  icmp.o(i.icmp_time_exceeded)
    inet_chksum                              0x08003c81   Thumb Code    12  inet_chksum.o(i.inet_chksum)
    inet_chksum_pbuf                         0x08003c8d   Thumb Code    72  inet_chksum.o(i.inet_chksum_pbuf)
    ip_addr_isbroadcast                      0x08003cd5   Thumb Code    48  ip_addr.o(i.ip_addr_isbroadcast)
    ip_frag                                  0x08003d05   Thumb Code   298  ip_frag.o(i.ip_frag)
    ip_input                                 0x08003e35   Thumb Code   348  ip.o(i.ip_input)
    ip_output                                0x08003f99   Thumb Code    52  ip.o(i.ip_output)
    ip_output_if                             0x08003fcd   Thumb Code   200  ip.o(i.ip_output_if)
    ip_reass                                 0x08004099   Thumb Code   428  ip_frag.o(i.ip_reass)
    ip_route                                 0x08004441   Thumb Code    62  ip.o(i.ip_route)
    main                                     0x08004579   Thumb Code   400  main.o(i.main)
    mem_free                                 0x0800472d   Thumb Code    40  mem.o(i.mem_free)
    mem_init                                 0x08004759   Thumb Code    44  mem.o(i.mem_init)
    mem_malloc                               0x0800478d   Thumb Code   162  mem.o(i.mem_malloc)
    mem_realloc                              0x08004835   Thumb Code   190  mem.o(i.mem_realloc)
    memp_free                                0x080048f9   Thumb Code    18  memp.o(i.memp_free)
    memp_init                                0x08004911   Thumb Code    78  memp.o(i.memp_init)
    memp_malloc                              0x08004969   Thumb Code    28  memp.o(i.memp_malloc)
    netif_add                                0x08004989   Thumb Code    68  netif.o(i.netif_add)
    netif_is_up                              0x080049d1   Thumb Code    10  netif.o(i.netif_is_up)
    netif_set_addr                           0x080049db   Thumb Code    32  netif.o(i.netif_set_addr)
    netif_set_default                        0x080049fd   Thumb Code     6  netif.o(i.netif_set_default)
    netif_set_gw                             0x08004a09   Thumb Code     8  netif.o(i.netif_set_gw)
    netif_set_ipaddr                         0x08004a11   Thumb Code    96  netif.o(i.netif_set_ipaddr)
    netif_set_netmask                        0x08004a79   Thumb Code     8  netif.o(i.netif_set_netmask)
    netif_set_up                             0x08004a81   Thumb Code    28  netif.o(i.netif_set_up)
    ntohl                                    0x08004a9d   Thumb Code     4  inet.o(i.ntohl)
    ntohs                                    0x08004aa1   Thumb Code     4  inet.o(i.ntohs)
    pbuf_alloc                               0x08004aa5   Thumb Code   268  pbuf.o(i.pbuf_alloc)
    pbuf_cat                                 0x08004bb1   Thumb Code    40  pbuf.o(i.pbuf_cat)
    pbuf_chain                               0x08004bd9   Thumb Code    18  pbuf.o(i.pbuf_chain)
    pbuf_clen                                0x08004beb   Thumb Code    18  pbuf.o(i.pbuf_clen)
    pbuf_copy                                0x08004bfd   Thumb Code   144  pbuf.o(i.pbuf_copy)
    pbuf_copy_partial                        0x08004c8d   Thumb Code   104  pbuf.o(i.pbuf_copy_partial)
    pbuf_free                                0x08004cf5   Thumb Code    68  pbuf.o(i.pbuf_free)
    pbuf_header                              0x08004d39   Thumb Code    96  pbuf.o(i.pbuf_header)
    pbuf_realloc                             0x08004d99   Thumb Code    78  pbuf.o(i.pbuf_realloc)
    pbuf_ref                                 0x08004de7   Thumb Code    12  pbuf.o(i.pbuf_ref)
    raw_input                                0x08004e49   Thumb Code   100  raw.o(i.raw_input)
    tcp_abandon                              0x08004eb1   Thumb Code   142  tcp.o(i.tcp_abandon)
    tcp_alloc                                0x08004f45   Thumb Code   248  tcp.o(i.tcp_alloc)
    tcp_bind                                 0x08005049   Thumb Code   182  tcp.o(i.tcp_bind)
    tcp_close                                0x08005105   Thumb Code   156  tcp.o(i.tcp_close)
    tcp_connect                              0x080051a5   Thumb Code   190  tcp.o(i.tcp_connect)
    tcp_eff_send_mss                         0x08005269   Thumb Code    32  tcp.o(i.tcp_eff_send_mss)
    tcp_enqueue                              0x08005289   Thumb Code   752  tcp_out.o(i.tcp_enqueue)
    tcp_fasttmr                              0x08005579   Thumb Code    84  tcp.o(i.tcp_fasttmr)
    tcp_input                                0x080055d1   Thumb Code   776  tcp_in.o(i.tcp_input)
    tcp_keepalive                            0x080058ed   Thumb Code    70  tcp_out.o(i.tcp_keepalive)
    tcp_new                                  0x08005a1d   Thumb Code     6  tcp.o(i.tcp_new)
    tcp_next_iss                             0x08005a85   Thumb Code    12  tcp.o(i.tcp_next_iss)
    tcp_output                               0x08005a95   Thumb Code   532  tcp_out.o(i.tcp_output)
    tcp_pcb_purge                            0x08005e55   Thumb Code    48  tcp.o(i.tcp_pcb_purge)
    tcp_pcb_remove                           0x08005e85   Thumb Code    90  tcp.o(i.tcp_pcb_remove)
    tcp_recv                                 0x08006693   Thumb Code     6  tcp.o(i.tcp_recv)
    tcp_recved                               0x080066b5   Thumb Code    60  tcp.o(i.tcp_recved)
    tcp_rexmit                               0x080066f1   Thumb Code    84  tcp_out.o(i.tcp_rexmit)
    tcp_rexmit_rto                           0x08006745   Thumb Code    46  tcp_out.o(i.tcp_rexmit_rto)
    tcp_rst                                  0x08006773   Thumb Code   152  tcp_out.o(i.tcp_rst)
    tcp_seg_free                             0x0800680b   Thumb Code    32  tcp.o(i.tcp_seg_free)
    tcp_segs_free                            0x0800682b   Thumb Code    26  tcp.o(i.tcp_segs_free)
    tcp_send_ctrl                            0x08006845   Thumb Code    22  tcp_out.o(i.tcp_send_ctrl)
    tcp_slowtmr                              0x0800685d   Thumb Code   512  tcp.o(i.tcp_slowtmr)
    tcp_tmr                                  0x08006a6d   Thumb Code    28  tcp.o(i.tcp_tmr)
    tcp_update_rcv_ann_wnd                   0x08006a8d   Thumb Code    42  tcp.o(i.tcp_update_rcv_ann_wnd)
    tcp_write                                0x08006ab7   Thumb Code    46  tcp_out.o(i.tcp_write)
    tcp_zero_window_probe                    0x08006ae5   Thumb Code    82  tcp_out.o(i.tcp_zero_window_probe)
    udp_input                                0x08006b39   Thumb Code   312  udp.o(i.udp_input)
    _get_lc_numeric                          0x08006d1d   Thumb Code    44  lc_numeric_c.o(locale$$code)
    _get_lc_ctype                            0x08006d49   Thumb Code    44  lc_ctype_c.o(locale$$code)
    _printf_fp_dec                           0x08006d75   Thumb Code     4  printf1.o(x$fpl$printf1)
    __I$use$fp                               0x08006d78   Number         0  usenofp.o(x$fpl$usenofp)
    tcp_persist_backoff                      0x08006d7c   Data           7  tcp.o(.constdata)
    tcp_backoff                              0x08006d83   Data          13  tcp.o(.constdata)
    ip_addr_any                              0x08006db4   Data           4  ip_addr.o(.constdata)
    ethbroadcast                             0x08006db8   Data           6  etharp.o(.constdata)
    ethzero                                  0x08006dbe   Data           6  etharp.o(.constdata)
    Region$$Table$$Base                      0x08006e9c   Number         0  anon$$obj.o(Region$$Table)
    Region$$Table$$Limit                     0x08006ebc   Number         0  anon$$obj.o(Region$$Table)
    __ctype                                  0x08006ee5   Data           0  lc_ctype_c.o(locale$$data)
    a                                        0x20000000   Data           1  main.o(.data)
    LocalTime                                0x20000004   Data           4  main.o(.data)
    timingdelay                              0x2000000c   Data           4  main.o(.data)
    TCPTimer                                 0x20000010   Data           4  netconf.o(.data)
    ARPTimer                                 0x20000014   Data           4  netconf.o(.data)
    DisplayTimer                             0x2000001c   Data           4  netconf.o(.data)
    connect_flag                             0x20000020   Data           1  tcp_client.o(.data)
    C                                        0x20000028   Data           8  tcp_client.o(.data)
    DMATxDescToSet                           0x20000044   Data           4  stm32_eth.o(.data)
    DMARxDescToGet                           0x20000048   Data           4  stm32_eth.o(.data)
    DMAPTPTxDescToSet                        0x2000004c   Data           4  stm32_eth.o(.data)
    DMAPTPRxDescToGet                        0x20000050   Data           4  stm32_eth.o(.data)
    MACaddr                                  0x20000054   Data           6  ethernetif.o(.data)
    tcp_ticks                                0x20000064   Data           4  tcp.o(.data)
    tcp_bound_pcbs                           0x20000068   Data           4  tcp.o(.data)
    tcp_listen_pcbs                          0x2000006c   Data           4  tcp.o(.data)
    tcp_active_pcbs                          0x20000070   Data           4  tcp.o(.data)
    tcp_tw_pcbs                              0x20000074   Data           4  tcp.o(.data)
    tcp_tmp_pcb                              0x20000078   Data           4  tcp.o(.data)
    tcp_input_pcb                            0x20000094   Data           4  tcp_in.o(.data)
    udp_pcbs                                 0x20000098   Data           4  udp.o(.data)
    netif_list                               0x200000b0   Data           4  netif.o(.data)
    netif_default                            0x200000b4   Data           4  netif.o(.data)
    __stdout                                 0x200000d4   Data           4  usart.o(.data)
    netif                                    0x200000d8   Data          48  netconf.o(.bss)
    member                                   0x20000108   Data         900  tcp_client.o(.bss)
    DMARxDscrTab                             0x2000048c   Data          64  ethernetif.o(.bss)
    DMATxDscrTab                             0x200004cc   Data          32  ethernetif.o(.bss)
    Rx_Buff                                  0x200004ec   Data        6080  ethernetif.o(.bss)
    Tx_Buff                                  0x20001cac   Data        3040  ethernetif.o(.bss)
    __libspace_start                         0x2000960c   Data          96  libspace.o(.bss)
    __temporary_stack_top$libspace           0x2000966c   Data           0  libspace.o(.bss)



==============================================================================

Memory Map of the image

  Image Entry point : 0x08000151

  Load Region LR_IROM1 (Base: 0x08000000, Size: 0x000070c0, Max: 0x00040000, ABSOLUTE)

    Execution Region ER_IROM1 (Base: 0x08000000, Size: 0x00006fe8, Max: 0x00040000, ABSOLUTE)

    Base Addr    Size         Type   Attr      Idx    E Section Name        Object

    0x08000000   0x00000150   Data   RO         4467    RESET               startup_stm32f10x_cl.o
    0x08000150   0x00000008   Code   RO         4673  * !!!main             c_w.l(__main.o)
    0x08000158   0x00000034   Code   RO         4963    !!!scatter          c_w.l(__scatter.o)
    0x0800018c   0x0000001a   Code   RO         4965    !!handler_copy      c_w.l(__scatter_copy.o)
    0x080001a6   0x00000002   PAD
    0x080001a8   0x0000001c   Code   RO         4967    !!handler_zi        c_w.l(__scatter_zi.o)
    0x080001c4   0x00000000   Code   RO         4658    .ARM.Collect$$_printf_percent$$00000000  c_w.l(_printf_percent.o)
    0x080001c4   0x00000006   Code   RO         4728    .ARM.Collect$$_printf_percent$$00000001  c_w.l(_printf_n.o)
    0x080001ca   0x00000006   Code   RO         4730    .ARM.Collect$$_printf_percent$$00000002  c_w.l(_printf_p.o)
    0x080001d0   0x00000006   Code   RO         4734    .ARM.Collect$$_printf_percent$$00000003  c_w.l(_printf_f.o)
    0x080001d6   0x00000006   Code   RO         4735    .ARM.Collect$$_printf_percent$$00000004  c_w.l(_printf_e.o)
    0x080001dc   0x00000006   Code   RO         4736    .ARM.Collect$$_printf_percent$$00000005  c_w.l(_printf_g.o)
    0x080001e2   0x00000006   Code   RO         4737    .ARM.Collect$$_printf_percent$$00000006  c_w.l(_printf_a.o)
    0x080001e8   0x0000000a   Code   RO         4742    .ARM.Collect$$_printf_percent$$00000007  c_w.l(_printf_ll.o)
    0x080001f2   0x00000006   Code   RO         4732    .ARM.Collect$$_printf_percent$$00000008  c_w.l(_printf_i.o)
    0x080001f8   0x00000006   Code   RO         4657    .ARM.Collect$$_printf_percent$$00000009  c_w.l(_printf_d.o)
    0x080001fe   0x00000006   Code   RO         4733    .ARM.Collect$$_printf_percent$$0000000A  c_w.l(_printf_u.o)
    0x08000204   0x00000006   Code   RO         4731    .ARM.Collect$$_printf_percent$$0000000B  c_w.l(_printf_o.o)
    0x0800020a   0x00000006   Code   RO         4729    .ARM.Collect$$_printf_percent$$0000000C  c_w.l(_printf_x.o)
    0x08000210   0x00000006   Code   RO         4739    .ARM.Collect$$_printf_percent$$0000000D  c_w.l(_printf_lli.o)
    0x08000216   0x00000006   Code   RO         4740    .ARM.Collect$$_printf_percent$$0000000E  c_w.l(_printf_lld.o)
    0x0800021c   0x00000006   Code   RO         4741    .ARM.Collect$$_printf_percent$$0000000F  c_w.l(_printf_llu.o)
    0x08000222   0x00000006   Code   RO         4746    .ARM.Collect$$_printf_percent$$00000010  c_w.l(_printf_llo.o)
    0x08000228   0x00000006   Code   RO         4747    .ARM.Collect$$_printf_percent$$00000011  c_w.l(_printf_llx.o)
    0x0800022e   0x0000000a   Code   RO         4743    .ARM.Collect$$_printf_percent$$00000012  c_w.l(_printf_l.o)
    0x08000238   0x00000006   Code   RO         4655    .ARM.Collect$$_printf_percent$$00000013  c_w.l(_printf_c.o)
    0x0800023e   0x00000006   Code   RO         4656    .ARM.Collect$$_printf_percent$$00000014  c_w.l(_printf_s.o)
    0x08000244   0x00000006   Code   RO         4744    .ARM.Collect$$_printf_percent$$00000015  c_w.l(_printf_lc.o)
    0x0800024a   0x00000006   Code   RO         4745    .ARM.Collect$$_printf_percent$$00000016  c_w.l(_printf_ls.o)
    0x08000250   0x00000004   Code   RO         4738    .ARM.Collect$$_printf_percent$$00000017  c_w.l(_printf_percent_end.o)
    0x08000254   0x00000002   Code   RO         4827    .ARM.Collect$$libinit$$00000000  c_w.l(libinit.o)
    0x08000256   0x00000000   Code   RO         4844    .ARM.Collect$$libinit$$00000002  c_w.l(libinit2.o)
    0x08000256   0x00000000   Code   RO         4846    .ARM.Collect$$libinit$$00000004  c_w.l(libinit2.o)
    0x08000256   0x00000000   Code   RO         4849    .ARM.Collect$$libinit$$0000000A  c_w.l(libinit2.o)
    0x08000256   0x00000000   Code   RO         4851    .ARM.Collect$$libinit$$0000000C  c_w.l(libinit2.o)
    0x08000256   0x00000000   Code   RO         4853    .ARM.Collect$$libinit$$0000000E  c_w.l(libinit2.o)
    0x08000256   0x00000006   Code   RO         4854    .ARM.Collect$$libinit$$0000000F  c_w.l(libinit2.o)
    0x0800025c   0x00000000   Code   RO         4856    .ARM.Collect$$libinit$$00000011  c_w.l(libinit2.o)
    0x0800025c   0x0000000c   Code   RO         4857    .ARM.Collect$$libinit$$00000012  c_w.l(libinit2.o)
    0x08000268   0x00000000   Code   RO         4858    .ARM.Collect$$libinit$$00000013  c_w.l(libinit2.o)
    0x08000268   0x00000000   Code   RO         4860    .ARM.Collect$$libinit$$00000015  c_w.l(libinit2.o)
    0x08000268   0x0000000a   Code   RO         4861    .ARM.Collect$$libinit$$00000016  c_w.l(libinit2.o)
    0x08000272   0x00000000   Code   RO         4862    .ARM.Collect$$libinit$$00000017  c_w.l(libinit2.o)
    0x08000272   0x00000000   Code   RO         4864    .ARM.Collect$$libinit$$00000019  c_w.l(libinit2.o)
    0x08000272   0x00000000   Code   RO         4866    .ARM.Collect$$libinit$$0000001B  c_w.l(libinit2.o)
    0x08000272   0x00000000   Code   RO         4868    .ARM.Collect$$libinit$$0000001D  c_w.l(libinit2.o)
    0x08000272   0x00000000   Code   RO         4870    .ARM.Collect$$libinit$$0000001F  c_w.l(libinit2.o)
    0x08000272   0x00000000   Code   RO         4872    .ARM.Collect$$libinit$$00000021  c_w.l(libinit2.o)
    0x08000272   0x00000000   Code   RO         4874    .ARM.Collect$$libinit$$00000023  c_w.l(libinit2.o)
    0x08000272   0x00000000   Code   RO         4876    .ARM.Collect$$libinit$$00000025  c_w.l(libinit2.o)
    0x08000272   0x00000000   Code   RO         4880    .ARM.Collect$$libinit$$0000002C  c_w.l(libinit2.o)
    0x08000272   0x00000000   Code   RO         4882    .ARM.Collect$$libinit$$0000002E  c_w.l(libinit2.o)
    0x08000272   0x00000000   Code   RO         4884    .ARM.Collect$$libinit$$00000030  c_w.l(libinit2.o)
    0x08000272   0x00000000   Code   RO         4886    .ARM.Collect$$libinit$$00000032  c_w.l(libinit2.o)
    0x08000272   0x00000002   Code   RO         4887    .ARM.Collect$$libinit$$00000033  c_w.l(libinit2.o)
    0x08000274   0x00000002   Code   RO         4905    .ARM.Collect$$libshutdown$$00000000  c_w.l(libshutdown.o)
    0x08000276   0x00000000   Code   RO         4915    .ARM.Collect$$libshutdown$$00000002  c_w.l(libshutdown2.o)
    0x08000276   0x00000000   Code   RO         4917    .ARM.Collect$$libshutdown$$00000004  c_w.l(libshutdown2.o)
    0x08000276   0x00000000   Code   RO         4920    .ARM.Collect$$libshutdown$$00000007  c_w.l(libshutdown2.o)
    0x08000276   0x00000000   Code   RO         4923    .ARM.Collect$$libshutdown$$0000000A  c_w.l(libshutdown2.o)
    0x08000276   0x00000000   Code   RO         4925    .ARM.Collect$$libshutdown$$0000000C  c_w.l(libshutdown2.o)
    0x08000276   0x00000000   Code   RO         4928    .ARM.Collect$$libshutdown$$0000000F  c_w.l(libshutdown2.o)
    0x08000276   0x00000002   Code   RO         4929    .ARM.Collect$$libshutdown$$00000010  c_w.l(libshutdown2.o)
    0x08000278   0x00000000   Code   RO         4677    .ARM.Collect$$rtentry$$00000000  c_w.l(__rtentry.o)
    0x08000278   0x00000000   Code   RO         4753    .ARM.Collect$$rtentry$$00000002  c_w.l(__rtentry2.o)
    0x08000278   0x00000006   Code   RO         4765    .ARM.Collect$$rtentry$$00000004  c_w.l(__rtentry4.o)
    0x0800027e   0x00000000   Code   RO         4755    .ARM.Collect$$rtentry$$00000009  c_w.l(__rtentry2.o)
    0x0800027e   0x00000004   Code   RO         4756    .ARM.Collect$$rtentry$$0000000A  c_w.l(__rtentry2.o)
    0x08000282   0x00000000   Code   RO         4758    .ARM.Collect$$rtentry$$0000000C  c_w.l(__rtentry2.o)
    0x08000282   0x00000008   Code   RO         4759    .ARM.Collect$$rtentry$$0000000D  c_w.l(__rtentry2.o)
    0x0800028a   0x00000002   Code   RO         4836    .ARM.Collect$$rtexit$$00000000  c_w.l(rtexit.o)
    0x0800028c   0x00000000   Code   RO         4889    .ARM.Collect$$rtexit$$00000002  c_w.l(rtexit2.o)
    0x0800028c   0x00000004   Code   RO         4890    .ARM.Collect$$rtexit$$00000003  c_w.l(rtexit2.o)
    0x08000290   0x00000006   Code   RO         4891    .ARM.Collect$$rtexit$$00000004  c_w.l(rtexit2.o)
    0x08000296   0x00000002   PAD
    0x08000298   0x00000038   Code   RO         4468    .text               startup_stm32f10x_cl.o
    0x080002d0   0x00000002   Code   RO         4617    .text               c_w.l(use_no_semi_2.o)
    0x080002d2   0x00000002   PAD
    0x080002d4   0x00000034   Code   RO         4619    .text               c_w.l(c89vsnprintf.o)
    0x08000308   0x00000018   Code   RO         4621    .text               c_w.l(__2printf.o)
    0x08000320   0x0000002c   Code   RO         4623    .text               c_w.l(__2sprintf.o)
    0x0800034c   0x00000052   Code   RO         4631    .text               c_w.l(_printf_str.o)
    0x0800039e   0x00000002   PAD
    0x080003a0   0x00000078   Code   RO         4633    .text               c_w.l(_printf_dec.o)
    0x08000418   0x00000188   Code   RO         4652    .text               c_w.l(__printf_flags_ss_wp.o)
    0x080005a0   0x0000003e   Code   RO         4659    .text               c_w.l(strlen.o)
    0x080005de   0x00000096   Code   RO         4661    .text               c_w.l(strncmp.o)
    0x08000674   0x0000008a   Code   RO         4663    .text               c_w.l(rt_memcpy_v6.o)
    0x080006fe   0x00000044   Code   RO         4665    .text               c_w.l(rt_memclr.o)
    0x08000742   0x0000004e   Code   RO         4667    .text               c_w.l(rt_memclr_w.o)
    0x08000790   0x00000056   Code   RO         4669    .text               c_w.l(strncpy.o)
    0x080007e6   0x00000006   Code   RO         4671    .text               c_w.l(heapauxi.o)
    0x080007ec   0x00000002   Code   RO         4675    .text               c_w.l(use_no_semi.o)
    0x080007ee   0x0000004e   Code   RO         4678    .text               c_w.l(_printf_pad.o)
    0x0800083c   0x00000024   Code   RO         4680    .text               c_w.l(_printf_truncate.o)
    0x08000860   0x000000b2   Code   RO         4682    .text               c_w.l(_printf_intcommon.o)
    0x08000912   0x00000028   Code   RO         4684    .text               c_w.l(_printf_charcount.o)
    0x0800093a   0x00000002   PAD
    0x0800093c   0x00000030   Code   RO         4686    .text               c_w.l(_printf_char_common.o)
    0x0800096c   0x0000000a   Code   RO         4688    .text               c_w.l(_sputc.o)
    0x08000976   0x00000010   Code   RO         4690    .text               c_w.l(_snputc.o)
    0x08000986   0x0000002c   Code   RO         4692    .text               c_w.l(_printf_char.o)
    0x080009b2   0x00000002   PAD
    0x080009b4   0x00000024   Code   RO         4694    .text               c_w.l(_printf_char_file.o)
    0x080009d8   0x000000bc   Code   RO         4696    .text               c_w.l(_printf_wctomb.o)
    0x08000a94   0x0000007c   Code   RO         4699    .text               c_w.l(_printf_longlong_dec.o)
    0x08000b10   0x00000070   Code   RO         4705    .text               c_w.l(_printf_oct_int_ll.o)
    0x08000b80   0x00000094   Code   RO         4725    .text               c_w.l(_printf_hex_int_ll_ptr.o)
    0x08000c14   0x00000064   Code   RO         4748    .text               c_w.l(rt_memcpy_w.o)
    0x08000c78   0x0000008a   Code   RO         4767    .text               c_w.l(lludiv10.o)
    0x08000d02   0x0000041a   Code   RO         4769    .text               c_w.l(_printf_fp_dec.o)
    0x0800111c   0x0000002c   Code   RO         4773    .text               c_w.l(_printf_wchar.o)
    0x08001148   0x00000008   Code   RO         4775    .text               c_w.l(ferror.o)
    0x08001150   0x00000040   Code   RO         4779    .text               c_w.l(_wcrtomb.o)
    0x08001190   0x0000004a   Code   RO         4781    .text               c_w.l(sys_stackheap_outer.o)
    0x080011da   0x00000002   PAD
    0x080011dc   0x00000010   Code   RO         4783    .text               c_w.l(rt_ctype_table.o)
    0x080011ec   0x00000008   Code   RO         4788    .text               c_w.l(rt_locale_intlibspace.o)
    0x080011f4   0x00000080   Code   RO         4790    .text               c_w.l(_printf_fp_infnan.o)
    0x08001274   0x000000dc   Code   RO         4792    .text               c_w.l(bigflt0.o)
    0x08001350   0x00000012   Code   RO         4820    .text               c_w.l(exit.o)
    0x08001362   0x00000002   PAD
    0x08001364   0x00000008   Code   RO         4833    .text               c_w.l(libspace.o)
    0x0800136c   0x00000080   Code   RO         4841    .text               c_w.l(strcmpv7m.o)
    0x080013ec   0x0000003e   Code   RO         4795    CL$$btod_d2e        c_w.l(btod.o)
    0x0800142a   0x00000046   Code   RO         4797    CL$$btod_d2e_denorm_low  c_w.l(btod.o)
    0x08001470   0x00000060   Code   RO         4796    CL$$btod_d2e_norm_op1  c_w.l(btod.o)
    0x080014d0   0x00000338   Code   RO         4805    CL$$btod_div_common  c_w.l(btod.o)
    0x08001808   0x000000c6   Code   RO         4802    CL$$btod_e2e        c_w.l(btod.o)
    0x080018ce   0x00000028   Code   RO         4799    CL$$btod_ediv       c_w.l(btod.o)
    0x080018f6   0x00000028   Code   RO         4798    CL$$btod_emul       c_w.l(btod.o)
    0x0800191e   0x00000244   Code   RO         4804    CL$$btod_mult_common  c_w.l(btod.o)
    0x08001b62   0x00000002   Code   RO            1    i.BusFault_Handler  stm32f10x_it.o
    0x08001b64   0x00000044   Code   RO          602    i.Check_TCP_Connect  tcp_client.o
    0x08001ba8   0x00000002   Code   RO            2    i.DebugMon_Handler  stm32f10x_it.o
    0x08001baa   0x00000006   Code   RO          603    i.Delay_s           tcp_client.o
    0x08001bb0   0x00000074   Code   RO          534    i.Display_Periodic_Handle  netconf.o
    0x08001c24   0x0000000c   Code   RO         2591    i.ETH_DMAClearITPendingBit  stm32_eth.o
    0x08001c30   0x00000018   Code   RO         2592    i.ETH_DMAITConfig   stm32_eth.o
    0x08001c48   0x0000001c   Code   RO         2595    i.ETH_DMAReceptionCmd  stm32_eth.o
    0x08001c64   0x0000004c   Code   RO         2596    i.ETH_DMARxDescChainInit  stm32_eth.o
    0x08001cb0   0x00000012   Code   RO         2598    i.ETH_DMARxDescReceiveITConfig  stm32_eth.o
    0x08001cc2   0x00000002   PAD
    0x08001cc4   0x0000001c   Code   RO         2601    i.ETH_DMATransmissionCmd  stm32_eth.o
    0x08001ce0   0x00000048   Code   RO         2604    i.ETH_DMATxDescChainInit  stm32_eth.o
    0x08001d28   0x00000008   Code   RO         2605    i.ETH_DMATxDescChecksumInsertionConfig  stm32_eth.o
    0x08001d30   0x00000018   Code   RO         2613    i.ETH_DeInit        stm32_eth.o
    0x08001d48   0x00000012   Code   RO         2614    i.ETH_Delay         stm32_eth.o
    0x08001d5a   0x00000002   PAD
    0x08001d5c   0x00000010   Code   RO         2619    i.ETH_FlushTransmitFIFO  stm32_eth.o
    0x08001d6c   0x0000000c   Code   RO         3192    i.ETH_GetCurrentTxBuffer  ethernetif.o
    0x08001d78   0x00000008   Code   RO         2630    i.ETH_GetDMARxDescFrameLength  stm32_eth.o
    0x08001d80   0x00000024   Code   RO         2645    i.ETH_GetRxPktSize  stm32_eth.o
    0x08001da4   0x00000014   Code   RO         2646    i.ETH_GetSoftwareResetStatus  stm32_eth.o
    0x08001db8   0x00000022   Code   RO            3    i.ETH_IRQHandler    stm32f10x_it.o
    0x08001dda   0x00000002   PAD
    0x08001ddc   0x00000208   Code   RO         2653    i.ETH_Init          stm32_eth.o
    0x08001fe4   0x0000001c   Code   RO         2656    i.ETH_MACAddressConfig  stm32_eth.o
    0x08002000   0x0000001c   Code   RO         2661    i.ETH_MACReceptionCmd  stm32_eth.o
    0x0800201c   0x0000001c   Code   RO         2662    i.ETH_MACTransmissionCmd  stm32_eth.o
    0x08002038   0x00000058   Code   RO         2673    i.ETH_ReadPHYRegister  stm32_eth.o
    0x08002090   0x00000050   Code   RO         3193    i.ETH_RxPkt_ChainMode  ethernetif.o
    0x080020e0   0x00000010   Code   RO         2684    i.ETH_SoftwareReset  stm32_eth.o
    0x080020f0   0x00000022   Code   RO         2685    i.ETH_Start         stm32_eth.o
    0x08002112   0x0000007c   Code   RO         2686    i.ETH_StructInit    stm32_eth.o
    0x0800218e   0x00000002   PAD
    0x08002190   0x0000003c   Code   RO         3194    i.ETH_TxPkt_ChainMode  ethernetif.o
    0x080021cc   0x00000054   Code   RO         2688    i.ETH_WritePHYRegister  stm32_eth.o
    0x08002220   0x00000002   Code   RO            4    i.EXTI15_10_IRQHandler  stm32f10x_it.o
    0x08002222   0x00000002   PAD
    0x08002224   0x00000094   Code   RO          426    i.Ethernet_Configuration  stm32f107.o
    0x080022b8   0x000000f8   Code   RO          427    i.GPIO_Configuration  stm32f107.o
    0x080023b0   0x0000000c   Code   RO          892    i.GPIO_ETH_MediaInterfaceConfig  stm32f10x_gpio.o
    0x080023bc   0x0000009c   Code   RO          896    i.GPIO_Init         stm32f10x_gpio.o
    0x08002458   0x00000048   Code   RO          898    i.GPIO_PinRemapConfig  stm32f10x_gpio.o
    0x080024a0   0x00000004   Code   RO          904    i.GPIO_SetBits      stm32f10x_gpio.o
    0x080024a4   0x00000002   Code   RO            5    i.HardFault_Handler  stm32f10x_it.o
    0x080024a6   0x00000002   PAD
    0x080024a8   0x0000002c   Code   RO         4472    i.LED_Init1         led.o
    0x080024d4   0x0000002c   Code   RO         4473    i.LED_Init2         led.o
    0x08002500   0x0000002c   Code   RO         4474    i.LED_Init3         led.o
    0x0800252c   0x00000088   Code   RO          535    i.LwIP_Init         netconf.o
    0x080025b4   0x00000034   Code   RO          536    i.LwIP_Periodic_Handle  netconf.o
    0x080025e8   0x0000000c   Code   RO          537    i.LwIP_Pkt_Handle   netconf.o
    0x080025f4   0x00000002   Code   RO            6    i.MemManage_Handler  stm32f10x_it.o
    0x080025f6   0x0000001a   Code   RO          538    i.My_IP4_ADDR       netconf.o
    0x08002610   0x00000002   Code   RO            7    i.NMI_Handler       stm32f10x_it.o
    0x08002612   0x000000b0   Code   RO          428    i.NVIC_Configuration  stm32f107.o
    0x080026c2   0x00000002   PAD
    0x080026c4   0x00000064   Code   RO         1600    i.NVIC_Init         misc.o
    0x08002728   0x00000014   Code   RO         1601    i.NVIC_PriorityGroupConfig  misc.o
    0x0800273c   0x00000020   Code   RO          429    i.NVIC_SetPriority  stm32f107.o
    0x0800275c   0x00000014   Code   RO         1602    i.NVIC_SetVectorTable  misc.o
    0x08002770   0x00000002   Code   RO            8    i.PendSV_Handler    stm32f10x_it.o
    0x08002772   0x00000002   PAD
    0x08002774   0x00000018   Code   RO         1005    i.RCC_AHBPeriphClockCmd  stm32f10x_rcc.o
    0x0800278c   0x00000018   Code   RO         1006    i.RCC_AHBPeriphResetCmd  stm32f10x_rcc.o
    0x080027a4   0x00000018   Code   RO         1007    i.RCC_APB1PeriphClockCmd  stm32f10x_rcc.o
    0x080027bc   0x00000018   Code   RO         1009    i.RCC_APB2PeriphClockCmd  stm32f10x_rcc.o
    0x080027d4   0x000000c8   Code   RO         1017    i.RCC_GetClocksFreq  stm32f10x_rcc.o
    0x0800289c   0x00000030   Code   RO         1018    i.RCC_GetFlagStatus  stm32f10x_rcc.o
    0x080028cc   0x0000000c   Code   RO         1029    i.RCC_MCOConfig     stm32f10x_rcc.o
    0x080028d8   0x0000000c   Code   RO         1035    i.RCC_PLL3Cmd       stm32f10x_rcc.o
    0x080028e4   0x00000014   Code   RO         1036    i.RCC_PLL3Config    stm32f10x_rcc.o
    0x080028f8   0x00000002   Code   RO            9    i.SVC_Handler       stm32f10x_it.o
    0x080028fa   0x00000002   PAD
    0x080028fc   0x000000d0   Code   RO         4427    i.SetSysClockTo72   system_stm32f10x.o
    0x080029cc   0x00000028   Code   RO         3195    i.Set_MAC_Address   ethernetif.o
    0x080029f4   0x00000004   Code   RO           10    i.SysTick_Handler   stm32f10x_it.o
    0x080029f8   0x0000004c   Code   RO         4428    i.SystemInit        system_stm32f10x.o
    0x08002a44   0x00000018   Code   RO          223    i.System_Periodic_Handle  main.o
    0x08002a5c   0x00000074   Code   RO          430    i.System_Setup      stm32f107.o
    0x08002ad0   0x00000054   Code   RO          604    i.TCP_Client_Init   tcp_client.o
    0x08002b24   0x000001c0   Code   RO          605    i.TCP_Client_Recv   tcp_client.o
    0x08002ce4   0x00000018   Code   RO          606    i.TCP_Client_Send_Data  tcp_client.o
    0x08002cfc   0x00000004   Code   RO          607    i.TCP_Connected     tcp_client.o
    0x08002d00   0x0000001e   Code   RO          431    i.TIM2_IRQHandler   stm32f107.o
    0x08002d1e   0x00000006   Code   RO         1867    i.TIM_ClearITPendingBit  stm32f10x_tim.o
    0x08002d24   0x00000018   Code   RO         1893    i.TIM_GetITStatus   stm32f10x_tim.o
    0x08002d3c   0x00000010   Code   RO          224    i.Time_Update       main.o
    0x08002d4c   0x00000044   Code   RO         4522    i.UART4_IRQHandler  usart.o
    0x08002d90   0x000000c8   Code   RO         4523    i.UART5_IRQHandler  usart.o
    0x08002e58   0x0000003c   Code   RO          695    i.USART1_IRQHandler  sci.o
    0x08002e94   0x00000044   Code   RO          696    i.USART2_IRQHandler  sci.o
    0x08002ed8   0x000000b8   Code   RO         4524    i.USART2_Init       usart.o
    0x08002f90   0x0000004c   Code   RO         4525    i.USART2_printf     usart.o
    0x08002fdc   0x000000b0   Code   RO         4526    i.USART4_Init       usart.o
    0x0800308c   0x0000004c   Code   RO         4527    i.USART4_printf     usart.o
    0x080030d8   0x000000b4   Code   RO         4528    i.USART5_Init       usart.o
    0x0800318c   0x0000000c   Code   RO          723    i.USART_ClearITPendingBit  stm32f10x_usart.o
    0x08003198   0x00000014   Code   RO          726    i.USART_Cmd         stm32f10x_usart.o
    0x080031ac   0x00000140   Code   RO          697    i.USART_Configuration  sci.o
    0x080032ec   0x0000000e   Code   RO          729    i.USART_GetFlagStatus  stm32f10x_usart.o
    0x080032fa   0x0000003e   Code   RO          730    i.USART_GetITStatus  stm32f10x_usart.o
    0x08003338   0x00000030   Code   RO          732    i.USART_ITConfig    stm32f10x_usart.o
    0x08003368   0x0000008c   Code   RO          733    i.USART_Init        stm32f10x_usart.o
    0x080033f4   0x00000008   Code   RO          738    i.USART_ReceiveData  stm32f10x_usart.o
    0x080033fc   0x00000008   Code   RO          741    i.USART_SendData    stm32f10x_usart.o
    0x08003404   0x00000002   Code   RO           11    i.UsageFault_Handler  stm32f10x_it.o
    0x08003406   0x00000028   Code   RO         4831    i.__ARM_fpclassify  m_ws.l(fpclassify.o)
    0x0800342e   0x0000000e   Code   RO         4645    i._is_digit         c_w.l(__printf_wp.o)
    0x0800343c   0x00000002   Code   RO         4530    i._sys_exit         usart.o
    0x0800343e   0x00000018   Code   RO         4499    i.delay_ms          delay.o
    0x08003456   0x00000020   Code   RO         4501    i.delay_us          delay.o
    0x08003476   0x000000ca   Code   RO         4341    i.etharp_arp_input  etharp.o
    0x08003540   0x00000028   Code   RO         4343    i.etharp_ip_input   etharp.o
    0x08003568   0x000000b8   Code   RO         4344    i.etharp_output     etharp.o
    0x08003620   0x00000104   Code   RO         4345    i.etharp_query      etharp.o
    0x08003724   0x0000009e   Code   RO         4346    i.etharp_raw        etharp.o
    0x080037c2   0x00000002   PAD
    0x080037c4   0x00000024   Code   RO         4347    i.etharp_request    etharp.o
    0x080037e8   0x00000036   Code   RO         4348    i.etharp_send_ip    etharp.o
    0x0800381e   0x00000002   PAD
    0x08003820   0x00000054   Code   RO         4349    i.etharp_tmr        etharp.o
    0x08003874   0x00000054   Code   RO         4350    i.ethernet_input    etharp.o
    0x080038c8   0x00000040   Code   RO         3196    i.ethernetif_init   ethernetif.o
    0x08003908   0x00000078   Code   RO         3197    i.ethernetif_input  ethernetif.o
    0x08003980   0x0000013c   Code   RO         4351    i.find_entry        etharp.o
    0x08003abc   0x00000014   Code   RO         4531    i.fputc             usart.o
    0x08003ad0   0x0000001e   Code   RO         4352    i.free_etharp_q     etharp.o
    0x08003aee   0x00000004   Code   RO         4143    i.htonl             inet.o
    0x08003af2   0x00000004   Code   RO         4144    i.htons             inet.o
    0x08003af6   0x00000008   Code   RO         4108    i.icmp_dest_unreach  icmp.o
    0x08003afe   0x00000114   Code   RO         4109    i.icmp_input        icmp.o
    0x08003c12   0x00000066   Code   RO         4110    i.icmp_send_response  icmp.o
    0x08003c78   0x00000008   Code   RO         4111    i.icmp_time_exceeded  icmp.o
    0x08003c80   0x0000000c   Code   RO         4191    i.inet_chksum       inet_chksum.o
    0x08003c8c   0x00000048   Code   RO         4192    i.inet_chksum_pbuf  inet_chksum.o
    0x08003cd4   0x00000030   Code   RO         4271    i.ip_addr_isbroadcast  ip_addr.o
    0x08003d04   0x00000130   Code   RO         4294    i.ip_frag           ip_frag.o
    0x08003e34   0x00000164   Code   RO         4229    i.ip_input          ip.o
    0x08003f98   0x00000034   Code   RO         4230    i.ip_output         ip.o
    0x08003fcc   0x000000cc   Code   RO         4231    i.ip_output_if      ip.o
    0x08004098   0x000001b0   Code   RO         4295    i.ip_reass          ip_frag.o
    0x08004248   0x000000f0   Code   RO         4296    i.ip_reass_chain_frag_into_datagram_and_validate  ip_frag.o
    0x08004338   0x00000024   Code   RO         4297    i.ip_reass_dequeue_datagram  ip_frag.o
    0x0800435c   0x00000070   Code   RO         4298    i.ip_reass_free_complete_datagram  ip_frag.o
    0x080043cc   0x00000074   Code   RO         4299    i.ip_reass_remove_oldest_datagram  ip_frag.o
    0x08004440   0x00000048   Code   RO         4232    i.ip_route          ip.o
    0x08004488   0x00000088   Code   RO         3198    i.low_level_init    ethernetif.o
    0x08004510   0x0000002c   Code   RO         3199    i.low_level_output  ethernetif.o
    0x0800453c   0x0000003c   Code   RO         4194    i.lwip_standard_chksum  inet_chksum.o
    0x08004578   0x000001b4   Code   RO          225    i.main              main.o
    0x0800472c   0x0000002c   Code   RO         3802    i.mem_free          mem.o
    0x08004758   0x00000034   Code   RO         3803    i.mem_init          mem.o
    0x0800478c   0x000000a8   Code   RO         3804    i.mem_malloc        mem.o
    0x08004834   0x000000c4   Code   RO         3805    i.mem_realloc       mem.o
    0x080048f8   0x00000018   Code   RO         3845    i.memp_free         memp.o
    0x08004910   0x00000058   Code   RO         3846    i.memp_init         memp.o
    0x08004968   0x00000020   Code   RO         3847    i.memp_malloc       memp.o
    0x08004988   0x00000048   Code   RO         3887    i.netif_add         netif.o
    0x080049d0   0x0000000a   Code   RO         3889    i.netif_is_up       netif.o
    0x080049da   0x00000020   Code   RO         3891    i.netif_set_addr    netif.o
    0x080049fa   0x00000002   PAD
    0x080049fc   0x0000000c   Code   RO         3892    i.netif_set_default  netif.o
    0x08004a08   0x00000008   Code   RO         3894    i.netif_set_gw      netif.o
    0x08004a10   0x00000068   Code   RO         3895    i.netif_set_ipaddr  netif.o
    0x08004a78   0x00000008   Code   RO         3896    i.netif_set_netmask  netif.o
    0x08004a80   0x0000001c   Code   RO         3897    i.netif_set_up      netif.o
    0x08004a9c   0x00000004   Code   RO         4148    i.ntohl             inet.o
    0x08004aa0   0x00000004   Code   RO         4149    i.ntohs             inet.o
    0x08004aa4   0x0000010c   Code   RO         3962    i.pbuf_alloc        pbuf.o
    0x08004bb0   0x00000028   Code   RO         3963    i.pbuf_cat          pbuf.o
    0x08004bd8   0x00000012   Code   RO         3964    i.pbuf_chain        pbuf.o
    0x08004bea   0x00000012   Code   RO         3965    i.pbuf_clen         pbuf.o
    0x08004bfc   0x00000090   Code   RO         3967    i.pbuf_copy         pbuf.o
    0x08004c8c   0x00000068   Code   RO         3968    i.pbuf_copy_partial  pbuf.o
    0x08004cf4   0x00000044   Code   RO         3970    i.pbuf_free         pbuf.o
    0x08004d38   0x00000060   Code   RO         3971    i.pbuf_header       pbuf.o
    0x08004d98   0x0000004e   Code   RO         3972    i.pbuf_realloc      pbuf.o
    0x08004de6   0x0000000c   Code   RO         3973    i.pbuf_ref          pbuf.o
    0x08004df2   0x00000002   PAD
    0x08004df4   0x00000054   Code   RO         3806    i.plug_holes        mem.o
    0x08004e48   0x00000068   Code   RO         4048    i.raw_input         raw.o
    0x08004eb0   0x00000094   Code   RO         3339    i.tcp_abandon       tcp.o
    0x08004f44   0x00000104   Code   RO         3342    i.tcp_alloc         tcp.o
    0x08005048   0x000000bc   Code   RO         3344    i.tcp_bind          tcp.o
    0x08005104   0x000000a0   Code   RO         3345    i.tcp_close         tcp.o
    0x080051a4   0x000000c4   Code   RO         3346    i.tcp_connect       tcp.o
    0x08005268   0x00000020   Code   RO         3347    i.tcp_eff_send_mss  tcp.o
    0x08005288   0x000002f0   Code   RO         3606    i.tcp_enqueue       tcp_out.o
    0x08005578   0x00000058   Code   RO         3349    i.tcp_fasttmr       tcp.o
    0x080055d0   0x0000031c   Code   RO         3557    i.tcp_input         tcp_in.o
    0x080058ec   0x00000046   Code   RO         3607    i.tcp_keepalive     tcp_out.o
    0x08005932   0x00000002   PAD
    0x08005934   0x000000e8   Code   RO         3558    i.tcp_listen_input  tcp_in.o
    0x08005a1c   0x00000006   Code   RO         3351    i.tcp_new           tcp.o
    0x08005a22   0x00000002   PAD
    0x08005a24   0x00000060   Code   RO         3352    i.tcp_new_port      tcp.o
    0x08005a84   0x00000010   Code   RO         3353    i.tcp_next_iss      tcp.o
    0x08005a94   0x00000218   Code   RO         3608    i.tcp_output        tcp_out.o
    0x08005cac   0x000000b0   Code   RO         3609    i.tcp_output_segment  tcp_out.o
    0x08005d5c   0x00000078   Code   RO         3610    i.tcp_output_set_header  tcp_out.o
    0x08005dd4   0x00000080   Code   RO         3559    i.tcp_parseopt      tcp_in.o
    0x08005e54   0x00000030   Code   RO         3354    i.tcp_pcb_purge     tcp.o
    0x08005e84   0x00000060   Code   RO         3355    i.tcp_pcb_remove    tcp.o
    0x08005ee4   0x00000344   Code   RO         3560    i.tcp_process       tcp_in.o
    0x08006228   0x0000046a   Code   RO         3561    i.tcp_receive       tcp_in.o
    0x08006692   0x00000006   Code   RO         3357    i.tcp_recv          tcp.o
    0x08006698   0x0000001c   Code   RO         3358    i.tcp_recv_null     tcp.o
    0x080066b4   0x0000003c   Code   RO         3359    i.tcp_recved        tcp.o
    0x080066f0   0x00000054   Code   RO         3611    i.tcp_rexmit        tcp_out.o
    0x08006744   0x0000002e   Code   RO         3612    i.tcp_rexmit_rto    tcp_out.o
    0x08006772   0x00000098   Code   RO         3613    i.tcp_rst           tcp_out.o
    0x0800680a   0x00000020   Code   RO         3360    i.tcp_seg_free      tcp.o
    0x0800682a   0x0000001a   Code   RO         3361    i.tcp_segs_free     tcp.o
    0x08006844   0x00000016   Code   RO         3614    i.tcp_send_ctrl     tcp_out.o
    0x0800685a   0x00000002   PAD
    0x0800685c   0x00000210   Code   RO         3364    i.tcp_slowtmr       tcp.o
    0x08006a6c   0x00000020   Code   RO         3365    i.tcp_tmr           tcp.o
    0x08006a8c   0x0000002a   Code   RO         3366    i.tcp_update_rcv_ann_wnd  tcp.o
    0x08006ab6   0x0000002e   Code   RO         3615    i.tcp_write         tcp_out.o
    0x08006ae4   0x00000052   Code   RO         3616    i.tcp_zero_window_probe  tcp_out.o
    0x08006b36   0x00000002   PAD
    0x08006b38   0x0000013c   Code   RO         3683    i.udp_input         udp.o
    0x08006c74   0x000000a8   Code   RO         4353    i.update_arp_entry  etharp.o
    0x08006d1c   0x0000002c   Code   RO         4818    locale$$code        c_w.l(lc_numeric_c.o)
    0x08006d48   0x0000002c   Code   RO         4839    locale$$code        c_w.l(lc_ctype_c.o)
    0x08006d74   0x00000004   Code   RO         4750    x$fpl$printf1       fz_ws.l(printf1.o)
    0x08006d78   0x00000000   Code   RO         4830    x$fpl$usenofp       fz_ws.l(usenofp.o)
    0x08006d78   0x00000004   Data   RO          226    .constdata          main.o
    0x08006d7c   0x00000014   Data   RO         3367    .constdata          tcp.o
    0x08006d90   0x00000024   Data   RO         3849    .constdata          memp.o
    0x08006db4   0x00000004   Data   RO         4272    .constdata          ip_addr.o
    0x08006db8   0x0000000c   Data   RO         4355    .constdata          etharp.o
    0x08006dc4   0x00000011   Data   RO         4653    .constdata          c_w.l(__printf_flags_ss_wp.o)
    0x08006dd5   0x00000003   PAD
    0x08006dd8   0x00000008   Data   RO         4697    .constdata          c_w.l(_printf_wctomb.o)
    0x08006de0   0x00000028   Data   RO         4726    .constdata          c_w.l(_printf_hex_int_ll_ptr.o)
    0x08006e08   0x00000094   Data   RO         4793    .constdata          c_w.l(bigflt0.o)
    0x08006e9c   0x00000020   Data   RO         4961    Region$$Table       anon$$obj.o
    0x08006ebc   0x0000001c   Data   RO         4817    locale$$data        c_w.l(lc_numeric_c.o)
    0x08006ed8   0x00000110   Data   RO         4838    locale$$data        c_w.l(lc_ctype_c.o)


    Execution Region RW_IRAM1 (Base: 0x20000000, Size: 0x00009c70, Max: 0x00010000, ABSOLUTE)

    Base Addr    Size         Type   Attr      Idx    E Section Name        Object

    0x20000000   0x00000010   Data   RW          227    .data               main.o
    0x20000010   0x00000010   Data   RW          540    .data               netconf.o
    0x20000020   0x00000010   Data   RW          610    .data               tcp_client.o
    0x20000030   0x00000014   Data   RW         1045    .data               stm32f10x_rcc.o
    0x20000044   0x00000010   Data   RW         2689    .data               stm32_eth.o
    0x20000054   0x00000006   Data   RW         3204    .data               ethernetif.o
    0x2000005a   0x00000002   PAD
    0x2000005c   0x00000020   Data   RW         3368    .data               tcp.o
    0x2000007c   0x0000001c   Data   RW         3563    .data               tcp_in.o
    0x20000098   0x00000004   Data   RW         3690    .data               udp.o
    0x2000009c   0x00000010   Data   RW         3808    .data               mem.o
    0x200000ac   0x0000000c   Data   RW         3898    .data               netif.o
    0x200000b8   0x00000004   Data   RW         4054    .data               raw.o
    0x200000bc   0x0000000c   Data   RW         4233    .data               ip.o
    0x200000c8   0x00000008   Data   RW         4302    .data               ip_frag.o
    0x200000d0   0x00000001   Data   RW         4356    .data               etharp.o
    0x200000d1   0x00000003   PAD
    0x200000d4   0x00000004   Data   RW         4538    .data               usart.o
    0x200000d8   0x00000030   Zero   RW          539    .bss                netconf.o
    0x20000108   0x00000384   Zero   RW          609    .bss                tcp_client.o
    0x2000048c   0x00002400   Zero   RW         3200    .bss                ethernetif.o
    0x2000288c   0x00000014   Zero   RW         3562    .bss                tcp_in.o
    0x200028a0   0x00002014   Zero   RW         3807    .bss                mem.o
    0x200048b4   0x000046af   Zero   RW         3848    .bss                memp.o
    0x20008f63   0x000005e0   Zero   RW         4301    .bss                ip_frag.o
    0x20009543   0x00000001   PAD
    0x20009544   0x000000c8   Zero   RW         4354    .bss                etharp.o
    0x2000960c   0x00000060   Zero   RW         4834    .bss                c_w.l(libspace.o)
    0x2000966c   0x00000004   PAD
    0x20009670   0x00000200   Zero   RW         4466    HEAP                startup_stm32f10x_cl.o
    0x20009870   0x00000400   Zero   RW         4465    STACK               startup_stm32f10x_cl.o


==============================================================================

Image component sizes


      Code (inc. data)   RO Data    RW Data    ZI Data      Debug   Object Name

         0          0          0          0          0         32   core_cm3.o
        56          0          0          0          0       1344   delay.o
         0          0          0          0          0        656   err.o
      1616         34         12          1        200      13540   etharp.o
       556         52          0          6       9216       7594   ethernetif.o
       394          0          0          0          0       3586   icmp.o
        16          0          0          0          0       3006   inet.o
       144          0          0          0          0       5741   inet_chksum.o
         0          0          0          0          0        696   init.o
       684         22          0         12          0       4941   ip.o
        48          0          4          0          0       5521   ip_addr.o
      1240         34          0          8       1504       7749   ip_frag.o
       132         16          0          0          0       1512   led.o
       476         46          4         16          0     231999   main.o
       544         30          0         16       8212       5093   mem.o
       144         20         36          0      18095       3950   memp.o
       140         24          0          0          0       2345   misc.o
       342         62          0         16         48       5438   netconf.o
       274         18          0         12          0       7237   netif.o
       846          0          0          0          0       8593   pbuf.o
       104          4          0          4          0       1712   raw.o
       448         28          0          0          0       6654   sci.o
        56         22        336          0       1536        872   startup_stm32f10x_cl.o
      1338        136          0         16          0      16244   stm32_eth.o
       750         20          0          0          0     302568   stm32f107.o
       244         10          0          0          0       4245   stm32f10x_gpio.o
        56          0          0          0          0     289271   stm32f10x_it.o
       388         68          0         20          0       9453   stm32f10x_rcc.o
        30          0          0          0          0       5373   stm32f10x_tim.o
       312          6          0          0          0       7339   stm32f10x_usart.o
       284         30          0          0          0       1677   system_stm32f10x.o
      2088         80         20         32          0      34546   tcp.o
       634        116          0         16        900       4955   tcp_client.o
      3122         76          0         28         20      14776   tcp_in.o
      2086         12          0          0          0      18121   tcp_out.o
         0          0          0          0          0        708   tcpip.o
       316          4          0          4          0       3420   udp.o
       982         94          0          4          0       8939   usart.o

    ----------------------------------------------------------------------
     20924       1064        444        216      39732    1051446   Object Totals
         0          0         32          0          0          0   (incl. Generated)
        34          0          0          5          1          0   (incl. Padding)

    ----------------------------------------------------------------------

      Code (inc. data)   RO Data    RW Data    ZI Data      Debug   Library Member Name

        24          4          0          0          0         84   __2printf.o
        44          6          0          0          0         84   __2sprintf.o
         8          0          0          0          0         68   __main.o
       392          4         17          0          0         92   __printf_flags_ss_wp.o
        14          0          0          0          0         68   __printf_wp.o
         0          0          0          0          0          0   __rtentry.o
        12          0          0          0          0          0   __rtentry2.o
         6          0          0          0          0          0   __rtentry4.o
        52          8          0          0          0          0   __scatter.o
        26          0          0          0          0          0   __scatter_copy.o
        28          0          0          0          0          0   __scatter_zi.o
         6          0          0          0          0          0   _printf_a.o
         6          0          0          0          0          0   _printf_c.o
        44          0          0          0          0        108   _printf_char.o
        48          6          0          0          0         96   _printf_char_common.o
        36          4          0          0          0         80   _printf_char_file.o
        40          0          0          0          0         68   _printf_charcount.o
         6          0          0          0          0          0   _printf_d.o
       120         16          0          0          0         92   _printf_dec.o
         6          0          0          0          0          0   _printf_e.o
         6          0          0          0          0          0   _printf_f.o
      1050          0          0          0          0        216   _printf_fp_dec.o
       128         16          0          0          0         84   _printf_fp_infnan.o
         6          0          0          0          0          0   _printf_g.o
       148          4         40          0          0        160   _printf_hex_int_ll_ptr.o
         6          0          0          0          0          0   _printf_i.o
       178          0          0          0          0         88   _printf_intcommon.o
        10          0          0          0          0          0   _printf_l.o
         6          0          0          0          0          0   _printf_lc.o
        10          0          0          0          0          0   _printf_ll.o
         6          0          0          0          0          0   _printf_lld.o
         6          0          0          0          0          0   _printf_lli.o
         6          0          0          0          0          0   _printf_llo.o
         6          0          0          0          0          0   _printf_llu.o
         6          0          0          0          0          0   _printf_llx.o
       124         16          0          0          0         92   _printf_longlong_dec.o
         6          0          0          0          0          0   _printf_ls.o
         6          0          0          0          0          0   _printf_n.o
         6          0          0          0          0          0   _printf_o.o
       112          8          0          0          0        124   _printf_oct_int_ll.o
         6          0          0          0          0          0   _printf_p.o
        78          0          0          0          0        108   _printf_pad.o
         0          0          0          0          0          0   _printf_percent.o
         4          0          0          0          0          0   _printf_percent_end.o
         6          0          0          0          0          0   _printf_s.o
        82          0          0          0          0         80   _printf_str.o
        36          0          0          0          0         84   _printf_truncate.o
         6          0          0          0          0          0   _printf_u.o
        44          0          0          0          0        108   _printf_wchar.o
       188          6          8          0          0         92   _printf_wctomb.o
         6          0          0          0          0          0   _printf_x.o
        16          0          0          0          0         68   _snputc.o
        10          0          0          0          0         68   _sputc.o
        64          0          0          0          0         92   _wcrtomb.o
       220          4        148          0          0         96   bigflt0.o
      1910        128          0          0          0        672   btod.o
        52          4          0          0          0         80   c89vsnprintf.o
        18          0          0          0          0         80   exit.o
         8          0          0          0          0         68   ferror.o
         6          0          0          0          0        152   heapauxi.o
        44         10        272          0          0         76   lc_ctype_c.o
        44         10         28          0          0         76   lc_numeric_c.o
         2          0          0          0          0          0   libinit.o
        30          0          0          0          0          0   libinit2.o
         2          0          0          0          0          0   libshutdown.o
         2          0          0          0          0          0   libshutdown2.o
         8          4          0          0         96         68   libspace.o
       138          0          0          0          0         80   lludiv10.o
        16          4          0          0          0         76   rt_ctype_table.o
         8          4          0          0          0         68   rt_locale_intlibspace.o
        68          0          0          0          0         68   rt_memclr.o
        78          0          0          0          0         80   rt_memclr_w.o
       138          0          0          0          0         68   rt_memcpy_v6.o
       100          0          0          0          0         80   rt_memcpy_w.o
         2          0          0          0          0          0   rtexit.o
        10          0          0          0          0          0   rtexit2.o
       128          0          0          0          0         68   strcmpv7m.o
        62          0          0          0          0         76   strlen.o
       150          0          0          0          0         80   strncmp.o
        86          0          0          0          0         76   strncpy.o
        74          0          0          0          0         80   sys_stackheap_outer.o
         2          0          0          0          0         68   use_no_semi.o
         2          0          0          0          0         68   use_no_semi_2.o
         4          0          0          0          0         68   printf1.o
         0          0          0          0          0          0   usenofp.o
        40          0          0          0          0         68   fpclassify.o

    ----------------------------------------------------------------------
      6764        266        516          0        100       4844   Library Totals
        16          0          3          0          4          0   (incl. Padding)

    ----------------------------------------------------------------------

      Code (inc. data)   RO Data    RW Data    ZI Data      Debug   Library Name

      6704        266        513          0         96       4708   c_w.l
         4          0          0          0          0         68   fz_ws.l
        40          0          0          0          0         68   m_ws.l

    ----------------------------------------------------------------------
      6764        266        516          0        100       4844   Library Totals

    ----------------------------------------------------------------------

==============================================================================


      Code (inc. data)   RO Data    RW Data    ZI Data      Debug   

     27688       1330        960        216      39832    1043182   Grand Totals
     27688       1330        960        216      39832    1043182   ELF Image Totals
     27688       1330        960        216          0          0   ROM Totals

==============================================================================

    Total RO  Size (Code + RO Data)                28648 (  27.98kB)
    Total RW  Size (RW Data + ZI Data)             40048 (  39.11kB)
    Total ROM Size (Code + RO Data + RW Data)      28864 (  28.19kB)

==============================================================================

