<html>
<body>
<pre>
<h1>µVision Build Log</h1>
<h2>Project:</h2>
C:\Users\lenovo\Desktop\¶æ»ú¿ØÖÆÆ÷STM32²âÊÔ°æ\servor.uvproj
Project File Date:  11/08/2016

<h2>Output:</h2>
Build target 'Target 1'
compiling core_cm3.c...
assembling startup_stm32f10x_md.s...
compiling misc.c...
compiling stm32f10x_adc.c...
compiling stm32f10x_bkp.c...
compiling stm32f10x_can.c...
compiling stm32f10x_cec.c...
compiling stm32f10x_crc.c...
compiling stm32f10x_dac.c...
compiling stm32f10x_dbgmcu.c...
compiling stm32f10x_dma.c...
compiling stm32f10x_exti.c...
compiling stm32f10x_flash.c...
compiling stm32f10x_fsmc.c...
compiling stm32f10x_gpio.c...
compiling stm32f10x_i2c.c...
compiling stm32f10x_iwdg.c...
compiling stm32f10x_pwr.c...
compiling stm32f10x_rcc.c...
compiling stm32f10x_rtc.c...
compiling stm32f10x_sdio.c...
compiling stm32f10x_spi.c...
compiling stm32f10x_tim.c...
compiling stm32f10x_usart.c...
compiling stm32f10x_wwdg.c...
compiling servor.c...
HARDWARE\Servo\servor.c(2): error:  #5: cannot open source input file "usart1.h": No such file or directory
compiling timer.c...
compiling delay.c...
SYSTEM\delay\delay.c(1): error:  #5: cannot open source input file "SysTick.h": No such file or directory
compiling sys.c...
compiling usart.c...
compiling main.c...
USER\main.c(4): error:  #5: cannot open source input file "usart1.h": No such file or directory
compiling stm32f10x_it.c...
USER\stm32f10x_it.c(26): error:  #5: cannot open source input file "SysTick.h": No such file or directory
compiling system_stm32f10x.c...
Target not created
Build target 'Target 1'
compiling servor.c...
HARDWARE\Servo\servor.c(2): error:  #5: cannot open source input file "usart1.h": No such file or directory
compiling delay.c...
compiling main.c...
USER\main.c(4): error:  #5: cannot open source input file "usart1.h": No such file or directory
compiling stm32f10x_it.c...
USER\stm32f10x_it.c(28): error:  #5: cannot open source input file "usart1.h": No such file or directory
Target not created
Build target 'Target 1'
compiling servor.c...
compiling main.c...
compiling stm32f10x_it.c...
linking...
.\Output\servor.axf: Error: L6200E: Symbol USART1_IRQHandler multiply defined (by stm32f10x_it.o and usart.o).
Target not created
Build target 'Target 1'
compiling servor.c...
compiling usart.c...
SYSTEM\usart\usart.c(4): error:  #36: the #if for this directive is missing
compiling main.c...
compiling stm32f10x_it.c...
Target not created
Build target 'Target 1'
compiling usart.c...
linking...
Program Size: Code=9872 RO-data=268 RW-data=160 ZI-data=1632  
".\Output\servor.axf" - 0 Error(s), 0 Warning(s).
Build target 'Target 1'
linking...
Program Size: Code=9872 RO-data=268 RW-data=160 ZI-data=1632  
FromELF: creating hex file...
".\Output\servor.axf" - 0 Error(s), 0 Warning(s).
Build target 'Target 1'
compiling servor.c...
compiling usart.c...
SYSTEM\usart\usart.c(36): error:  #20: identifier "FILE" is undefined
SYSTEM\usart\usart.c(43): error:  #20: identifier "FILE" is undefined
SYSTEM\usart\usart.c(53): error:  #37: the #endif for this directive is missing
compiling main.c...
USER\main.c(20): warning:  #223-D: function "Uart_Init" declared implicitly
compiling stm32f10x_it.c...
Target not created
Build target 'Target 1'
compiling servor.c...
compiling usart.c...
SYSTEM\usart\usart.c(36): error:  #37: the #endif for this directive is missing
compiling main.c...
compiling stm32f10x_it.c...
Target not created
Build target 'Target 1'
compiling usart.c...
linking...
.\Output\servor.axf: Error: L6200E: Symbol USART1_IRQHandler multiply defined (by stm32f10x_it.o and usart.o).
Target not created
Build target 'Target 1'
compiling usart.c...
linking...
.\Output\servor.axf: Error: L6200E: Symbol USART1_IRQHandler multiply defined (by stm32f10x_it.o and usart.o).
Target not created
Build target 'Target 1'
compiling usart.c...
linking...
Program Size: Code=10268 RO-data=268 RW-data=160 ZI-data=1632  
FromELF: creating hex file...
".\Output\servor.axf" - 0 Error(s), 0 Warning(s).
