Component: ARM Compiler 5.06 update 1 (build 61) Tool: armlink [4d35a8]

==============================================================================

Section Cross References

    startup_stm32f10x_md.o(STACK) refers (Special) to heapauxi.o(.text) for __use_two_region_memory
    startup_stm32f10x_md.o(HEAP) refers (Special) to heapauxi.o(.text) for __use_two_region_memory
    startup_stm32f10x_md.o(RESET) refers (Special) to heapauxi.o(.text) for __use_two_region_memory
    startup_stm32f10x_md.o(RESET) refers to startup_stm32f10x_md.o(STACK) for __initial_sp
    startup_stm32f10x_md.o(RESET) refers to startup_stm32f10x_md.o(.text) for Reset_Handler
    startup_stm32f10x_md.o(RESET) refers to stm32f10x_it.o(.text) for NMI_Handler
    startup_stm32f10x_md.o(RESET) refers to usart.o(.text) for USART1_IRQHandler
    startup_stm32f10x_md.o(.text) refers (Special) to heapauxi.o(.text) for __use_two_region_memory
    startup_stm32f10x_md.o(.text) refers to system_stm32f10x.o(.text) for SystemInit
    startup_stm32f10x_md.o(.text) refers to __main.o(!!!main) for __main
    startup_stm32f10x_md.o(.text) refers to startup_stm32f10x_md.o(HEAP) for Heap_Mem
    startup_stm32f10x_md.o(.text) refers to startup_stm32f10x_md.o(STACK) for Stack_Mem
    stm32f10x_adc.o(.text) refers to stm32f10x_rcc.o(.text) for RCC_APB2PeriphResetCmd
    stm32f10x_bkp.o(.text) refers to stm32f10x_rcc.o(.text) for RCC_BackupResetCmd
    stm32f10x_can.o(.text) refers to stm32f10x_rcc.o(.text) for RCC_APB1PeriphResetCmd
    stm32f10x_cec.o(.text) refers to stm32f10x_rcc.o(.text) for RCC_APB1PeriphResetCmd
    stm32f10x_dac.o(.text) refers to stm32f10x_rcc.o(.text) for RCC_APB1PeriphResetCmd
    stm32f10x_gpio.o(.text) refers to stm32f10x_rcc.o(.text) for RCC_APB2PeriphResetCmd
    stm32f10x_i2c.o(.text) refers to stm32f10x_rcc.o(.text) for RCC_APB1PeriphResetCmd
    stm32f10x_pwr.o(.text) refers to stm32f10x_rcc.o(.text) for RCC_APB1PeriphResetCmd
    stm32f10x_rcc.o(.text) refers to stm32f10x_rcc.o(.data) for APBAHBPrescTable
    stm32f10x_spi.o(.text) refers to stm32f10x_rcc.o(.text) for RCC_APB2PeriphResetCmd
    stm32f10x_tim.o(.text) refers to stm32f10x_rcc.o(.text) for RCC_APB2PeriphResetCmd
    stm32f10x_usart.o(.text) refers to stm32f10x_rcc.o(.text) for RCC_APB2PeriphResetCmd
    stm32f10x_wwdg.o(.text) refers to stm32f10x_rcc.o(.text) for RCC_APB1PeriphResetCmd
    servor.o(.text) refers to stm32f10x_rcc.o(.text) for RCC_APB2PeriphClockCmd
    servor.o(.text) refers to stm32f10x_gpio.o(.text) for GPIO_PinRemapConfig
    servor.o(.text) refers to servor.o(.data) for count1
    servor.o(.text) refers to main.o(.data) for CPWM
    timer.o(.text) refers to misc.o(.text) for NVIC_PriorityGroupConfig
    timer.o(.text) refers to stm32f10x_rcc.o(.text) for RCC_APB1PeriphClockCmd
    timer.o(.text) refers to stm32f10x_tim.o(.text) for TIM_DeInit
    ps2.o(.text) refers to stm32f10x_rcc.o(.text) for RCC_APB2PeriphClockCmd
    ps2.o(.text) refers to stm32f10x_gpio.o(.text) for GPIO_Init
    ps2.o(.text) refers to delay.o(.text) for Delay_us
    ps2.o(.text) refers to ps2.o(.bss) for Data
    ps2.o(.text) refers to ps2.o(.data) for Comd
    led.o(.text) refers to stm32f10x_rcc.o(.text) for RCC_APB2PeriphClockCmd
    led.o(.text) refers to stm32f10x_gpio.o(.text) for GPIO_Init
    led.o(.text) refers to delay.o(.text) for Delay_ms
    key.o(.text) refers to stm32f10x_rcc.o(.text) for RCC_APB2PeriphClockCmd
    key.o(.text) refers to stm32f10x_gpio.o(.text) for GPIO_Init
    key.o(.text) refers to delay.o(.text) for Delay_ms
    key.o(.text) refers to key.o(.data) for key_up
    spi.o(.text) refers to stm32f10x_spi.o(.text) for SPI_I2S_GetFlagStatus
    spi.o(.text) refers to stm32f10x_rcc.o(.text) for RCC_APB2PeriphClockCmd
    spi.o(.text) refers to stm32f10x_gpio.o(.text) for GPIO_Init
    spi.o(.text) refers to spi.o(.bss) for SPI_InitStructure
    flash.o(.text) refers to spi.o(.text) for SPI1_ReadWriteByte
    flash.o(.text) refers to stm32f10x_rcc.o(.text) for RCC_APB2PeriphClockCmd
    flash.o(.text) refers to stm32f10x_gpio.o(.text) for GPIO_Init
    flash.o(.text) refers to delay.o(.text) for Delay_us
    flash.o(.text) refers to flash.o(.data) for SPI_FLASH_TYPE
    flash.o(.text) refers to flash.o(.bss) for SPI_FLASH_BUF
    common.o(.text) refers to rt_memclr_w.o(.text) for __aeabi_memclr4
    oneline.o(.text) refers to flash.o(.text) for SpiFlashEraseSector
    oneline.o(.text) refers to strchr.o(.text) for strchr
    oneline.o(.text) refers to strstr.o(.text) for strstr
    oneline.o(.text) refers to rt_memclr.o(.text) for __aeabi_memclr
    oneline.o(.text) refers to usart.o(.text) for UART_PutStr
    oneline.o(.text) refers to atoi.o(.text) for atoi
    oneline.o(.text) refers to main.o(.text) for ReadMoterInfor
    oneline.o(.text) refers to rt_memclr_w.o(.text) for __aeabi_memclr4
    oneline.o(.text) refers to main.o(.data) for flag_download
    oneline.o(.text) refers to main.o(.bss) for motor_one_cmd
[...]
    .ARM.Collect$$libinit$$00000023          0x080001be   Section        0  libinit2.o(.ARM.Collect$$libinit$$00000023)
    .ARM.Collect$$libinit$$00000025          0x080001be   Section        0  libinit2.o(.ARM.Collect$$libinit$$00000025)
    .ARM.Collect$$libinit$$0000002C          0x080001be   Section        0  libinit2.o(.ARM.Collect$$libinit$$0000002C)
    .ARM.Collect$$libinit$$0000002E          0x080001be   Section        0  libinit2.o(.ARM.Collect$$libinit$$0000002E)
    .ARM.Collect$$libinit$$00000030          0x080001be   Section        0  libinit2.o(.ARM.Collect$$libinit$$00000030)
    .ARM.Collect$$libinit$$00000032          0x080001be   Section        0  libinit2.o(.ARM.Collect$$libinit$$00000032)
    .ARM.Collect$$libinit$$00000033          0x080001be   Section        2  libinit2.o(.ARM.Collect$$libinit$$00000033)
    .ARM.Collect$$libshutdown$$00000000      0x080001c0   Section        2  libshutdown.o(.ARM.Collect$$libshutdown$$00000000)
    .ARM.Collect$$libshutdown$$00000002      0x080001c2   Section        0  libshutdown2.o(.ARM.Collect$$libshutdown$$00000002)
    .ARM.Collect$$libshutdown$$00000004      0x080001c2   Section        0  libshutdown2.o(.ARM.Collect$$libshutdown$$00000004)
    .ARM.Collect$$libshutdown$$00000007      0x080001c2   Section        0  libshutdown2.o(.ARM.Collect$$libshutdown$$00000007)
    .ARM.Collect$$libshutdown$$0000000A      0x080001c2   Section        0  libshutdown2.o(.ARM.Collect$$libshutdown$$0000000A)
    .ARM.Collect$$libshutdown$$0000000C      0x080001c2   Section        0  libshutdown2.o(.ARM.Collect$$libshutdown$$0000000C)
    .ARM.Collect$$libshutdown$$0000000F      0x080001c2   Section        0  libshutdown2.o(.ARM.Collect$$libshutdown$$0000000F)
    .ARM.Collect$$libshutdown$$00000010      0x080001c2   Section        2  libshutdown2.o(.ARM.Collect$$libshutdown$$00000010)
    .ARM.Collect$$rtentry$$00000000          0x080001c4   Section        0  __rtentry.o(.ARM.Collect$$rtentry$$00000000)
    .ARM.Collect$$rtentry$$00000002          0x080001c4   Section        0  __rtentry2.o(.ARM.Collect$$rtentry$$00000002)
    .ARM.Collect$$rtentry$$00000004          0x080001c4   Section        6  __rtentry4.o(.ARM.Collect$$rtentry$$00000004)
    .ARM.Collect$$rtentry$$00000009          0x080001ca   Section        0  __rtentry2.o(.ARM.Collect$$rtentry$$00000009)
    .ARM.Collect$$rtentry$$0000000A          0x080001ca   Section        4  __rtentry2.o(.ARM.Collect$$rtentry$$0000000A)
    .ARM.Collect$$rtentry$$0000000C          0x080001ce   Section        0  __rtentry2.o(.ARM.Collect$$rtentry$$0000000C)
    .ARM.Collect$$rtentry$$0000000D          0x080001ce   Section        8  __rtentry2.o(.ARM.Collect$$rtentry$$0000000D)
    .ARM.Collect$$rtexit$$00000000           0x080001d6   Section        2  rtexit.o(.ARM.Collect$$rtexit$$00000000)
    .ARM.Collect$$rtexit$$00000002           0x080001d8   Section        0  rtexit2.o(.ARM.Collect$$rtexit$$00000002)
    .ARM.Collect$$rtexit$$00000003           0x080001d8   Section        4  rtexit2.o(.ARM.Collect$$rtexit$$00000003)
    .ARM.Collect$$rtexit$$00000004           0x080001dc   Section        6  rtexit2.o(.ARM.Collect$$rtexit$$00000004)
    .text                                    0x080001e4   Section       64  startup_stm32f10x_md.o(.text)
    .text                                    0x08000224   Section        0  misc.o(.text)
    .text                                    0x08000300   Section        0  stm32f10x_adc.o(.text)
    .text                                    0x08000750   Section        0  stm32f10x_gpio.o(.text)
    .text                                    0x08000aac   Section        0  stm32f10x_rcc.o(.text)
    .text                                    0x08000e50   Section        0  stm32f10x_spi.o(.text)
    .text                                    0x0800115c   Section        0  stm32f10x_tim.o(.text)
    TI4_Config                               0x08001603   Thumb Code   130  stm32f10x_tim.o(.text)
    TI3_Config                               0x08001697   Thumb Code   122  stm32f10x_tim.o(.text)
    TI2_Config                               0x0800172b   Thumb Code   130  stm32f10x_tim.o(.text)
    TI1_Config                               0x080017bf   Thumb Code   108  stm32f10x_tim.o(.text)
    .text                                    0x08001f78   Section        0  stm32f10x_usart.o(.text)
    .text                                    0x08002380   Section        0  servor.o(.text)
    .text                                    0x080025d8   Section        0  timer.o(.text)
    .text                                    0x080027dc   Section        0  ps2.o(.text)
    .text                                    0x08002a04   Section        0  led.o(.text)
    .text                                    0x08002a88   Section        0  spi.o(.text)
    .text                                    0x08002b68   Section        0  flash.o(.text)
    .text                                    0x08002eb4   Section        0  common.o(.text)
    .text                                    0x08002f50   Section        0  oneline.o(.text)
    .text                                    0x08003624   Section        0  beep.o(.text)
    .text                                    0x08003684   Section        0  adc.o(.text)
    .text                                    0x08003740   Section        0  delay.o(.text)
    .text                                    0x08003838   Section        0  usart.o(.text)
    .text                                    0x08003cbc   Section        0  main.o(.text)
    .text                                    0x08005370   Section        0  stm32f10x_it.o(.text)
    .text                                    0x080054a8   Section        0  system_stm32f10x.o(.text)
    SetSysClockTo72                          0x080054a9   Thumb Code   214  system_stm32f10x.o(.text)
    SetSysClock                              0x0800557f   Thumb Code     8  system_stm32f10x.o(.text)
    .text                                    0x08005688   Section        2  use_no_semi_2.o(.text)
    .text                                    0x0800568c   Section        0  noretval__2sprintf.o(.text)
    .text                                    0x080056b4   Section        0  __printf.o(.text)
    .text                                    0x0800571c   Section        0  _printf_dec.o(.text)
    .text                                    0x08005794   Section        0  atoi.o(.text)
    .text                                    0x080057ae   Section        0  strchr.o(.text)
    .text                                    0x080057c2   Section        0  strstr.o(.text)
    .text                                    0x080057e6   Section        0  strlen.o(.text)
    .text                                    0x08005824   Section      100  rt_memcpy_w.o(.text)
    .text                                    0x08005888   Section       68  rt_memclr.o(.text)
    .text                                    0x080058cc   Section       78  rt_memclr_w.o(.text)
    .text                                    0x0800591a   Section        0  heapauxi.o(.text)
    .text                                    0x08005920   Section        2  use_no_semi.o(.text)
    .text                                    0x08005924   Section        8  rt_errno_addr_intlibspace.o(.text)
    .text                                    0x0800592c   Section        0  _printf_intcommon.o(.text)
    .text                                    0x080059e0   Section        0  _printf_char_common.o(.text)
    _printf_input_char                       0x080059e1   Thumb Code    10  _printf_char_common.o(.text)
    .text                                    0x08005a10   Section        0  _sputc.o(.text)
    .text                                    0x08005a1a   Section        0  strtol.o(.text)
    .text                                    0x08005a8c   Section        8  libspace.o(.text)
    .text                                    0x08005a94   Section       16  rt_ctype_table.o(.text)
    .text                                    0x08005aa4   Section        0  _strtoul.o(.text)
    .text                                    0x08005b42   Section       74  sys_stackheap_outer.o(.text)
    .text                                    0x08005b8c   Section        8  rt_locale_intlibspace.o(.text)
    .text                                    0x08005b94   Section        0  _chval.o(.text)
    .text                                    0x08005bb0   Section        0  exit.o(.text)
    .text                                    0x08005bc4   Section      128  strcmpv7m.o(.text)
    locale$$code                             0x08005c44   Section       44  lc_ctype_c.o(locale$$code)
    x$fpl$dadd                               0x08005c70   Section      336  daddsub_clz.o(x$fpl$dadd)
    _dadd1                                   0x08005c81   Thumb Code     0  daddsub_clz.o(x$fpl$dadd)
    x$fpl$ddiv                               0x08005dc0   Section      688  ddiv.o(x$fpl$ddiv)
    ddiv_entry                               0x08005dc7   Thumb Code     0  ddiv.o(x$fpl$ddiv)
    x$fpl$dfixu                              0x08006070   Section       90  dfixu.o(x$fpl$dfixu)
    x$fpl$dflt                               0x080060ca   Section       46  dflt_clz.o(x$fpl$dflt)
    x$fpl$dfltu                              0x080060f8   Section       38  dflt_clz.o(x$fpl$dfltu)
    x$fpl$dmul                               0x08006120   Section      340  dmul.o(x$fpl$dmul)
    x$fpl$dnaninf                            0x08006274   Section      156  dnaninf.o(x$fpl$dnaninf)
    x$fpl$dretinf                            0x08006310   Section       12  dretinf.o(x$fpl$dretinf)
    x$fpl$dsub                               0x0800631c   Section      468  daddsub_clz.o(x$fpl$dsub)
    _dsub1                                   0x0800632d   Thumb Code     0  daddsub_clz.o(x$fpl$dsub)
    .constdata                               0x080064f0   Section       15  main.o(.constdata)
    x$fpl$usenofp                            0x080064f0   Section        0  usenofp.o(x$fpl$usenofp)
    locale$$data                             0x08006520   Section      272  lc_ctype_c.o(locale$$data)
    __lcctype_c_name                         0x08006524   Data           2  lc_ctype_c.o(locale$$data)
    __lcctype_c_start                        0x0800652c   Data           0  lc_ctype_c.o(locale$$data)
    __lcctype_c_end                          0x08006630   Data           0  lc_ctype_c.o(locale$$data)
    .data                                    0x20000000   Section       20  stm32f10x_rcc.o(.data)
    APBAHBPrescTable                         0x20000000   Data          16  stm32f10x_rcc.o(.data)
    ADCPrescTable                            0x20000010   Data           4  stm32f10x_rcc.o(.data)
    .data                                    0x20000014   Section        3  servor.o(.data)
    .data                                    0x20000018   Section       37  ps2.o(.data)
    temp                                     0x2000003c   Data           1  ps2.o(.data)
    .data                                    0x2000003e   Section        2  flash.o(.data)
    .data                                    0x20000040   Section        1  oneline.o(.data)
    .data                                    0x20000044   Section        8  delay.o(.data)
    TimingDelay                              0x20000048   Data           4  delay.o(.data)
    .data                                    0x2000004c   Section       13  usart.o(.data)
    i                                        0x20000054   Data           4  usart.o(.data)
    num                                      0x20000058   Data           1  usart.o(.data)
    .data                                    0x20000060   Section      278  main.o(.data)
    count                                    0x20000170   Data           4  main.o(.data)
    flag_how                                 0x20000174   Data           1  main.o(.data)
    flag_Tover                               0x20000175   Data           1  main.o(.data)
    .data                                    0x20000176   Section        4  stm32f10x_it.o(.data)
    .data                                    0x2000017c   Section       20  system_stm32f10x.o(.data)
    .bss                                     0x20000190   Section        9  ps2.o(.bss)
    .bss                                     0x2000019a   Section       18  spi.o(.bss)
    .bss                                     0x200001ac   Section     4096  flash.o(.bss)
    .bss                                     0x200011b0   Section      698  main.o(.bss)
    .bss                                     0x2000146c   Section       96  libspace.o(.bss)
    HEAP                                     0x200014d0   Section      512  startup_stm32f10x_md.o(HEAP)
    Heap_Mem                                 0x200014d0   Data         512  startup_stm32f10x_md.o(HEAP)
    STACK                                    0x200016d0   Section     1024  startup_stm32f10x_md.o(STACK)
    Stack_Mem                                0x200016d0   Data        1024  startup_stm32f10x_md.o(STACK)
    __initial_sp                             0x20001ad0   Data           0  startup_stm32f10x_md.o(STACK)

    Global Symbols

    Symbol Name                              Value     Ov Type        Size  Object(Section)

    BuildAttributes$$THM_ISAv4$P$D$K$B$S$PE$A:L22UL41UL21$X:L11$S22US41US21$IEEE1$IW$USESV6$~STKCKD$USESV7$~SHL$OSPACE$ROPI$EBA8$UX$STANDARDLIB$REQ8$PRES8$EABIv2 0x00000000   Number         0  anon$$obj.o ABSOLUTE
    __ARM_use_no_argv                        0x00000000   Number         0  main.o ABSOLUTE
    __ARM_exceptions_init                     - Undefined Weak Reference
    __alloca_initialize                       - Undefined Weak Reference
    __arm_preinit_                            - Undefined Weak Reference
    __cpp_initialize__aeabi_                  - Undefined Weak Reference
    __cxa_finalize                            - Undefined Weak Reference
    __sigvec_lookup                           - Undefined Weak Reference
    _atexit_init                              - Undefined Weak Reference
    _call_atexit_fns                          - Undefined Weak Reference
    _clock_init                               - Undefined Weak Reference
    _fp_trap_init                             - Undefined Weak Reference
    _fp_trap_shutdown                         - Undefined Weak Reference
    _get_lc_collate                           - Undefined Weak Reference
    _get_lc_monetary                          - Undefined Weak Reference
    _get_lc_numeric                           - Undefined Weak Reference
    _get_lc_time                              - Undefined Weak Reference
    _getenv_init                              - Undefined Weak Reference
    _handle_redirection                       - Undefined Weak Reference
    _init_alloc                               - Undefined Weak Reference
    _init_user_alloc                          - Undefined Weak Reference
    _initio                                   - Undefined Weak Reference
    _printf_post_padding                      - Undefined Weak Reference
    _printf_pre_padding                       - Undefined Weak Reference
    _printf_truncate_signed                   - Undefined Weak Reference
    _printf_truncate_unsigned                 - Undefined Weak Reference
    _rand_init                                - Undefined Weak Reference
    _signal_finish                            - Undefined Weak Reference
    _signal_init                              - Undefined Weak Reference
    _terminate_alloc                          - Undefined Weak Reference
    _terminate_user_alloc                     - Undefined Weak Reference
    _terminateio                              - Undefined Weak Reference
    __Vectors_Size                           0x000000ec   Number         0  startup_stm32f10x_md.o ABSOLUTE
    __Vectors                                0x08000000   Data           4  startup_stm32f10x_md.o(RESET)
    __Vectors_End                            0x080000ec   Data           0  startup_stm32f10x_md.o(RESET)
    __main                                   0x080000ed   Thumb Code     8  __main.o(!!!main)
    __scatterload                            0x080000f5   Thumb Code     0  __scatter.o(!!!scatter)
    __scatterload_rt2                        0x080000f5   Thumb Code    44  __scatter.o(!!!scatter)
    __scatterload_rt2_thumb_only             0x080000f5   Thumb Code     0  __scatter.o(!!!scatter)
    __scatterload_null                       0x08000103   Thumb Code     0  __scatter.o(!!!scatter)
    __decompress                             0x08000129   Thumb Code    90  __dczerorl2.o(!!dczerorl2)
    __decompress1                            0x08000129   Thumb Code     0  __dczerorl2.o(!!dczerorl2)
    __scatterload_zeroinit                   0x08000185   Thumb Code    28  __scatter_zi.o(!!handler_zi)
    _printf_d                                0x080001a1   Thumb Code     0  _printf_d.o(.ARM.Collect$$_printf_percent$$00000009)
    _printf_percent                          0x080001a1   Thumb Code     0  _printf_percent.o(.ARM.Collect$$_printf_percent$$00000000)
    _printf_percent_end                      0x080001a7   Thumb Code     0  _printf_percent_end.o(.ARM.Collect$$_printf_percent$$00000017)
    __rt_lib_init                            0x080001ab   Thumb Code     0  libinit.o(.ARM.Collect$$libinit$$00000000)
    __rt_lib_init_fp_1                       0x080001ad   Thumb Code     0  libinit2.o(.ARM.Collect$$libinit$$00000002)
    __rt_lib_init_heap_1                     0x080001ad   Thumb Code     0  libinit2.o(.ARM.Collect$$libinit$$0000000A)
    __rt_lib_init_lc_common                  0x080001ad   Thumb Code     0  libinit2.o(.ARM.Collect$$libinit$$0000000F)
    __rt_lib_init_preinit_1                  0x080001ad   Thumb Code     0  libinit2.o(.ARM.Collect$$libinit$$00000004)
    __rt_lib_init_rand_1                     0x080001ad   Thumb Code     0  libinit2.o(.ARM.Collect$$libinit$$0000000E)
    __rt_lib_init_user_alloc_1               0x080001ad   Thumb Code     0  libinit2.o(.ARM.Collect$$libinit$$0000000C)
    __rt_lib_init_lc_collate_1               0x080001b3   Thumb Code     0  libinit2.o(.ARM.Collect$$libinit$$00000011)
    __rt_lib_init_lc_ctype_2                 0x080001b3   Thumb Code     0  libinit2.o(.ARM.Collect$$libinit$$00000012)
    __rt_lib_init_alloca_1                   0x080001bf   Thumb Code     0  libinit2.o(.ARM.Collect$$libinit$$0000002E)
    __rt_lib_init_argv_1                     0x080001bf   Thumb Code     0  libinit2.o(.ARM.Collect$$libinit$$0000002C)
    __rt_lib_init_atexit_1                   0x080001bf   Thumb Code     0  libinit2.o(.ARM.Collect$$libinit$$0000001B)
    __rt_lib_init_clock_1                    0x080001bf   Thumb Code     0  libinit2.o(.ARM.Collect$$libinit$$00000021)
    __rt_lib_init_cpp_1                      0x080001bf   Thumb Code     0  libinit2.o(.ARM.Collect$$libinit$$00000032)
    __rt_lib_init_exceptions_1               0x080001bf   Thumb Code     0  libinit2.o(.ARM.Collect$$libinit$$00000030)
    __rt_lib_init_fp_trap_1                  0x080001bf   Thumb Code     0  libinit2.o(.ARM.Collect$$libinit$$0000001F)
    __rt_lib_init_getenv_1                   0x080001bf   Thumb Code     0  libinit2.o(.ARM.Collect$$libinit$$00000023)
    __rt_lib_init_lc_ctype_1                 0x080001bf   Thumb Code     0  libinit2.o(.ARM.Collect$$libinit$$00000013)
    __rt_lib_init_lc_monetary_1              0x080001bf   Thumb Code     0  libinit2.o(.ARM.Collect$$libinit$$00000015)
    __rt_lib_init_lc_numeric_1               0x080001bf   Thumb Code     0  libinit2.o(.ARM.Collect$$libinit$$00000017)
    __rt_lib_init_lc_time_1                  0x080001bf   Thumb Code     0  libinit2.o(.ARM.Collect$$libinit$$00000019)
    __rt_lib_init_return                     0x080001bf   Thumb Code     0  libinit2.o(.ARM.Collect$$libinit$$00000033)
    __rt_lib_init_signal_1                   0x080001bf   Thumb Code     0  libinit2.o(.ARM.Collect$$libinit$$0000001D)
    __rt_lib_init_stdio_1                    0x080001bf   Thumb Code     0  libinit2.o(.ARM.Collect$$libinit$$00000025)
    __rt_lib_shutdown                        0x080001c1   Thumb Code     0  libshutdown.o(.ARM.Collect$$libshutdown$$00000000)
    __rt_lib_shutdown_cpp_1                  0x080001c3   Thumb Code     0  libshutdown2.o(.ARM.Collect$$libshutdown$$00000002)
    __rt_lib_shutdown_fp_trap_1              0x080001c3   Thumb Code     0  libshutdown2.o(.ARM.Collect$$libshutdown$$00000007)
    __rt_lib_shutdown_heap_1                 0x080001c3   Thumb Code     0  libshutdown2.o(.ARM.Collect$$libshutdown$$0000000F)
    __rt_lib_shutdown_return                 0x080001c3   Thumb Code     0  libshutdown2.o(.ARM.Collect$$libshutdown$$00000010)
    __rt_lib_shutdown_signal_1               0x080001c3   Thumb Code     0  libshutdown2.o(.ARM.Collect$$libshutdown$$0000000A)
    __rt_lib_shutdown_stdio_1                0x080001c3   Thumb Code     0  libshutdown2.o(.ARM.Collect$$libshutdown$$00000004)
    __rt_lib_shutdown_user_alloc_1           0x080001c3   Thumb Code     0  libshutdown2.o(.ARM.Collect$$libshutdown$$0000000C)
    __rt_entry                               0x080001c5   Thumb Code     0  __rtentry.o(.ARM.Collect$$rtentry$$00000000)
    __rt_entry_presh_1                       0x080001c5   Thumb Code     0  __rtentry2.o(.ARM.Collect$$rtentry$$00000002)
    __rt_entry_sh                            0x080001c5   Thumb Code     0  __rtentry4.o(.ARM.Collect$$rtentry$$00000004)
    __rt_entry_li                            0x080001cb   Thumb Code     0  __rtentry2.o(.ARM.Collect$$rtentry$$0000000A)
    __rt_entry_postsh_1                      0x080001cb   Thumb Code     0  __rtentry2.o(.ARM.Collect$$rtentry$$00000009)
    __rt_entry_main                          0x080001cf   Thumb Code     0  __rtentry2.o(.ARM.Collect$$rtentry$$0000000D)
    __rt_entry_postli_1                      0x080001cf   Thumb Code     0  __rtentry2.o(.ARM.Collect$$rtentry$$0000000C)
    __rt_exit                                0x080001d7   Thumb Code     0  rtexit.o(.ARM.Collect$$rtexit$$00000000)
    __rt_exit_ls                             0x080001d9   Thumb Code     0  rtexit2.o(.ARM.Collect$$rtexit$$00000003)
    __rt_exit_prels_1                        0x080001d9   Thumb Code     0  rtexit2.o(.ARM.Collect$$rtexit$$00000002)
    __rt_exit_exit                           0x080001dd   Thumb Code     0  rtexit2.o(.ARM.Collect$$rtexit$$00000004)
    Reset_Handler                            0x080001e5   Thumb Code     8  startup_stm32f10x_md.o(.text)
    ADC1_2_IRQHandler                        0x080001ff   Thumb Code     0  startup_stm32f10x_md.o(.text)
    CAN1_RX1_IRQHandler                      0x080001ff   Thumb Code     0  startup_stm32f10x_md.o(.text)
    CAN1_SCE_IRQHandler                      0x080001ff   Thumb Code     0  startup_stm32f10x_md.o(.text)
    DMA1_Channel1_IRQHandler                 0x080001ff   Thumb Code     0  startup_stm32f10x_md.o(.text)
    DMA1_Channel2_IRQHandler                 0x080001ff   Thumb Code     0  startup_stm32f10x_md.o(.text)
    DMA1_Channel3_IRQHandler                 0x080001ff   Thumb Code     0  startup_stm32f10x_md.o(.text)
    DMA1_Channel4_IRQHandler                 0x080001ff   Thumb Code     0  startup_stm32f10x_md.o(.text)
    DMA1_Channel5_IRQHandler                 0x080001ff   Thumb Code     0  startup_stm32f10x_md.o(.text)
    DMA1_Channel6_IRQHandler                 0x080001ff   Thumb Code     0  startup_stm32f10x_md.o(.text)
    DMA1_Channel7_IRQHandler                 0x080001ff   Thumb Code     0  startup_stm32f10x_md.o(.text)
    EXTI0_IRQHandler                         0x080001ff   Thumb Code     0  startup_stm32f10x_md.o(.text)
    EXTI15_10_IRQHandler                     0x080001ff   Thumb Code     0  startup_stm32f10x_md.o(.text)
    EXTI1_IRQHandler                         0x080001ff   Thumb Code     0  startup_stm32f10x_md.o(.text)
    EXTI2_IRQHandler                         0x080001ff   Thumb Code     0  startup_stm32f10x_md.o(.text)
    EXTI3_IRQHandler                         0x080001ff   Thumb Code     0  startup_stm32f10x_md.o(.text)
    EXTI4_IRQHandler                         0x080001ff   Thumb Code     0  startup_stm32f10x_md.o(.text)
    EXTI9_5_IRQHandler                       0x080001ff   Thumb Code     0  startup_stm32f10x_md.o(.text)
    FLASH_IRQHandler                         0x080001ff   Thumb Code     0  startup_stm32f10x_md.o(.text)
    I2C1_ER_IRQHandler                       0x080001ff   Thumb Code     0  startup_stm32f10x_md.o(.text)
    I2C1_EV_IRQHandler                       0x080001ff   Thumb Code     0  startup_stm32f10x_md.o(.text)
    I2C2_ER_IRQHandler                       0x080001ff   Thumb Code     0  startup_stm32f10x_md.o(.text)
    I2C2_EV_IRQHandler                       0x080001ff   Thumb Code     0  startup_stm32f10x_md.o(.text)
    PVD_IRQHandler                           0x080001ff   Thumb Code     0  startup_stm32f10x_md.o(.text)
    RCC_IRQHandler                           0x080001ff   Thumb Code     0  startup_stm32f10x_md.o(.text)
    RTCAlarm_IRQHandler                      0x080001ff   Thumb Code     0  startup_stm32f10x_md.o(.text)
    RTC_IRQHandler                           0x080001ff   Thumb Code     0  startup_stm32f10x_md.o(.text)
    SPI1_IRQHandler                          0x080001ff   Thumb Code     0  startup_stm32f10x_md.o(.text)
    SPI2_IRQHandler                          0x080001ff   Thumb Code     0  startup_stm32f10x_md.o(.text)
    TAMPER_IRQHandler                        0x080001ff   Thumb Code     0  startup_stm32f10x_md.o(.text)
    TIM1_BRK_IRQHandler                      0x080001ff   Thumb Code     0  startup_stm32f10x_md.o(.text)
    TIM1_CC_IRQHandler                       0x080001ff   Thumb Code     0  startup_stm32f10x_md.o(.text)
    TIM1_TRG_COM_IRQHandler                  0x080001ff   Thumb Code     0  startup_stm32f10x_md.o(.text)
    TIM1_UP_IRQHandler                       0x080001ff   Thumb Code     0  startup_stm32f10x_md.o(.text)
    USART2_IRQHandler                        0x080001ff   Thumb Code     0  startup_stm32f10x_md.o(.text)
    USBWakeUp_IRQHandler                     0x080001ff   Thumb Code     0  startup_stm32f10x_md.o(.text)
    USB_HP_CAN1_TX_IRQHandler                0x080001ff   Thumb Code     0  startup_stm32f10x_md.o(.text)
    USB_LP_CAN1_RX0_IRQHandler               0x080001ff   Thumb Code     0  startup_stm32f10x_md.o(.text)
    WWDG_IRQHandler                          0x080001ff   Thumb Code     0  startup_stm32f10x_md.o(.text)
    __user_initial_stackheap                 0x08000201   Thumb Code     0  startup_stm32f10x_md.o(.text)
    NVIC_PriorityGroupConfig                 0x08000225   Thumb Code    10  misc.o(.text)
    NVIC_Init                                0x0800022f   Thumb Code   100  misc.o(.text)
    NVIC_SetVectorTable                      0x08000293   Thumb Code    14  misc.o(.text)
    NVIC_SystemLPConfig                      0x080002a1   Thumb Code    34  misc.o(.text)
    SysTick_CLKSourceConfig                  0x080002c3   Thumb Code    40  misc.o(.text)
    ADC_DeInit                               0x08000301   Thumb Code    78  stm32f10x_adc.o(.text)
    ADC_Init                                 0x0800034f   Thumb Code    70  stm32f10x_adc.o(.text)
    ADC_StructInit                           0x08000395   Thumb Code    18  stm32f10x_adc.o(.text)
    ADC_Cmd                                  0x080003a7   Thumb Code    22  stm32f10x_adc.o(.text)
    ADC_DMACmd                               0x080003bd   Thumb Code    22  stm32f10x_adc.o(.text)
    ADC_ITConfig                             0x080003d3   Thumb Code    24  stm32f10x_adc.o(.text)
    ADC_ResetCalibration                     0x080003eb   Thumb Code    10  stm32f10x_adc.o(.text)
    ADC_GetResetCalibrationStatus            0x080003f5   Thumb Code    20  stm32f10x_adc.o(.text)
    ADC_StartCalibration                     0x08000409   Thumb Code    10  stm32f10x_adc.o(.text)
    ADC_GetCalibrationStatus                 0x08000413   Thumb Code    20  stm32f10x_adc.o(.text)
    ADC_SoftwareStartConvCmd                 0x08000427   Thumb Code    22  stm32f10x_adc.o(.text)
    ADC_GetSoftwareStartConvStatus           0x0800043d   Thumb Code    20  stm32f10x_adc.o(.text)
    ADC_DiscModeChannelCountConfig           0x08000451   Thumb Code    24  stm32f10x_adc.o(.text)
    ADC_DiscModeCmd                          0x08000469   Thumb Code    22  stm32f10x_adc.o(.text)
    ADC_RegularChannelConfig                 0x0800047f   Thumb Code   184  stm32f10x_adc.o(.text)
    ADC_ExternalTrigConvCmd                  0x08000537   Thumb Code    22  stm32f10x_adc.o(.text)
    ADC_GetConversionValue                   0x0800054d   Thumb Code     8  stm32f10x_adc.o(.text)
    ADC_GetDualModeConversionValue           0x08000555   Thumb Code     8  stm32f10x_adc.o(.text)
    ADC_AutoInjectedConvCmd                  0x0800055d   Thumb Code    22  stm32f10x_adc.o(.text)
    ADC_InjectedDiscModeCmd                  0x08000573   Thumb Code    22  stm32f10x_adc.o(.text)
    ADC_ExternalTrigInjectedConvConfig       0x08000589   Thumb Code    16  stm32f10x_adc.o(.text)
    ADC_ExternalTrigInjectedConvCmd          0x08000599   Thumb Code    22  stm32f10x_adc.o(.text)
    ADC_SoftwareStartInjectedConvCmd         0x080005af   Thumb Code    22  stm32f10x_adc.o(.text)
    ADC_GetSoftwareStartInjectedConvCmdStatus 0x080005c5   Thumb Code    20  stm32f10x_adc.o(.text)
    ADC_InjectedChannelConfig                0x080005d9   Thumb Code   130  stm32f10x_adc.o(.text)
    ADC_InjectedSequencerLengthConfig        0x0800065b   Thumb Code    24  stm32f10x_adc.o(.text)
    ADC_SetInjectedOffset                    0x08000673   Thumb Code    20  stm32f10x_adc.o(.text)
    ADC_GetInjectedConversionValue           0x08000687   Thumb Code    28  stm32f10x_adc.o(.text)
    ADC_AnalogWatchdogCmd                    0x080006a3   Thumb Code    16  stm32f10x_adc.o(.text)
    ADC_AnalogWatchdogThresholdsConfig       0x080006b3   Thumb Code     6  stm32f10x_adc.o(.text)
    ADC_AnalogWatchdogSingleChannelConfig    0x080006b9   Thumb Code    16  stm32f10x_adc.o(.text)
    ADC_TempSensorVrefintCmd                 0x080006c9   Thumb Code    64  stm32f10x_adc.o(.text)
    ADC_GetFlagStatus                        0x08000709   Thumb Code    18  stm32f10x_adc.o(.text)
    ADC_ClearFlag                            0x0800071b   Thumb Code     6  stm32f10x_adc.o(.text)
    ADC_GetITStatus                          0x08000721   Thumb Code    36  stm32f10x_adc.o(.text)
    ADC_ClearITPendingBit                    0x08000745   Thumb Code    10  stm32f10x_adc.o(.text)
    GPIO_DeInit                              0x08000751   Thumb Code   172  stm32f10x_gpio.o(.text)
    GPIO_AFIODeInit                          0x080007fd   Thumb Code    20  stm32f10x_gpio.o(.text)
    GPIO_Init                                0x08000811   Thumb Code   278  stm32f10x_gpio.o(.text)
    GPIO_StructInit                          0x08000927   Thumb Code    16  stm32f10x_gpio.o(.text)
    GPIO_ReadInputDataBit                    0x08000937   Thumb Code    18  stm32f10x_gpio.o(.text)
    GPIO_ReadInputData                       0x08000949   Thumb Code     8  stm32f10x_gpio.o(.text)
    GPIO_ReadOutputDataBit                   0x08000951   Thumb Code    18  stm32f10x_gpio.o(.text)
    GPIO_ReadOutputData                      0x08000963   Thumb Code     8  stm32f10x_gpio.o(.text)
    GPIO_SetBits                             0x0800096b   Thumb Code     4  stm32f10x_gpio.o(.text)
    GPIO_ResetBits                           0x0800096f   Thumb Code     4  stm32f10x_gpio.o(.text)
    GPIO_WriteBit                            0x08000973   Thumb Code    10  stm32f10x_gpio.o(.text)
    GPIO_Write                               0x0800097d   Thumb Code     4  stm32f10x_gpio.o(.text)
    GPIO_PinLockConfig                       0x08000981   Thumb Code    18  stm32f10x_gpio.o(.text)
    GPIO_EventOutputConfig                   0x08000993   Thumb Code    26  stm32f10x_gpio.o(.text)
    GPIO_EventOutputCmd                      0x080009ad   Thumb Code     6  stm32f10x_gpio.o(.text)
    GPIO_PinRemapConfig                      0x080009b3   Thumb Code   138  stm32f10x_gpio.o(.text)
    GPIO_EXTILineConfig                      0x08000a3d   Thumb Code    66  stm32f10x_gpio.o(.text)
    GPIO_ETH_MediaInterfaceConfig            0x08000a7f   Thumb Code     8  stm32f10x_gpio.o(.text)
    RCC_DeInit                               0x08000aad   Thumb Code    64  stm32f10x_rcc.o(.text)
    RCC_HSEConfig                            0x08000aed   Thumb Code    70  stm32f10x_rcc.o(.text)
    RCC_GetFlagStatus                        0x08000b33   Thumb Code    56  stm32f10x_rcc.o(.text)
    RCC_WaitForHSEStartUp                    0x08000b6b   Thumb Code    56  stm32f10x_rcc.o(.text)
    RCC_AdjustHSICalibrationValue            0x08000ba3   Thumb Code    20  stm32f10x_rcc.o(.text)
    RCC_HSICmd                               0x08000bb7   Thumb Code     6  stm32f10x_rcc.o(.text)
    RCC_PLLConfig                            0x08000bbd   Thumb Code    24  stm32f10x_rcc.o(.text)
    RCC_PLLCmd                               0x08000bd5   Thumb Code     6  stm32f10x_rcc.o(.text)
    RCC_SYSCLKConfig                         0x08000bdb   Thumb Code    18  stm32f10x_rcc.o(.text)
    RCC_GetSYSCLKSource                      0x08000bed   Thumb Code    10  stm32f10x_rcc.o(.text)
    RCC_HCLKConfig                           0x08000bf7   Thumb Code    18  stm32f10x_rcc.o(.text)
    RCC_PCLK1Config                          0x08000c09   Thumb Code    18  stm32f10x_rcc.o(.text)
    RCC_PCLK2Config                          0x08000c1b   Thumb Code    20  stm32f10x_rcc.o(.text)
    RCC_ITConfig                             0x08000c2f   Thumb Code    26  stm32f10x_rcc.o(.text)
    RCC_USBCLKConfig                         0x08000c49   Thumb Code     8  stm32f10x_rcc.o(.text)
    RCC_ADCCLKConfig                         0x08000c51   Thumb Code    18  stm32f10x_rcc.o(.text)
    RCC_LSEConfig                            0x08000c63   Thumb Code    50  stm32f10x_rcc.o(.text)
    RCC_LSICmd                               0x08000c95   Thumb Code     6  stm32f10x_rcc.o(.text)
    RCC_RTCCLKConfig                         0x08000c9b   Thumb Code    12  stm32f10x_rcc.o(.text)
    RCC_RTCCLKCmd                            0x08000ca7   Thumb Code     8  stm32f10x_rcc.o(.text)
    RCC_GetClocksFreq                        0x08000caf   Thumb Code   192  stm32f10x_rcc.o(.text)
    RCC_AHBPeriphClockCmd                    0x08000d6f   Thumb Code    26  stm32f10x_rcc.o(.text)
    RCC_APB2PeriphClockCmd                   0x08000d89   Thumb Code    26  stm32f10x_rcc.o(.text)
    RCC_APB1PeriphClockCmd                   0x08000da3   Thumb Code    26  stm32f10x_rcc.o(.text)
    RCC_APB2PeriphResetCmd                   0x08000dbd   Thumb Code    26  stm32f10x_rcc.o(.text)
    RCC_APB1PeriphResetCmd                   0x08000dd7   Thumb Code    26  stm32f10x_rcc.o(.text)
    RCC_BackupResetCmd                       0x08000df1   Thumb Code     8  stm32f10x_rcc.o(.text)
    RCC_ClockSecuritySystemCmd               0x08000df9   Thumb Code     6  stm32f10x_rcc.o(.text)
    RCC_MCOConfig                            0x08000dff   Thumb Code     6  stm32f10x_rcc.o(.text)
    RCC_ClearFlag                            0x08000e05   Thumb Code    14  stm32f10x_rcc.o(.text)
    RCC_GetITStatus                          0x08000e13   Thumb Code    20  stm32f10x_rcc.o(.text)
    RCC_ClearITPendingBit                    0x08000e27   Thumb Code     6  stm32f10x_rcc.o(.text)
    SPI_I2S_DeInit                           0x08000e51   Thumb Code    76  stm32f10x_spi.o(.text)
    SPI_Init                                 0x08000e9d   Thumb Code    60  stm32f10x_spi.o(.text)
    I2S_Init                                 0x08000ed9   Thumb Code   226  stm32f10x_spi.o(.text)
    SPI_StructInit                           0x08000fbb   Thumb Code    24  stm32f10x_spi.o(.text)
    I2S_StructInit                           0x08000fd3   Thumb Code    20  stm32f10x_spi.o(.text)
    SPI_Cmd                                  0x08000fe7   Thumb Code    24  stm32f10x_spi.o(.text)
    I2S_Cmd                                  0x08000fff   Thumb Code    24  stm32f10x_spi.o(.text)
    SPI_I2S_ITConfig                         0x08001017   Thumb Code    32  stm32f10x_spi.o(.text)
    SPI_I2S_DMACmd                           0x08001037   Thumb Code    18  stm32f10x_spi.o(.text)
    SPI_I2S_SendData                         0x08001049   Thumb Code     4  stm32f10x_spi.o(.text)
    SPI_I2S_ReceiveData                      0x0800104d   Thumb Code     6  stm32f10x_spi.o(.text)
    SPI_NSSInternalSoftwareConfig            0x08001053   Thumb Code    30  stm32f10x_spi.o(.text)
    SPI_SSOutputCmd                          0x08001071   Thumb Code    24  stm32f10x_spi.o(.text)
    SPI_DataSizeConfig                       0x08001089   Thumb Code    18  stm32f10x_spi.o(.text)
    SPI_TransmitCRC                          0x0800109b   Thumb Code    10  stm32f10x_spi.o(.text)
    SPI_CalculateCRC                         0x080010a5   Thumb Code    24  stm32f10x_spi.o(.text)
    SPI_GetCRC                               0x080010bd   Thumb Code    16  stm32f10x_spi.o(.text)
    SPI_GetCRCPolynomial                     0x080010cd   Thumb Code     6  stm32f10x_spi.o(.text)
    SPI_BiDirectionalLineConfig              0x080010d3   Thumb Code    28  stm32f10x_spi.o(.text)
    SPI_I2S_GetFlagStatus                    0x080010ef   Thumb Code    18  stm32f10x_spi.o(.text)
    SPI_I2S_ClearFlag                        0x08001101   Thumb Code     6  stm32f10x_spi.o(.text)
    SPI_I2S_GetITStatus                      0x08001107   Thumb Code    52  stm32f10x_spi.o(.text)
    SPI_I2S_ClearITPendingBit                0x0800113b   Thumb Code    20  stm32f10x_spi.o(.text)
    TIM_DeInit                               0x0800115d   Thumb Code   424  stm32f10x_tim.o(.text)
    TIM_TimeBaseInit                         0x08001305   Thumb Code   122  stm32f10x_tim.o(.text)
    TIM_OC1Init                              0x0800137f   Thumb Code   132  stm32f10x_tim.o(.text)
    TIM_OC2Init                              0x08001403   Thumb Code   154  stm32f10x_tim.o(.text)
    TIM_OC3Init                              0x0800149d   Thumb Code   150  stm32f10x_tim.o(.text)
    TIM_OC4Init                              0x08001533   Thumb Code   182  stm32f10x_tim.o(.text)
    TIM_SetIC4Prescaler                      0x080015e9   Thumb Code    26  stm32f10x_tim.o(.text)
    TIM_SetIC3Prescaler                      0x08001685   Thumb Code    18  stm32f10x_tim.o(.text)
    TIM_SetIC2Prescaler                      0x08001711   Thumb Code    26  stm32f10x_tim.o(.text)
    TIM_SetIC1Prescaler                      0x080017ad   Thumb Code    18  stm32f10x_tim.o(.text)
    TIM_ICInit                               0x0800182b   Thumb Code   150  stm32f10x_tim.o(.text)
    TIM_PWMIConfig                           0x080018c1   Thumb Code   124  stm32f10x_tim.o(.text)
    TIM_BDTRConfig                           0x0800193d   Thumb Code    32  stm32f10x_tim.o(.text)
    TIM_TimeBaseStructInit                   0x0800195d   Thumb Code    18  stm32f10x_tim.o(.text)
    TIM_OCStructInit                         0x0800196f   Thumb Code    20  stm32f10x_tim.o(.text)
    TIM_ICStructInit                         0x08001983   Thumb Code    18  stm32f10x_tim.o(.text)
    TIM_BDTRStructInit                       0x08001995   Thumb Code    40  stm32f10x_tim.o(.text)
    TIM_Cmd                                  0x080019bd   Thumb Code    24  stm32f10x_tim.o(.text)
    TIM_CtrlPWMOutputs                       0x080019d5   Thumb Code    30  stm32f10x_tim.o(.text)
    TIM_ITConfig                             0x080019f3   Thumb Code    18  stm32f10x_tim.o(.text)
    TIM_GenerateEvent                        0x08001a05   Thumb Code     4  stm32f10x_tim.o(.text)
    TIM_DMAConfig                            0x08001a09   Thumb Code    10  stm32f10x_tim.o(.text)
    TIM_DMACmd                               0x08001a13   Thumb Code    18  stm32f10x_tim.o(.text)
    TIM_InternalClockConfig                  0x08001a25   Thumb Code    12  stm32f10x_tim.o(.text)
    TIM_SelectInputTrigger                   0x08001a31   Thumb Code    18  stm32f10x_tim.o(.text)
    TIM_ITRxExternalClockConfig              0x08001a43   Thumb Code    24  stm32f10x_tim.o(.text)
    TIM_TIxExternalClockConfig               0x08001a5b   Thumb Code    62  stm32f10x_tim.o(.text)
    TIM_ETRConfig                            0x08001a99   Thumb Code    28  stm32f10x_tim.o(.text)
    TIM_ETRClockMode1Config                  0x08001ab5   Thumb Code    54  stm32f10x_tim.o(.text)
    TIM_ETRClockMode2Config                  0x08001aeb   Thumb Code    32  stm32f10x_tim.o(.text)
    TIM_PrescalerConfig                      0x08001b0b   Thumb Code     6  stm32f10x_tim.o(.text)
    TIM_CounterModeConfig                    0x08001b11   Thumb Code    18  stm32f10x_tim.o(.text)
    TIM_EncoderInterfaceConfig               0x08001b23   Thumb Code    66  stm32f10x_tim.o(.text)
    TIM_ForcedOC1Config                      0x08001b65   Thumb Code    18  stm32f10x_tim.o(.text)
    TIM_ForcedOC2Config                      0x08001b77   Thumb Code    26  stm32f10x_tim.o(.text)
    TIM_ForcedOC3Config                      0x08001b91   Thumb Code    18  stm32f10x_tim.o(.text)
    TIM_ForcedOC4Config                      0x08001ba3   Thumb Code    26  stm32f10x_tim.o(.text)
    TIM_ARRPreloadConfig                     0x08001bbd   Thumb Code    24  stm32f10x_tim.o(.text)
    TIM_SelectCOM                            0x08001bd5   Thumb Code    24  stm32f10x_tim.o(.text)
    TIM_SelectCCDMA                          0x08001bed   Thumb Code    24  stm32f10x_tim.o(.text)
    TIM_CCPreloadControl                     0x08001c05   Thumb Code    24  stm32f10x_tim.o(.text)
    TIM_OC1PreloadConfig                     0x08001c1d   Thumb Code    18  stm32f10x_tim.o(.text)
    TIM_OC2PreloadConfig                     0x08001c2f   Thumb Code    26  stm32f10x_tim.o(.text)
    TIM_OC3PreloadConfig                     0x08001c49   Thumb Code    18  stm32f10x_tim.o(.text)
    TIM_OC4PreloadConfig                     0x08001c5b   Thumb Code    26  stm32f10x_tim.o(.text)
    TIM_OC1FastConfig                        0x08001c75   Thumb Code    18  stm32f10x_tim.o(.text)
    TIM_OC2FastConfig                        0x08001c87   Thumb Code    26  stm32f10x_tim.o(.text)
    TIM_OC3FastConfig                        0x08001ca1   Thumb Code    18  stm32f10x_tim.o(.text)
    TIM_OC4FastConfig                        0x08001cb3   Thumb Code    26  stm32f10x_tim.o(.text)
    TIM_ClearOC1Ref                          0x08001ccd   Thumb Code    18  stm32f10x_tim.o(.text)
    TIM_ClearOC2Ref                          0x08001cdf   Thumb Code    24  stm32f10x_tim.o(.text)
    TIM_ClearOC3Ref                          0x08001cf7   Thumb Code    18  stm32f10x_tim.o(.text)
    TIM_ClearOC4Ref                          0x08001d09   Thumb Code    24  stm32f10x_tim.o(.text)
    TIM_OC1PolarityConfig                    0x08001d21   Thumb Code    18  stm32f10x_tim.o(.text)
    TIM_OC1NPolarityConfig                   0x08001d33   Thumb Code    18  stm32f10x_tim.o(.text)
    TIM_OC2PolarityConfig                    0x08001d45   Thumb Code    26  stm32f10x_tim.o(.text)
    TIM_OC2NPolarityConfig                   0x08001d5f   Thumb Code    26  stm32f10x_tim.o(.text)
    TIM_OC3PolarityConfig                    0x08001d79   Thumb Code    26  stm32f10x_tim.o(.text)
    TIM_OC3NPolarityConfig                   0x08001d93   Thumb Code    26  stm32f10x_tim.o(.text)
    TIM_OC4PolarityConfig                    0x08001dad   Thumb Code    26  stm32f10x_tim.o(.text)
    TIM_CCxCmd                               0x08001dc7   Thumb Code    30  stm32f10x_tim.o(.text)
    TIM_CCxNCmd                              0x08001de5   Thumb Code    30  stm32f10x_tim.o(.text)
    TIM_SelectOCxM                           0x08001e03   Thumb Code    82  stm32f10x_tim.o(.text)
    TIM_UpdateDisableConfig                  0x08001e55   Thumb Code    24  stm32f10x_tim.o(.text)
    TIM_UpdateRequestConfig                  0x08001e6d   Thumb Code    24  stm32f10x_tim.o(.text)
    TIM_SelectHallSensor                     0x08001e85   Thumb Code    24  stm32f10x_tim.o(.text)
    TIM_SelectOnePulseMode                   0x08001e9d   Thumb Code    18  stm32f10x_tim.o(.text)
    TIM_SelectOutputTrigger                  0x08001eaf   Thumb Code    18  stm32f10x_tim.o(.text)
    TIM_SelectSlaveMode                      0x08001ec1   Thumb Code    18  stm32f10x_tim.o(.text)
    TIM_SelectMasterSlaveMode                0x08001ed3   Thumb Code    18  stm32f10x_tim.o(.text)
    TIM_SetCounter                           0x08001ee5   Thumb Code     4  stm32f10x_tim.o(.text)
    TIM_SetAutoreload                        0x08001ee9   Thumb Code     4  stm32f10x_tim.o(.text)
    TIM_SetCompare1                          0x08001eed   Thumb Code     4  stm32f10x_tim.o(.text)
    TIM_SetCompare2                          0x08001ef1   Thumb Code     4  stm32f10x_tim.o(.text)
    TIM_SetCompare3                          0x08001ef5   Thumb Code     4  stm32f10x_tim.o(.text)
    TIM_SetCompare4                          0x08001ef9   Thumb Code     6  stm32f10x_tim.o(.text)
    TIM_SetClockDivision                     0x08001eff   Thumb Code    18  stm32f10x_tim.o(.text)
    TIM_GetCapture1                          0x08001f11   Thumb Code     6  stm32f10x_tim.o(.text)
    TIM_GetCapture2                          0x08001f17   Thumb Code     6  stm32f10x_tim.o(.text)
    TIM_GetCapture3                          0x08001f1d   Thumb Code     6  stm32f10x_tim.o(.text)
    TIM_GetCapture4                          0x08001f23   Thumb Code     8  stm32f10x_tim.o(.text)
    TIM_GetCounter                           0x08001f2b   Thumb Code     6  stm32f10x_tim.o(.text)
    TIM_GetPrescaler                         0x08001f31   Thumb Code     6  stm32f10x_tim.o(.text)
    TIM_GetFlagStatus                        0x08001f37   Thumb Code    18  stm32f10x_tim.o(.text)
    TIM_ClearFlag                            0x08001f49   Thumb Code     6  stm32f10x_tim.o(.text)
    TIM_GetITStatus                          0x08001f4f   Thumb Code    34  stm32f10x_tim.o(.text)
    TIM_ClearITPendingBit                    0x08001f71   Thumb Code     6  stm32f10x_tim.o(.text)
    USART_DeInit                             0x08001f79   Thumb Code   134  stm32f10x_usart.o(.text)
    USART_Init                               0x08001fff   Thumb Code   210  stm32f10x_usart.o(.text)
    USART_StructInit                         0x080020d1   Thumb Code    24  stm32f10x_usart.o(.text)
    USART_ClockInit                          0x080020e9   Thumb Code    34  stm32f10x_usart.o(.text)
    USART_ClockStructInit                    0x0800210b   Thumb Code    12  stm32f10x_usart.o(.text)
    USART_Cmd                                0x08002117   Thumb Code    24  stm32f10x_usart.o(.text)
    USART_ITConfig                           0x0800212f   Thumb Code    74  stm32f10x_usart.o(.text)
    USART_DMACmd                             0x08002179   Thumb Code    18  stm32f10x_usart.o(.text)
    USART_SetAddress                         0x0800218b   Thumb Code    18  stm32f10x_usart.o(.text)
    USART_WakeUpConfig                       0x0800219d   Thumb Code    18  stm32f10x_usart.o(.text)
    USART_ReceiverWakeUpCmd                  0x080021af   Thumb Code    24  stm32f10x_usart.o(.text)
    USART_LINBreakDetectLengthConfig         0x080021c7   Thumb Code    18  stm32f10x_usart.o(.text)
    USART_LINCmd                             0x080021d9   Thumb Code    24  stm32f10x_usart.o(.text)
    USART_SendData                           0x080021f1   Thumb Code     8  stm32f10x_usart.o(.text)
    USART_ReceiveData                        0x080021f9   Thumb Code    10  stm32f10x_usart.o(.text)
    USART_SendBreak                          0x08002203   Thumb Code    10  stm32f10x_usart.o(.text)
    USART_SetGuardTime                       0x0800220d   Thumb Code    16  stm32f10x_usart.o(.text)
    USART_SetPrescaler                       0x0800221d   Thumb Code    16  stm32f10x_usart.o(.text)
    USART_SmartCardCmd                       0x0800222d   Thumb Code    24  stm32f10x_usart.o(.text)
    USART_SmartCardNACKCmd                   0x08002245   Thumb Code    24  stm32f10x_usart.o(.text)
    USART_HalfDuplexCmd                      0x0800225d   Thumb Code    24  stm32f10x_usart.o(.text)
    USART_OverSampling8Cmd                   0x08002275   Thumb Code    22  stm32f10x_usart.o(.text)
    USART_OneBitMethodCmd                    0x0800228b   Thumb Code    24  stm32f10x_usart.o(.text)
    USART_IrDAConfig                         0x080022a3   Thumb Code    18  stm32f10x_usart.o(.text)
    USART_IrDACmd                            0x080022b5   Thumb Code    24  stm32f10x_usart.o(.text)
    USART_GetFlagStatus                      0x080022cd   Thumb Code    26  stm32f10x_usart.o(.text)
    USART_ClearFlag                          0x080022e7   Thumb Code    18  stm32f10x_usart.o(.text)
    USART_GetITStatus                        0x080022f9   Thumb Code    84  stm32f10x_usart.o(.text)
    USART_ClearITPendingBit                  0x0800234d   Thumb Code    52  stm32f10x_usart.o(.text)
    Servor_GPIO_Config                       0x08002381   Thumb Code    92  servor.o(.text)
    Flip_GPIO_One                            0x080023dd   Thumb Code   462  servor.o(.text)
    Servo1                                   0x080025ab   Thumb Code    18  servor.o(.text)
    TIM2_NVIC_Configuration                  0x080025d9   Thumb Code    40  timer.o(.text)
    TIM3_NVIC_Configuration                  0x08002601   Thumb Code    40  timer.o(.text)
    TIM4_NVIC_Configuration                  0x08002629   Thumb Code    42  timer.o(.text)
    TIM2_Configuration                       0x08002653   Thumb Code    86  timer.o(.text)
    TIM3_Configuration                       0x080026a9   Thumb Code    78  timer.o(.text)
    TIM4_Configuration                       0x080026f7   Thumb Code    80  timer.o(.text)
    TIM5_Configuration                       0x08002747   Thumb Code    76  timer.o(.text)
    Timer_Init                               0x08002793   Thumb Code    20  timer.o(.text)
    Timer_ON                                 0x080027a7   Thumb Code    20  timer.o(.text)
    Timer_OFF                                0x080027bb   Thumb Code    22  timer.o(.text)
    PS2_Init                                 0x080027dd   Thumb Code    62  ps2.o(.text)
    PS2_Cmd                                  0x0800281b   Thumb Code   124  ps2.o(.text)
    PS2_RedLight                             0x08002897   Thumb Code    50  ps2.o(.text)
    PS2_ReadData                             0x080028c9   Thumb Code   162  ps2.o(.text)
    PS2_ClearData                            0x0800296b   Thumb Code    20  ps2.o(.text)
    PS2_DataKey                              0x0800297f   Thumb Code    94  ps2.o(.text)
    PS2_AnologData                           0x080029dd   Thumb Code     8  ps2.o(.text)
    LED_Init                                 0x08002a05   Thumb Code    50  led.o(.text)
    Led_Test                                 0x08002a37   Thumb Code    76  led.o(.text)
    SPI1_ReadWriteByte                       0x08002a89   Thumb Code    78  spi.o(.text)
    SPI1_Init                                0x08002ad7   Thumb Code   108  spi.o(.text)
    SPI1_SetSpeed                            0x08002b43   Thumb Code    26  spi.o(.text)
    SpiFlashReadID                           0x08002b69   Thumb Code    64  flash.o(.text)
    SpiFlashInit                             0x08002ba9   Thumb Code    68  flash.o(.text)
    SpiFlashReadSR                           0x08002bed   Thumb Code    36  flash.o(.text)
    SpiFlashWriteSR                          0x08002c11   Thumb Code    32  flash.o(.text)
    SpiFlashWriteEnable                      0x08002c31   Thumb Code    24  flash.o(.text)
    SpiFlashWriteDisable                     0x08002c49   Thumb Code    24  flash.o(.text)
    SpiFlashRead                             0x08002c61   Thumb Code    74  flash.o(.text)
    SpiFlashWaitBusy                         0x08002cab   Thumb Code    18  flash.o(.text)
    SpiFlashWritePage                        0x08002cbd   Thumb Code    80  flash.o(.text)
    SpiFlashWriteNoCheck                     0x08002d0d   Thumb Code    70  flash.o(.text)
    SpiFlashEraseSector                      0x08002d53   Thumb Code    62  flash.o(.text)
    SpiFlashWrite                            0x08002d91   Thumb Code   176  flash.o(.text)
    SpiFlashEraseChip                        0x08002e41   Thumb Code    36  flash.o(.text)
    SpiFlashPowerDown                        0x08002e65   Thumb Code    30  flash.o(.text)
    SpiFlashWAKEUP                           0x08002e83   Thumb Code    30  flash.o(.text)
    ASC_To_Valu                              0x08002eb5   Thumb Code    68  common.o(.text)
    u32tostr                                 0x08002ef9   Thumb Code    86  common.o(.text)
    RecStr_to_pos                            0x08002f51   Thumb Code   210  oneline.o(.text)
    RrcStr_to_pwm                            0x08003023   Thumb Code    22  oneline.o(.text)
    Parse_String_Cmd                         0x08003039   Thumb Code  1170  oneline.o(.text)
    OneLine                                  0x080034cb   Thumb Code   272  oneline.o(.text)
    Beep_Init                                0x08003625   Thumb Code    50  beep.o(.text)
    Beep_Test                                0x08003657   Thumb Code    40  beep.o(.text)
    Adc_Init                                 0x08003685   Thumb Code   132  adc.o(.text)
    Get_Adc                                  0x08003709   Thumb Code    46  adc.o(.text)
    SysTick_Init                             0x08003741   Thumb Code   106  delay.o(.text)
    Delay_us                                 0x080037ab   Thumb Code    48  delay.o(.text)
    Delay_ms                                 0x080037db   Thumb Code    54  delay.o(.text)
    TimingDelay_Decrement                    0x08003811   Thumb Code    18  delay.o(.text)
    _sys_exit                                0x08003839   Thumb Code     6  usart.o(.text)
    fputc                                    0x0800383f   Thumb Code    24  usart.o(.text)
    Uart1_NVIC_Init                          0x08003857   Thumb Code    42  usart.o(.text)
    Uart2_NVIC_Init                          0x08003881   Thumb Code    38  usart.o(.text)
    Uart3_NVIC_Init                          0x080038a7   Thumb Code    42  usart.o(.text)
    Uart1_Gpio_Config                        0x080038d1   Thumb Code    64  usart.o(.text)
    Uart2_Gpio_Config                        0x08003911   Thumb Code    66  usart.o(.text)
    Uart3_Gpio_Config                        0x08003953   Thumb Code    48  usart.o(.text)
    Uart_Init                                0x08003983   Thumb Code    46  usart.o(.text)
    USART_Config                             0x080039b1   Thumb Code    62  usart.o(.text)
    USART3_Config                            0x080039ef   Thumb Code    68  usart.o(.text)
    uart_init                                0x08003a33   Thumb Code   162  usart.o(.text)
    UART_PutChar                             0x08003ad5   Thumb Code    30  usart.o(.text)
    UART_PutStr                              0x08003af3   Thumb Code    34  usart.o(.text)
    UART_Put_Num                             0x08003b15   Thumb Code    34  usart.o(.text)
    UART_Put_Inf                             0x08003b37   Thumb Code    30  usart.o(.text)
    USART1_IRQHandler                        0x08003b55   Thumb Code   144  usart.o(.text)
    USART3_IRQHandler                        0x08003be5   Thumb Code   184  usart.o(.text)
    DealRec                                  0x08003c9d   Thumb Code    10  usart.o(.text)
    scan_ps2                                 0x08003cbd   Thumb Code  1560  main.o(.text)
    ReadMoterInfor                           0x080042d5   Thumb Code    52  main.o(.text)
    WriteMoterInfor                          0x08004309   Thumb Code    82  main.o(.text)
    updata_file_list                         0x0800435b   Thumb Code    62  main.o(.text)
    ReadOneCmdInfor                          0x08004399   Thumb Code    90  main.o(.text)
    WriteOneCmdInfor                         0x080043f3   Thumb Code    98  main.o(.text)
    SendUartState                            0x08004455   Thumb Code  1876  main.o(.text)
    GetOneMotorCMD                           0x08004ba9   Thumb Code   548  main.o(.text)
    change                                   0x08004dcd   Thumb Code   616  main.o(.text)
    vpwm                                     0x08005035   Thumb Code   298  main.o(.text)
    InitMotor                                0x0800515f   Thumb Code    24  main.o(.text)
    main                                     0x08005177   Thumb Code   158  main.o(.text)
    Check_Power                              0x08005215   Thumb Code    74  main.o(.text)
    Flash_Test                               0x0800525f   Thumb Code    90  main.o(.text)
    NMI_Handler                              0x08005371   Thumb Code     2  stm32f10x_it.o(.text)
    HardFault_Handler                        0x08005373   Thumb Code     4  stm32f10x_it.o(.text)
    MemManage_Handler                        0x08005377   Thumb Code     4  stm32f10x_it.o(.text)
    BusFault_Handler                         0x0800537b   Thumb Code     4  stm32f10x_it.o(.text)
    UsageFault_Handler                       0x0800537f   Thumb Code     4  stm32f10x_it.o(.text)
    SVC_Handler                              0x08005383   Thumb Code     2  stm32f10x_it.o(.text)
    DebugMon_Handler                         0x08005385   Thumb Code     2  stm32f10x_it.o(.text)
    PendSV_Handler                           0x08005387   Thumb Code     2  stm32f10x_it.o(.text)
    SysTick_Handler                          0x08005389   Thumb Code     8  stm32f10x_it.o(.text)
    TIM2_IRQHandler                          0x08005391   Thumb Code    34  stm32f10x_it.o(.text)
    TIM3_IRQHandler                          0x080053b3   Thumb Code    30  stm32f10x_it.o(.text)
    TIM4_IRQHandler                          0x080053d1   Thumb Code   140  stm32f10x_it.o(.text)
    TIM5_IRQHandler                          0x0800545d   Thumb Code    30  stm32f10x_it.o(.text)
    SystemInit                               0x08005587   Thumb Code    78  system_stm32f10x.o(.text)
    SystemCoreClockUpdate                    0x080055d5   Thumb Code   142  system_stm32f10x.o(.text)
    __use_no_semihosting                     0x08005689   Thumb Code     2  use_no_semi_2.o(.text)
    __2sprintf                               0x0800568d   Thumb Code    34  noretval__2sprintf.o(.text)
    __printf                                 0x080056b5   Thumb Code   104  __printf.o(.text)
    _printf_int_dec                          0x0800571d   Thumb Code   104  _printf_dec.o(.text)
    atoi                                     0x08005795   Thumb Code    26  atoi.o(.text)
    strchr                                   0x080057af   Thumb Code    20  strchr.o(.text)
    strstr                                   0x080057c3   Thumb Code    36  strstr.o(.text)
    strlen                                   0x080057e7   Thumb Code    62  strlen.o(.text)
    __aeabi_memcpy4                          0x08005825   Thumb Code     0  rt_memcpy_w.o(.text)
    __aeabi_memcpy8                          0x08005825   Thumb Code     0  rt_memcpy_w.o(.text)
    __rt_memcpy_w                            0x08005825   Thumb Code   100  rt_memcpy_w.o(.text)
    _memcpy_lastbytes_aligned                0x0800586d   Thumb Code     0  rt_memcpy_w.o(.text)
    __aeabi_memclr                           0x08005889   Thumb Code     0  rt_memclr.o(.text)
    __rt_memclr                              0x08005889   Thumb Code    68  rt_memclr.o(.text)
    _memset                                  0x0800588d   Thumb Code     0  rt_memclr.o(.text)
    __aeabi_memclr4                          0x080058cd   Thumb Code     0  rt_memclr_w.o(.text)
    __aeabi_memclr8                          0x080058cd   Thumb Code     0  rt_memclr_w.o(.text)
    __rt_memclr_w                            0x080058cd   Thumb Code    78  rt_memclr_w.o(.text)
    _memset_w                                0x080058d1   Thumb Code     0  rt_memclr_w.o(.text)
    __use_two_region_memory                  0x0800591b   Thumb Code     2  heapauxi.o(.text)
    __rt_heap_escrow$2region                 0x0800591d   Thumb Code     2  heapauxi.o(.text)
    __rt_heap_expand$2region                 0x0800591f   Thumb Code     2  heapauxi.o(.text)
    __I$use$semihosting                      0x08005921   Thumb Code     0  use_no_semi.o(.text)
    __use_no_semihosting_swi                 0x08005921   Thumb Code     2  use_no_semi.o(.text)
    __aeabi_errno_addr                       0x08005925   Thumb Code     8  rt_errno_addr_intlibspace.o(.text)
    __errno$intlibspace                      0x08005925   Thumb Code     0  rt_errno_addr_intlibspace.o(.text)
    __rt_errno_addr$intlibspace              0x08005925   Thumb Code     0  rt_errno_addr_intlibspace.o(.text)
    _printf_int_common                       0x0800592d   Thumb Code   178  _printf_intcommon.o(.text)
    _printf_char_common                      0x080059eb   Thumb Code    32  _printf_char_common.o(.text)
    _sputc                                   0x08005a11   Thumb Code    10  _sputc.o(.text)
    strtol                                   0x08005a1b   Thumb Code   112  strtol.o(.text)
    __user_libspace                          0x08005a8d   Thumb Code     8  libspace.o(.text)
    __user_perproc_libspace                  0x08005a8d   Thumb Code     0  libspace.o(.text)
    __user_perthread_libspace                0x08005a8d   Thumb Code     0  libspace.o(.text)
    __rt_ctype_table                         0x08005a95   Thumb Code    16  rt_ctype_table.o(.text)
    _strtoul                                 0x08005aa5   Thumb Code   158  _strtoul.o(.text)
    __user_setup_stackheap                   0x08005b43   Thumb Code    74  sys_stackheap_outer.o(.text)
    __rt_locale                              0x08005b8d   Thumb Code     8  rt_locale_intlibspace.o(.text)
    _chval                                   0x08005b95   Thumb Code    28  _chval.o(.text)
    exit                                     0x08005bb1   Thumb Code    18  exit.o(.text)
    strcmp                                   0x08005bc5   Thumb Code   128  strcmpv7m.o(.text)
    _get_lc_ctype                            0x08005c45   Thumb Code    44  lc_ctype_c.o(locale$$code)
    __aeabi_dadd                             0x08005c71   Thumb Code     0  daddsub_clz.o(x$fpl$dadd)
    _dadd                                    0x08005c71   Thumb Code   332  daddsub_clz.o(x$fpl$dadd)
    __aeabi_ddiv                             0x08005dc1   Thumb Code     0  ddiv.o(x$fpl$ddiv)
    _ddiv                                    0x08005dc1   Thumb Code   552  ddiv.o(x$fpl$ddiv)
    __aeabi_d2uiz                            0x08006071   Thumb Code     0  dfixu.o(x$fpl$dfixu)
    _dfixu                                   0x08006071   Thumb Code    90  dfixu.o(x$fpl$dfixu)
    __aeabi_i2d                              0x080060cb   Thumb Code     0  dflt_clz.o(x$fpl$dflt)
    _dflt                                    0x080060cb   Thumb Code    46  dflt_clz.o(x$fpl$dflt)
    __aeabi_ui2d                             0x080060f9   Thumb Code     0  dflt_clz.o(x$fpl$dfltu)
    _dfltu                                   0x080060f9   Thumb Code    38  dflt_clz.o(x$fpl$dfltu)
    __aeabi_dmul                             0x08006121   Thumb Code     0  dmul.o(x$fpl$dmul)
    _dmul                                    0x08006121   Thumb Code   332  dmul.o(x$fpl$dmul)
    __fpl_dnaninf                            0x08006275   Thumb Code   156  dnaninf.o(x$fpl$dnaninf)
    __fpl_dretinf                            0x08006311   Thumb Code    12  dretinf.o(x$fpl$dretinf)
    __aeabi_dsub                             0x0800631d   Thumb Code     0  daddsub_clz.o(x$fpl$dsub)
    _dsub                                    0x0800631d   Thumb Code   464  daddsub_clz.o(x$fpl$dsub)
    TEXT_Buffer                              0x080064f0   Data          15  main.o(.constdata)
    __I$use$fp                               0x080064f0   Number         0  usenofp.o(x$fpl$usenofp)
    Region$$Table$$Base                      0x08006500   Number         0  anon$$obj.o(Region$$Table)
    Region$$Table$$Limit                     0x08006520   Number         0  anon$$obj.o(Region$$Table)
    __ctype                                  0x0800652d   Data           0  lc_ctype_c.o(locale$$data)
    count1                                   0x20000014   Data           1  servor.o(.data)
    count2                                   0x20000015   Data           1  servor.o(.data)
    count3                                   0x20000016   Data           1  servor.o(.data)
    Handkey                                  0x20000018   Data           2  ps2.o(.data)
    Comd                                     0x2000001a   Data           2  ps2.o(.data)
    MASK                                     0x2000001c   Data          32  ps2.o(.data)
    SPI_FLASH_TYPE                           0x2000003e   Data           2  flash.o(.data)
    pwm_num                                  0x20000040   Data           1  oneline.o(.data)
    a                                        0x20000044   Data           4  delay.o(.data)
    flag_RecFul                              0x2000004c   Data           1  usart.o(.data)
    __stdout                                 0x20000050   Data           4  usart.o(.data)
    FLASH_SIZE                               0x20000060   Data           4  main.o(.data)
    date                                     0x20000064   Data           3  main.o(.data)
    value                                    0x20000068   Data           4  main.o(.data)
    key                                      0x2000006c   Data           4  main.o(.data)
    key_bak                                  0x20000070   Data           4  main.o(.data)
    pos                                      0x20000074   Data         126  main.o(.data)
    CPWM                                     0x200000f2   Data          18  main.o(.data)
    UartRec                                  0x20000104   Data          18  main.o(.data)
    dj1                                      0x20000118   Data           4  main.o(.data)
    dj2                                      0x2000011c   Data           4  main.o(.data)
    dj3                                      0x20000120   Data           4  main.o(.data)
    dj4                                      0x20000124   Data           4  main.o(.data)
    dj5                                      0x20000128   Data           4  main.o(.data)
    dj6                                      0x2000012c   Data           4  main.o(.data)
    line                                     0x20000130   Data           1  main.o(.data)
    point_now                                0x20000131   Data           1  main.o(.data)
    point_aim                                0x20000132   Data           1  main.o(.data)
    point_in                                 0x20000133   Data           1  main.o(.data)
    flag_connect                             0x20000134   Data           1  main.o(.data)
    flag_stop                                0x20000135   Data           1  main.o(.data)
    flag_vpwm                                0x20000136   Data           1  main.o(.data)
    flag_in                                  0x20000137   Data           1  main.o(.data)
    flag_out                                 0x20000138   Data           1  main.o(.data)
    flag_run_ready                           0x20000139   Data           1  main.o(.data)
    n                                        0x2000013a   Data           2  main.o(.data)
    m                                        0x2000013c   Data           2  main.o(.data)
    dp                                       0x20000140   Data           8  main.o(.data)
    flag_download                            0x20000148   Data           1  main.o(.data)
    flag_All_download                        0x20000149   Data           1  main.o(.data)
    flag_All_Stop_Down                       0x2000014a   Data           1  main.o(.data)
    flag_read                                0x2000014b   Data           1  main.o(.data)
    flag_connect_run                         0x2000014c   Data           1  main.o(.data)
    flag_stop_download                       0x2000014d   Data           1  main.o(.data)
    flag_online_run                          0x2000014e   Data           1  main.o(.data)
    flag_uart2_rev                           0x2000014f   Data           1  main.o(.data)
    flag_uart2_rev_time_out                  0x20000150   Data           1  main.o(.data)
    flag_ps2_rev                             0x20000151   Data           1  main.o(.data)
    send_mode                                0x20000154   Data           4  main.o(.data)
    tuoji_count                              0x20000158   Data           2  main.o(.data)
    flag_scan_ps2                            0x2000015a   Data           1  main.o(.data)
    flag_adc                                 0x2000015b   Data           1  main.o(.data)
    error                                    0x2000015c   Data           1  main.o(.data)
    file_list_count                          0x20000160   Data           4  main.o(.data)
    file_last_num                            0x20000164   Data           4  main.o(.data)
    cur_count                                0x20000168   Data           2  main.o(.data)
    adc_value                                0x2000016a   Data           2  main.o(.data)
    ps2_mode                                 0x2000016c   Data           1  main.o(.data)
    All_down_num                             0x2000016d   Data           1  main.o(.data)
    Flag_Flash                               0x2000016e   Data           1  main.o(.data)
    i                                        0x20000176   Data           1  stm32f10x_it.o(.data)
    time                                     0x20000177   Data           1  stm32f10x_it.o(.data)
    led_time                                 0x20000178   Data           1  stm32f10x_it.o(.data)
    Flash_time                               0x20000179   Data           1  stm32f10x_it.o(.data)
    SystemCoreClock                          0x2000017c   Data           4  system_stm32f10x.o(.data)
    AHBPrescTable                            0x20000180   Data          16  system_stm32f10x.o(.data)
    Data                                     0x20000190   Data           9  ps2.o(.bss)
    SPI_InitStructure                        0x2000019a   Data          18  spi.o(.bss)
    SPI_FLASH_BUF                            0x200001ac   Data        4096  flash.o(.bss)
    datatemp                                 0x200011b0   Data          15  main.o(.bss)
    buf                                      0x200011bf   Data          30  main.o(.bss)
    dp0                                      0x200011e0   Data          72  main.o(.bss)
    redata                                   0x20001228   Data         257  main.o(.bss)
    motor_data                               0x2000132c   Data          48  main.o(.bss)
    motor_one_cmd                            0x2000135c   Data          52  main.o(.bss)
    cur_item                                 0x20001390   Data          16  main.o(.bss)
    file_list                                0x200013a0   Data          32  main.o(.bss)
    ps2_buf                                  0x200013c0   Data         120  main.o(.bss)
    uart2_buf                                0x20001438   Data          50  main.o(.bss)
    __libspace_start                         0x2000146c   Data          96  libspace.o(.bss)
    __temporary_stack_top$libspace           0x200014cc   Data           0  libspace.o(.bss)



==============================================================================

Memory Map of the image

  Image Entry point : 0x080000ed

  Load Region LR_IROM1 (Base: 0x08000000, Size: 0x000067c0, Max: 0x00010000, ABSOLUTE, COMPRESSED[0x000066a4])

    Execution Region ER_IROM1 (Base: 0x08000000, Size: 0x00006630, Max: 0x00010000, ABSOLUTE)

    Base Addr    Size         Type   Attr      Idx    E Section Name        Object

    0x08000000   0x000000ec   Data   RO           19    RESET               startup_stm32f10x_md.o
    0x080000ec   0x00000008   Code   RO          831  * !!!main             c_w.l(__main.o)
    0x080000f4   0x00000034   Code   RO         1047    !!!scatter          c_w.l(__scatter.o)
    0x08000128   0x0000005a   Code   RO         1045    !!dczerorl2         c_w.l(__dczerorl2.o)
    0x08000182   0x00000002   PAD
    0x08000184   0x0000001c   Code   RO         1049    !!handler_zi        c_w.l(__scatter_zi.o)
    0x080001a0   0x00000000   Code   RO          814    .ARM.Collect$$_printf_percent$$00000000  c_w.l(_printf_percent.o)
    0x080001a0   0x00000006   Code   RO          813    .ARM.Collect$$_printf_percent$$00000009  c_w.l(_printf_d.o)
    0x080001a6   0x00000004   Code   RO          869    .ARM.Collect$$_printf_percent$$00000017  c_w.l(_printf_percent_end.o)
    0x080001aa   0x00000002   Code   RO          920    .ARM.Collect$$libinit$$00000000  c_w.l(libinit.o)
    0x080001ac   0x00000000   Code   RO          926    .ARM.Collect$$libinit$$00000002  c_w.l(libinit2.o)
    0x080001ac   0x00000000   Code   RO          928    .ARM.Collect$$libinit$$00000004  c_w.l(libinit2.o)
    0x080001ac   0x00000000   Code   RO          931    .ARM.Collect$$libinit$$0000000A  c_w.l(libinit2.o)
    0x080001ac   0x00000000   Code   RO          933    .ARM.Collect$$libinit$$0000000C  c_w.l(libinit2.o)
    0x080001ac   0x00000000   Code   RO          935    .ARM.Collect$$libinit$$0000000E  c_w.l(libinit2.o)
    0x080001ac   0x00000006   Code   RO          936    .ARM.Collect$$libinit$$0000000F  c_w.l(libinit2.o)
    0x080001b2   0x00000000   Code   RO          938    .ARM.Collect$$libinit$$00000011  c_w.l(libinit2.o)
    0x080001b2   0x0000000c   Code   RO          939    .ARM.Collect$$libinit$$00000012  c_w.l(libinit2.o)
    0x080001be   0x00000000   Code   RO          940    .ARM.Collect$$libinit$$00000013  c_w.l(libinit2.o)
    0x080001be   0x00000000   Code   RO          942    .ARM.Collect$$libinit$$00000015  c_w.l(libinit2.o)
    0x080001be   0x00000000   Code   RO          944    .ARM.Collect$$libinit$$00000017  c_w.l(libinit2.o)
    0x080001be   0x00000000   Code   RO          946    .ARM.Collect$$libinit$$00000019  c_w.l(libinit2.o)
    0x080001be   0x00000000   Code   RO          948    .ARM.Collect$$libinit$$0000001B  c_w.l(libinit2.o)
    0x080001be   0x00000000   Code   RO          950    .ARM.Collect$$libinit$$0000001D  c_w.l(libinit2.o)
    0x080001be   0x00000000   Code   RO          952    .ARM.Collect$$libinit$$0000001F  c_w.l(libinit2.o)
    0x080001be   0x00000000   Code   RO          954    .ARM.Collect$$libinit$$00000021  c_w.l(libinit2.o)
    0x080001be   0x00000000   Code   RO          956    .ARM.Collect$$libinit$$00000023  c_w.l(libinit2.o)
    0x080001be   0x00000000   Code   RO          958    .ARM.Collect$$libinit$$00000025  c_w.l(libinit2.o)
    0x080001be   0x00000000   Code   RO          962    .ARM.Collect$$libinit$$0000002C  c_w.l(libinit2.o)
    0x080001be   0x00000000   Code   RO          964    .ARM.Collect$$libinit$$0000002E  c_w.l(libinit2.o)
    0x080001be   0x00000000   Code   RO          966    .ARM.Collect$$libinit$$00000030  c_w.l(libinit2.o)
    0x080001be   0x00000000   Code   RO          968    .ARM.Collect$$libinit$$00000032  c_w.l(libinit2.o)
    0x080001be   0x00000002   Code   RO          969    .ARM.Collect$$libinit$$00000033  c_w.l(libinit2.o)
    0x080001c0   0x00000002   Code   RO          987    .ARM.Collect$$libshutdown$$00000000  c_w.l(libshutdown.o)
    0x080001c2   0x00000000   Code   RO          997    .ARM.Collect$$libshutdown$$00000002  c_w.l(libshutdown2.o)
    0x080001c2   0x00000000   Code   RO          999    .ARM.Collect$$libshutdown$$00000004  c_w.l(libshutdown2.o)
    0x080001c2   0x00000000   Code   RO         1002    .ARM.Collect$$libshutdown$$00000007  c_w.l(libshutdown2.o)
    0x080001c2   0x00000000   Code   RO         1005    .ARM.Collect$$libshutdown$$0000000A  c_w.l(libshutdown2.o)
    0x080001c2   0x00000000   Code   RO         1007    .ARM.Collect$$libshutdown$$0000000C  c_w.l(libshutdown2.o)
    0x080001c2   0x00000000   Code   RO         1010    .ARM.Collect$$libshutdown$$0000000F  c_w.l(libshutdown2.o)
    0x080001c2   0x00000002   Code   RO         1011    .ARM.Collect$$libshutdown$$00000010  c_w.l(libshutdown2.o)
    0x080001c4   0x00000000   Code   RO          857    .ARM.Collect$$rtentry$$00000000  c_w.l(__rtentry.o)
    0x080001c4   0x00000000   Code   RO          881    .ARM.Collect$$rtentry$$00000002  c_w.l(__rtentry2.o)
    0x080001c4   0x00000006   Code   RO          893    .ARM.Collect$$rtentry$$00000004  c_w.l(__rtentry4.o)
    0x080001ca   0x00000000   Code   RO          883    .ARM.Collect$$rtentry$$00000009  c_w.l(__rtentry2.o)
    0x080001ca   0x00000004   Code   RO          884    .ARM.Collect$$rtentry$$0000000A  c_w.l(__rtentry2.o)
    0x080001ce   0x00000000   Code   RO          886    .ARM.Collect$$rtentry$$0000000C  c_w.l(__rtentry2.o)
    0x080001ce   0x00000008   Code   RO          887    .ARM.Collect$$rtentry$$0000000D  c_w.l(__rtentry2.o)
    0x080001d6   0x00000002   Code   RO          921    .ARM.Collect$$rtexit$$00000000  c_w.l(rtexit.o)
    0x080001d8   0x00000000   Code   RO          971    .ARM.Collect$$rtexit$$00000002  c_w.l(rtexit2.o)
    0x080001d8   0x00000004   Code   RO          972    .ARM.Collect$$rtexit$$00000003  c_w.l(rtexit2.o)
    0x080001dc   0x00000006   Code   RO          973    .ARM.Collect$$rtexit$$00000004  c_w.l(rtexit2.o)
    0x080001e2   0x00000002   PAD
    0x080001e4   0x00000040   Code   RO           20    .text               startup_stm32f10x_md.o
    0x08000224   0x000000dc   Code   RO           24    .text               misc.o
    0x08000300   0x0000044e   Code   RO           74    .text               stm32f10x_adc.o
    0x0800074e   0x00000002   PAD
    0x08000750   0x0000035c   Code   RO          233    .text               stm32f10x_gpio.o
    0x08000aac   0x000003a4   Code   RO          290    .text               stm32f10x_rcc.o
    0x08000e50   0x0000030c   Code   RO          334    .text               stm32f10x_spi.o
    0x0800115c   0x00000e1a   Code   RO          346    .text               stm32f10x_tim.o
    0x08001f76   0x00000002   PAD
    0x08001f78   0x00000408   Code   RO          358    .text               stm32f10x_usart.o
    0x08002380   0x00000258   Code   RO          385    .text               servor.o
    0x080025d8   0x00000204   Code   RO          422    .text               timer.o
    0x080027dc   0x00000228   Code   RO          437    .text               ps2.o
    0x08002a04   0x00000084   Code   RO          456    .text               led.o
    0x08002a88   0x000000e0   Code   RO          487    .text               spi.o
    0x08002b68   0x0000034c   Code   RO          505    .text               flash.o
    0x08002eb4   0x0000009a   Code   RO          527    .text               common.o
    0x08002f4e   0x00000002   PAD
    0x08002f50   0x000006d4   Code   RO          542    .text               oneline.o
    0x08003624   0x00000060   Code   RO          571    .text               beep.o
    0x08003684   0x000000bc   Code   RO          586    .text               adc.o
    0x08003740   0x000000f8   Code   RO          601    .text               delay.o
    0x08003838   0x00000484   Code   RO          642    .text               usart.o
    0x08003cbc   0x000016b4   Code   RO          672    .text               main.o
    0x08005370   0x00000138   Code   RO          747    .text               stm32f10x_it.o
    0x080054a8   0x000001e0   Code   RO          763    .text               system_stm32f10x.o
    0x08005688   0x00000002   Code   RO          783    .text               c_w.l(use_no_semi_2.o)
    0x0800568a   0x00000002   PAD
    0x0800568c   0x00000028   Code   RO          787    .text               c_w.l(noretval__2sprintf.o)
    0x080056b4   0x00000068   Code   RO          789    .text               c_w.l(__printf.o)
    0x0800571c   0x00000078   Code   RO          791    .text               c_w.l(_printf_dec.o)
    0x08005794   0x0000001a   Code   RO          815    .text               c_w.l(atoi.o)
    0x080057ae   0x00000014   Code   RO          817    .text               c_w.l(strchr.o)
    0x080057c2   0x00000024   Code   RO          819    .text               c_w.l(strstr.o)
    0x080057e6   0x0000003e   Code   RO          821    .text               c_w.l(strlen.o)
    0x08005824   0x00000064   Code   RO          823    .text               c_w.l(rt_memcpy_w.o)
    0x08005888   0x00000044   Code   RO          825    .text               c_w.l(rt_memclr.o)
    0x080058cc   0x0000004e   Code   RO          827    .text               c_w.l(rt_memclr_w.o)
    0x0800591a   0x00000006   Code   RO          829    .text               c_w.l(heapauxi.o)
    0x08005920   0x00000002   Code   RO          855    .text               c_w.l(use_no_semi.o)
    0x08005922   0x00000002   PAD
    0x08005924   0x00000008   Code   RO          861    .text               c_w.l(rt_errno_addr_intlibspace.o)
    0x0800592c   0x000000b2   Code   RO          863    .text               c_w.l(_printf_intcommon.o)
    0x080059de   0x00000002   PAD
    0x080059e0   0x00000030   Code   RO          865    .text               c_w.l(_printf_char_common.o)
    0x08005a10   0x0000000a   Code   RO          867    .text               c_w.l(_sputc.o)
    0x08005a1a   0x00000070   Code   RO          870    .text               c_w.l(strtol.o)
    0x08005a8a   0x00000002   PAD
    0x08005a8c   0x00000008   Code   RO          877    .text               c_w.l(libspace.o)
    0x08005a94   0x00000010   Code   RO          895    .text               c_w.l(rt_ctype_table.o)
    0x08005aa4   0x0000009e   Code   RO          899    .text               c_w.l(_strtoul.o)
    0x08005b42   0x0000004a   Code   RO          901    .text               c_w.l(sys_stackheap_outer.o)
    0x08005b8c   0x00000008   Code   RO          906    .text               c_w.l(rt_locale_intlibspace.o)
    0x08005b94   0x0000001c   Code   RO          908    .text               c_w.l(_chval.o)
    0x08005bb0   0x00000012   Code   RO          913    .text               c_w.l(exit.o)
    0x08005bc2   0x00000002   PAD
    0x08005bc4   0x00000080   Code   RO          923    .text               c_w.l(strcmpv7m.o)
    0x08005c44   0x0000002c   Code   RO          911    locale$$code        c_w.l(lc_ctype_c.o)
    0x08005c70   0x00000150   Code   RO          833    x$fpl$dadd          fz_ws.l(daddsub_clz.o)
    0x08005dc0   0x000002b0   Code   RO          840    x$fpl$ddiv          fz_ws.l(ddiv.o)
    0x08006070   0x0000005a   Code   RO          843    x$fpl$dfixu         fz_ws.l(dfixu.o)
    0x080060ca   0x0000002e   Code   RO          848    x$fpl$dflt          fz_ws.l(dflt_clz.o)
    0x080060f8   0x00000026   Code   RO          847    x$fpl$dfltu         fz_ws.l(dflt_clz.o)
    0x0800611e   0x00000002   PAD
    0x08006120   0x00000154   Code   RO          853    x$fpl$dmul          fz_ws.l(dmul.o)
    0x08006274   0x0000009c   Code   RO          872    x$fpl$dnaninf       fz_ws.l(dnaninf.o)
    0x08006310   0x0000000c   Code   RO          874    x$fpl$dretinf       fz_ws.l(dretinf.o)
    0x0800631c   0x000001d4   Code   RO          835    x$fpl$dsub          fz_ws.l(daddsub_clz.o)
    0x080064f0   0x00000000   Code   RO          876    x$fpl$usenofp       fz_ws.l(usenofp.o)
    0x080064f0   0x0000000f   Data   RO          674    .constdata          main.o
    0x080064ff   0x00000001   PAD
    0x08006500   0x00000020   Data   RO         1043    Region$$Table       anon$$obj.o
    0x08006520   0x00000110   Data   RO          910    locale$$data        c_w.l(lc_ctype_c.o)


    Execution Region RW_IRAM1 (Base: 0x20000000, Size: 0x00001ad0, Max: 0x00005000, ABSOLUTE, COMPRESSED[0x00000074])

    Base Addr    Size         Type   Attr      Idx    E Section Name        Object

    0x20000000   0x00000014   Data   RW          291    .data               stm32f10x_rcc.o
    0x20000014   0x00000003   Data   RW          387    .data               servor.o
    0x20000017   0x00000001   PAD
    0x20000018   0x00000025   Data   RW          439    .data               ps2.o
    0x2000003d   0x00000001   PAD
    0x2000003e   0x00000002   Data   RW          507    .data               flash.o
    0x20000040   0x00000001   Data   RW          543    .data               oneline.o
    0x20000041   0x00000003   PAD
    0x20000044   0x00000008   Data   RW          602    .data               delay.o
    0x2000004c   0x0000000d   Data   RW          643    .data               usart.o
    0x20000059   0x00000007   PAD
    0x20000060   0x00000116   Data   RW          675    .data               main.o
    0x20000176   0x00000004   Data   RW          748    .data               stm32f10x_it.o
    0x2000017a   0x00000002   PAD
    0x2000017c   0x00000014   Data   RW          764    .data               system_stm32f10x.o
    0x20000190   0x00000009   Zero   RW          438    .bss                ps2.o
    0x20000199   0x00000001   PAD
    0x2000019a   0x00000012   Zero   RW          488    .bss                spi.o
    0x200001ac   0x00001000   Zero   RW          506    .bss                flash.o
    0x200011ac   0x00000004   PAD
    0x200011b0   0x000002ba   Zero   RW          673    .bss                main.o
    0x2000146a   0x00000002   PAD
    0x2000146c   0x00000060   Zero   RW          878    .bss                c_w.l(libspace.o)
    0x200014cc   0x00000004   PAD
    0x200014d0   0x00000200   Zero   RW           18    HEAP                startup_stm32f10x_md.o
    0x200016d0   0x00000400   Zero   RW           17    STACK               startup_stm32f10x_md.o


==============================================================================

Image component sizes


      Code (inc. data)   RO Data    RW Data    ZI Data      Debug   Object Name

       188         10          0          0          0       1003   adc.o
        96          6          0          0          0        830   beep.o
       154         10          0          0          0       1167   common.o
         0          0          0          0          0       4532   core_cm3.o
       248         22          0          8          0      17606   delay.o
       844         20          0          2       4096       5031   flash.o
       132          6          0          0          0        844   led.o
      5812        916         15        278        698     211415   main.o
       220         22          0          0          0     266549   misc.o
      1748        304          0          1          0       3085   oneline.o
       552         32          0         37          9       3187   ps2.o
       600         46          0          3          0       3718   servor.o
       224         12          0          0         18       1713   spi.o
        64         26        236          0       1536        928   startup_stm32f10x_md.o
      1102         26          0          0          0      11401   stm32f10x_adc.o
       860         38          0          0          0       6097   stm32f10x_gpio.o
       312         46          0          4          0       2627   stm32f10x_it.o
       932         36          0         20          0       9476   stm32f10x_rcc.o
       780         14          0          0          0       6978   stm32f10x_spi.o
      3610         88          0          0          0      23204   stm32f10x_tim.o
      1032         22          0          0          0       8824   stm32f10x_usart.o
       480         38          0         20          0       2403   system_stm32f10x.o
       516         12          0          0          0       2280   timer.o
      1156         78          0         13          0       7381   usart.o

    ----------------------------------------------------------------------
     21668       1830        284        400       6364     602279   Object Totals
         0          0         32          0          0          0   (incl. Generated)
         6          0          1         14          7          0   (incl. Padding)

    ----------------------------------------------------------------------

      Code (inc. data)   RO Data    RW Data    ZI Data      Debug   Library Member Name

        90          0          0          0          0          0   __dczerorl2.o
         8          0          0          0          0         68   __main.o
       104          0          0          0          0         84   __printf.o
         0          0          0          0          0          0   __rtentry.o
        12          0          0          0          0          0   __rtentry2.o
         6          0          0          0          0          0   __rtentry4.o
        52          8          0          0          0          0   __scatter.o
        28          0          0          0          0          0   __scatter_zi.o
        28          0          0          0          0         68   _chval.o
        48          6          0          0          0         96   _printf_char_common.o
         6          0          0          0          0          0   _printf_d.o
       120         16          0          0          0         92   _printf_dec.o
       178          0          0          0          0         88   _printf_intcommon.o
         0          0          0          0          0          0   _printf_percent.o
         4          0          0          0          0          0   _printf_percent_end.o
        10          0          0          0          0         68   _sputc.o
       158          0          0          0          0         92   _strtoul.o
        26          0          0          0          0         80   atoi.o
        18          0          0          0          0         80   exit.o
         6          0          0          0          0        152   heapauxi.o
        44         10        272          0          0         76   lc_ctype_c.o
         2          0          0          0          0          0   libinit.o
        20          0          0          0          0          0   libinit2.o
         2          0          0          0          0          0   libshutdown.o
         2          0          0          0          0          0   libshutdown2.o
         8          4          0          0         96         68   libspace.o
        40          6          0          0          0         84   noretval__2sprintf.o
        16          4          0          0          0         76   rt_ctype_table.o
         8          4          0          0          0         68   rt_errno_addr_intlibspace.o
         8          4          0          0          0         68   rt_locale_intlibspace.o
        68          0          0          0          0         68   rt_memclr.o
        78          0          0          0          0         80   rt_memclr_w.o
       100          0          0          0          0         80   rt_memcpy_w.o
         2          0          0          0          0          0   rtexit.o
        10          0          0          0          0          0   rtexit2.o
        20          0          0          0          0         68   strchr.o
       128          0          0          0          0         68   strcmpv7m.o
        62          0          0          0          0         76   strlen.o
        36          0          0          0          0         80   strstr.o
       112          0          0          0          0         88   strtol.o
        74          0          0          0          0         80   sys_stackheap_outer.o
         2          0          0          0          0         68   use_no_semi.o
         2          0          0          0          0         68   use_no_semi_2.o
       804         16          0          0          0        272   daddsub_clz.o
       688        140          0          0          0        208   ddiv.o
        90          4          0          0          0         92   dfixu.o
        84          0          0          0          0        136   dflt_clz.o
       340         12          0          0          0        104   dmul.o
       156          4          0          0          0         92   dnaninf.o
        12          0          0          0          0         68   dretinf.o
         0          0          0          0          0          0   usenofp.o

    ----------------------------------------------------------------------
      3936        238        272          0        100       3204   Library Totals
        16          0          0          0          4          0   (incl. Padding)

    ----------------------------------------------------------------------

      Code (inc. data)   RO Data    RW Data    ZI Data      Debug   Library Name

      1746         62        272          0         96       2232   c_w.l
      2174        176          0          0          0        972   fz_ws.l

    ----------------------------------------------------------------------
      3936        238        272          0        100       3204   Library Totals

    ----------------------------------------------------------------------

==============================================================================


      Code (inc. data)   RO Data    RW Data    ZI Data      Debug   

     25604       2068        556        400       6464     601735   Grand Totals
     25604       2068        556        116       6464     601735   ELF Image Totals (compressed)
     25604       2068        556        116          0          0   ROM Totals

==============================================================================

    Total RO  Size (Code + RO Data)                26160 (  25.55kB)
    Total RW  Size (RW Data + ZI Data)              6864 (   6.70kB)
    Total ROM Size (Code + RO Data + RW Data)      26276 (  25.66kB)

==============================================================================

