<html>
<body>
<pre>
<h1>礦ision Build Log</h1>
<h2>Tool Versions:</h2>
IDE-Version: μVision V5.18.0.0
Copyright (C) 2016 ARM Ltd and ARM Germany GmbH. All rights reserved.
License Information: Tan Haipeng, zdxh, LIC=----
 
Tool Versions:
Toolchain:       MDK-Lite  Version: 5.18
Toolchain Path:  C:\Keil_v5\ARM\ARMCC\Bin
C Compiler:      Armcc.exe V5.06 update 1 (build 61)
Assembler:       Armasm.exe V5.06 update 1 (build 61)
Linker/Locator:  ArmLink.exe V5.06 update 1 (build 61)
Library Manager: ArmAr.exe V5.06 update 1 (build 61)
Hex Converter:   FromElf.exe V5.06 update 1 (build 61)
CPU DLL:         SARMCM3.DLL V5.18
Dialog DLL:      DARMSTM.DLL V1.65.0.0
Target DLL:      UL2CM3.DLL V1.157.5.0
Dialog DLL:      TARMSTM.DLL V1.64.0.0
 
<h2>Project:</h2>
F:\项目\6自由度机械臂STM32版V2\4.机械臂完全开发教程（由浅入深动手实验）\3.机械臂由浅入深源码\11.综合项目：一个完整舵机控制器的源码实现（同时支持PWM舵机和总线舵机）\舵机控制器STM32源程序V2.1\机械臂\servor.uvproj
Project File Date:  02/27/2017

<h2>Output:</h2>
*** Using Compiler 'V5.06 update 1 (build 61)', folder: 'C:\Keil_v5\ARM\ARMCC\Bin'
Build target 'Target 1'
assembling startup_stm32f10x_md.s...
compiling core_cm3.c...
compiling misc.c...
compiling stm32f10x_adc.c...
compiling stm32f10x_bkp.c...
compiling stm32f10x_can.c...
compiling stm32f10x_cec.c...
compiling stm32f10x_crc.c...
compiling stm32f10x_dac.c...
compiling stm32f10x_dbgmcu.c...
compiling stm32f10x_dma.c...
compiling stm32f10x_exti.c...
compiling stm32f10x_flash.c...
compiling stm32f10x_fsmc.c...
compiling stm32f10x_gpio.c...
compiling stm32f10x_i2c.c...
compiling stm32f10x_iwdg.c...
compiling stm32f10x_pwr.c...
compiling stm32f10x_rcc.c...
compiling stm32f10x_rtc.c...
compiling stm32f10x_sdio.c...
compiling stm32f10x_spi.c...
compiling stm32f10x_usart.c...
compiling stm32f10x_tim.c...
compiling stm32f10x_wwdg.c...
compiling servor.c...
compiling timer.c...
compiling Ps2.c...
HARDWARE\PS2\Ps2.c(126): warning:  #550-D: variable "temp" was set but never used
  	static u8 temp=1;
HARDWARE\PS2\Ps2.c: 1 warning, 0 errors
compiling led.c...
compiling key.c...
compiling spi.c...
compiling common.c...
compiling flash.c...
compiling beep.c...
HARDWARE\Beep\beep.c(25): warning:  #1-D: last line of file ends without a newline
  }
HARDWARE\Beep\beep.c: 1 warning, 0 errors
compiling oneline.c...
compiling Adc.c...
compiling delay.c...
compiling usart.c...
compiling sys.c...
compiling main.c...
USER\main.c(90): warning:  #68-D: integer conversion resulted in a change of sign
  char All_down_num=-1;
USER\main.c(241): warning:  #167-D: argument of type "unsigned char *" is incompatible with parameter of type "const char *"
  				p = strstr(ps2_buf,buf);
USER\main.c(300): warning:  #186-D: pointless comparison of unsigned integer with zero
  	if (motor_data.CRC1 != 0x12345678 || motor_data.sum < 0 || motor_data.duoji_count  > MOTOR_NUM)//?卸???息?娲??欠??写?
USER\main.c(583): warning:  #225-D: the format string ends before this argument
  				sprintf(buf,"#\r\n",motor_data.sum);
USER\main.c(933): warning:  #167-D: argument of type "u8 *" is incompatible with parameter of type "char *"
  	UART_PutStr (
SART1,datatemp);
USER\main.c: 5 warnings, 0 errors
compiling stm32f10x_it.c...
compiling system_stm32f10x.c...
linking...
Program Size: Code=25604 RO-data=556 RW-data=400 ZI-data=6464  
FromELF: creating hex file...
".\Output\servor.axf" - 0 Error(s), 7 Warning(s).
Build Time Elapsed:  00:00:27
</pre>
</body>
</html>
