<html>
<body>
<pre>
<h1>礦ision Build Log</h1>
<h2>Project:</h2>
E:\完成设计的产品\(MCUDEV)-STM32开发板系列\MCUDEV_TFT_144液晶\MCUDEV_TFT_1.44液晶--客户资料\STM32 硬件SPI_中文显示测试源码\USER\TFT_Demo.uvproj
Project File Date:  08/04/2015

<h2>Output:</h2>
Rebuild target 'Target 1'
compiling main.c...
compiling GUI.c...
compiling delay.c...
compiling system_stm32f10x.c...
compiling key.c...
compiling lcd.c...
compiling myiic.c...
compiling 24cxx.c...
compiling core_cm3.c...
assembling startup_stm32f10x_md.s...
compiling misc.c...
compiling stm32f10x_gpio.c...
compiling stm32f10x_rcc.c...
compiling stm32f10x_spi.c...
compiling stm32f10x_usart.c...
linking...
Program Size: Code=8350 RO-data=4618 RW-data=52 ZI-data=1652  
FromELF: creating hex file...
"..\OBJ\TOUCH.axf" - 0 Errors, 0 Warning(s).
Rebuild target 'Target 1'
compiling main.c...
compiling GUI.c...
compiling delay.c...
compiling system_stm32f10x.c...
compiling key.c...
compiling lcd.c...
compiling myiic.c...
compiling 24cxx.c...
compiling core_cm3.c...
assembling startup_stm32f10x_md.s...
compiling misc.c...
compiling stm32f10x_gpio.c...
compiling stm32f10x_rcc.c...
compiling stm32f10x_spi.c...
compiling stm32f10x_usart.c...
linking...
Program Size: Code=8350 RO-data=4618 RW-data=52 ZI-data=1652  
FromELF: creating hex file...
"..\OBJ\TOUCH.axf" - 0 Errors, 0 Warning(s).
Rebuild target 'Target 1'
compiling main.c...
compiling GUI.c...
compiling delay.c...
compiling system_stm32f10x.c...
compiling key.c...
compiling lcd.c...
compiling myiic.c...
compiling 24cxx.c...
compiling core_cm3.c...
assembling startup_stm32f10x_md.s...
compiling misc.c...
compiling stm32f10x_gpio.c...
compiling stm32f10x_rcc.c...
compiling stm32f10x_spi.c...
compiling stm32f10x_usart.c...
linking...
Program Size: Code=8350 RO-data=4618 RW-data=52 ZI-data=1652  
FromELF: creating hex file...
"..\OBJ\TOUCH.axf" - 0 Errors, 0 Warning(s).
Build target 'Target 1'
compiling main.c...
linking...
Program Size: Code=8350 RO-data=4618 RW-data=52 ZI-data=1652  
FromELF: creating hex file...
"..\OBJ\TOUCH.axf" - 0 Errors, 0 Warning(s).
Build target 'Target 1'
linking...
Program Size: Code=8350 RO-data=4618 RW-data=52 ZI-data=1652  
FromELF: creating hex file...
"..\OBJ\TOUCH.axf" - 0 Errors, 0 Warning(s).
Build target 'Target 1'
linking...
Program Size: Code=8350 RO-data=4618 RW-data=52 ZI-data=1652  
FromELF: creating hex file...
"..\OBJ\TOUCH.axf" - 0 Errors, 0 Warning(s).
Build target 'Target 1'
linking...
Program Size: Code=8350 RO-data=4618 RW-data=52 ZI-data=1652  
FromELF: creating hex file...
"..\OBJ\TOUCH.axf" - 0 Errors, 0 Warning(s).
Build target 'Target 1'
linking...
Program Size: Code=8350 RO-data=4618 RW-data=52 ZI-data=1652  
FromELF: creating hex file...
"..\OBJ\TOUCH.axf" - 0 Errors, 0 Warning(s).
Build target 'Target 1'
linking...
Program Size: Code=8350 RO-data=4618 RW-data=52 ZI-data=1652  
FromELF: creating hex file...
"..\OBJ\TOUCH.axf" - 0 Errors, 0 Warning(s).
Build target 'Target 1'
linking...
Program Size: Code=8350 RO-data=4618 RW-data=52 ZI-data=1652  
FromELF: creating hex file...
"..\OBJ\TOUCH.axf" - 0 Errors, 0 Warning(s).
Build target 'Target 1'
compiling main.c...
linking...
Program Size: Code=8350 RO-data=4618 RW-data=52 ZI-data=1652  
FromELF: creating hex file...
"..\OBJ\TOUCH.axf" - 0 Errors, 0 Warning(s).
Build target 'Target 1'
linking...
Program Size: Code=8350 RO-data=4618 RW-data=52 ZI-data=1652  
FromELF: creating hex file...
"..\OBJ\TOUCH.axf" - 0 Errors, 0 Warning(s).
Rebuild target 'Target 1'
compiling main.c...
compiling GUI.c...
compiling delay.c...
compiling system_stm32f10x.c...
compiling key.c...
compiling lcd.c...
compiling myiic.c...
compiling 24cxx.c...
compiling core_cm3.c...
assembling startup_stm32f10x_md.s...
compiling misc.c...
compiling stm32f10x_gpio.c...
compiling stm32f10x_rcc.c...
compiling stm32f10x_spi.c...
compiling stm32f10x_usart.c...
linking...
Program Size: Code=8350 RO-data=4618 RW-data=52 ZI-data=1652  
FromELF: creating hex file...
"..\OBJ\TOUCH.axf" - 0 Errors, 0 Warning(s).
Rebuild target 'Target 1'
compiling main.c...
compiling GUI.c...
compiling delay.c...
compiling system_stm32f10x.c...
compiling key.c...
compiling lcd.c...
compiling myiic.c...
compiling 24cxx.c...
compiling core_cm3.c...
assembling startup_stm32f10x_md.s...
compiling misc.c...
compiling stm32f10x_gpio.c...
compiling stm32f10x_rcc.c...
compiling stm32f10x_spi.c...
compiling stm32f10x_usart.c...
linking...
Program Size: Code=8350 RO-data=4618 RW-data=52 ZI-data=1652  
FromELF: creating hex file...
"..\OBJ\TOUCH.axf" - 0 Errors, 0 Warning(s).
Rebuild target 'Target 1'
compiling main.c...
compiling GUI.c...
compiling delay.c...
compiling system_stm32f10x.c...
compiling key.c...
compiling lcd.c...
compiling myiic.c...
compiling 24cxx.c...
compiling core_cm3.c...
assembling startup_stm32f10x_md.s...
compiling misc.c...
compiling stm32f10x_gpio.c...
compiling stm32f10x_rcc.c...
compiling stm32f10x_spi.c...
compiling stm32f10x_usart.c...
linking...
Program Size: Code=8350 RO-data=4618 RW-data=52 ZI-data=1652  
FromELF: creating hex file...
"..\OBJ\TOUCH.axf" - 0 Errors, 0 Warning(s).
Build target 'Target 1'
linking...
Program Size: Code=8350 RO-data=4618 RW-data=52 ZI-data=1652  
FromELF: creating hex file...
"..\OBJ\TOUCH.axf" - 0 Errors, 0 Warning(s).
