<html>
<body>
<pre>
<h1>礦ision Build Log</h1>
<h2>Project:</h2>
C:\Users\DYS7\Desktop\100步\1-2-32-MP3播放与显示程序\YT32B1_STM32F103_demo.uvproj
Project File Date:  04/14/2018

<h2>Output:</h2>
Build target 'Target 1'
compiling main.c...
compiling usart.c...
compiling MY1690.c...
linking...
Program Size: Code=15630 RO-data=3470 RW-data=52 ZI-data=2036  
FromELF: creating hex file...
"YT32B1_STM32F103_demo.axf" - 0 Error(s), 0 Warning(s).
Build target 'Target 1'
compiling main.c...
linking...
Program Size: Code=15646 RO-data=3470 RW-data=52 ZI-data=2036  
FromELF: creating hex file...
"YT32B1_STM32F103_demo.axf" - 0 Error(s), 0 Warning(s).
Build target 'Target 1'
compiling main.c...
linking...
Program Size: Code=15630 RO-data=3470 RW-data=52 ZI-data=2036  
FromELF: creating hex file...
"YT32B1_STM32F103_demo.axf" - 0 Error(s), 0 Warning(s).
Build target 'Target 1'
compiling usart.c...
linking...
Program Size: Code=15630 RO-data=3470 RW-data=52 ZI-data=2036  
FromELF: creating hex file...
"YT32B1_STM32F103_demo.axf" - 0 Error(s), 0 Warning(s).
Build target 'Target 1'
compiling main.c...
linking...
Program Size: Code=15646 RO-data=3470 RW-data=52 ZI-data=2036  
FromELF: creating hex file...
"YT32B1_STM32F103_demo.axf" - 0 Error(s), 0 Warning(s).
Build target 'Target 1'
compiling MY1690.c...
linking...
Program Size: Code=15646 RO-data=3470 RW-data=52 ZI-data=2036  
FromELF: creating hex file...
"YT32B1_STM32F103_demo.axf" - 0 Error(s), 0 Warning(s).
Build target 'Target 1'
compiling MY1690.c...
linking...
Program Size: Code=15650 RO-data=3470 RW-data=52 ZI-data=2036  
FromELF: creating hex file...
"YT32B1_STM32F103_demo.axf" - 0 Error(s), 0 Warning(s).
Build target 'Target 1'
compiling MY1690.c...
linking...
Program Size: Code=15650 RO-data=3470 RW-data=52 ZI-data=2036  
FromELF: creating hex file...
"YT32B1_STM32F103_demo.axf" - 0 Error(s), 0 Warning(s).
Build target 'Target 1'
compiling MY1690.c...
linking...
Program Size: Code=15662 RO-data=3470 RW-data=52 ZI-data=2036  
FromELF: creating hex file...
"YT32B1_STM32F103_demo.axf" - 0 Error(s), 0 Warning(s).
Build target 'Target 1'
compiling MY1690.c...
Hardware\MY1690\MY1690.c(56): warning:  #550-D: variable "i" was set but never used
Hardware\MY1690\MY1690.c:       u8 i;
Hardware\MY1690\MY1690.c:          ^
Hardware\MY1690\MY1690.c: Hardware\MY1690\MY1690.c: 1 warning, 0 errors
linking...
Program Size: Code=15666 RO-data=3470 RW-data=52 ZI-data=2036  
FromELF: creating hex file...
"YT32B1_STM32F103_demo.axf" - 0 Error(s), 1 Warning(s).
Build target 'Target 1'
compiling MY1690.c...
linking...
Program Size: Code=15678 RO-data=3470 RW-data=52 ZI-data=2036  
FromELF: creating hex file...
"YT32B1_STM32F103_demo.axf" - 0 Error(s), 0 Warning(s).
Build target 'Target 1'
compiling main.c...
linking...
Program Size: Code=15686 RO-data=3470 RW-data=52 ZI-data=2036  
FromELF: creating hex file...
"YT32B1_STM32F103_demo.axf" - 0 Error(s), 0 Warning(s).
Build target 'Target 1'
compiling MY1690.c...
Hardware\MY1690\MY1690.c(55): warning:  #550-D: parameter "a" was set but never used
Hardware\MY1690\MY1690.c:   void MY1690_CMD1(u8 a){
Hardware\MY1690\MY1690.c:                       ^
Hardware\MY1690\MY1690.c(56): warning:  #550-D: variable "i" was set but never used
Hardware\MY1690\MY1690.c:       u8 i;
Hardware\MY1690\MY1690.c:          ^
Hardware\MY1690\MY1690.c: Hardware\MY1690\MY1690.c: 2 warnings, 0 errors
linking...
Program Size: Code=15674 RO-data=3470 RW-data=52 ZI-data=2036  
FromELF: creating hex file...
"YT32B1_STM32F103_demo.axf" - 0 Error(s), 2 Warning(s).
Build target 'Target 1'
compiling MY1690.c...
Hardware\MY1690\MY1690.c(55): warning:  #550-D: parameter "a" was set but never used
Hardware\MY1690\MY1690.c:   void MY1690_CMD1(u8 a){
Hardware\MY1690\MY1690.c:                       ^
Hardware\MY1690\MY1690.c(56): warning:  #550-D: variable "i" was set but never used
Hardware\MY1690\MY1690.c:       u8 i;
Hardware\MY1690\MY1690.c:          ^
Hardware\MY1690\MY1690.c: Hardware\MY1690\MY1690.c: 2 warnings, 0 errors
linking...
Program Size: Code=15746 RO-data=3470 RW-data=52 ZI-data=2036  
FromELF: creating hex file...
"YT32B1_STM32F103_demo.axf" - 0 Error(s), 2 Warning(s).
Build target 'Target 1'
compiling MY1690.c...
Hardware\MY1690\MY1690.c(55): warning:  #550-D: parameter "a" was set but never used
Hardware\MY1690\MY1690.c:   void MY1690_CMD1(u8 a){
Hardware\MY1690\MY1690.c:                       ^
Hardware\MY1690\MY1690.c(56): warning:  #550-D: variable "i" was set but never used
Hardware\MY1690\MY1690.c:       u8 i;
Hardware\MY1690\MY1690.c:          ^
Hardware\MY1690\MY1690.c: Hardware\MY1690\MY1690.c: 2 warnings, 0 errors
linking...
Program Size: Code=15742 RO-data=3470 RW-data=52 ZI-data=2036  
FromELF: creating hex file...
"YT32B1_STM32F103_demo.axf" - 0 Error(s), 2 Warning(s).
Build target 'Target 1'
compiling MY1690.c...
linking...
Program Size: Code=15750 RO-data=3470 RW-data=52 ZI-data=2036  
FromELF: creating hex file...
"YT32B1_STM32F103_demo.axf" - 0 Error(s), 0 Warning(s).
Build target 'Target 1'
compiling MY1690.c...
linking...
Program Size: Code=15738 RO-data=3470 RW-data=52 ZI-data=2036  
FromELF: creating hex file...
"YT32B1_STM32F103_demo.axf" - 0 Error(s), 0 Warning(s).
Build target 'Target 1'
compiling main.c...
User\main.c(67): warning:  #223-D: function "MY1690_CMD3" declared implicitly
User\main.c:                            MY1690_CMD3(0x41,0x04);
User\main.c:                            ^
User\main.c: User\main.c: 1 warning, 0 errors
compiling MY1690.c...
linking...
Program Size: Code=16118 RO-data=3470 RW-data=52 ZI-data=2036  
FromELF: creating hex file...
"YT32B1_STM32F103_demo.axf" - 0 Error(s), 1 Warning(s).
Build target 'Target 1'
compiling MY1690.c...
linking...
Program Size: Code=16118 RO-data=3470 RW-data=52 ZI-data=2036  
FromELF: creating hex file...
"YT32B1_STM32F103_demo.axf" - 0 Error(s), 0 Warning(s).
Build target 'Target 1'
compiling main.c...
User\main.c(63): warning:  #223-D: function "MY1690_CMD2" declared implicitly
User\main.c:                            MY1690_CMD2(0x31,0x05);
User\main.c:                            ^
User\main.c(67): warning:  #223-D: function "MY1690_CMD3" declared implicitly
User\main.c:                            MY1690_CMD3(0x41,0x04);
User\main.c:                            ^
User\main.c: User\main.c: 2 warnings, 0 errors
linking...
Program Size: Code=16118 RO-data=3470 RW-data=52 ZI-data=2036  
FromELF: creating hex file...
"YT32B1_STM32F103_demo.axf" - 0 Error(s), 2 Warning(s).
Build target 'Target 1'
compiling main.c...
compiling MY1690.c...
linking...
Program Size: Code=16118 RO-data=3470 RW-data=52 ZI-data=2036  
FromELF: creating hex file...
"YT32B1_STM32F103_demo.axf" - 0 Error(s), 0 Warning(s).
Build target 'Target 1'
compiling main.c...
linking...
Program Size: Code=16118 RO-data=3470 RW-data=52 ZI-data=2036  
FromELF: creating hex file...
"YT32B1_STM32F103_demo.axf" - 0 Error(s), 0 Warning(s).
Build target 'Target 1'
compiling main.c...
compiling usart.c...
compiling MY1690.c...
linking...
Program Size: Code=16118 RO-data=3470 RW-data=52 ZI-data=2036  
FromELF: creating hex file...
"YT32B1_STM32F103_demo.axf" - 0 Error(s), 0 Warning(s).
Build target 'Target 1'
compiling usart.c...
linking...
Program Size: Code=16118 RO-data=3470 RW-data=52 ZI-data=2036  
FromELF: creating hex file...
"YT32B1_STM32F103_demo.axf" - 0 Error(s), 0 Warning(s).
Build target 'Target 1'
compiling usart.c...
linking...
Program Size: Code=16118 RO-data=3470 RW-data=52 ZI-data=2036  
FromELF: creating hex file...
"YT32B1_STM32F103_demo.axf" - 0 Error(s), 0 Warning(s).
Build target 'Target 1'
compiling usart.c...
linking...
Program Size: Code=16122 RO-data=3470 RW-data=52 ZI-data=2036  
FromELF: creating hex file...
"YT32B1_STM32F103_demo.axf" - 0 Error(s), 0 Warning(s).
Build target 'Target 1'
compiling usart.c...
linking...
Program Size: Code=16114 RO-data=3470 RW-data=52 ZI-data=2036  
FromELF: creating hex file...
"YT32B1_STM32F103_demo.axf" - 0 Error(s), 0 Warning(s).
Build target 'Target 1'
compiling usart.c...
linking...
Program Size: Code=16122 RO-data=3470 RW-data=52 ZI-data=2036  
FromELF: creating hex file...
"YT32B1_STM32F103_demo.axf" - 0 Error(s), 0 Warning(s).
Build target 'Target 1'
compiling usart.c...
linking...
Program Size: Code=16250 RO-data=3470 RW-data=52 ZI-data=2036  
FromELF: creating hex file...
"YT32B1_STM32F103_demo.axf" - 0 Error(s), 0 Warning(s).
Build target 'Target 1'
compiling usart.c...
linking...
Program Size: Code=16258 RO-data=3470 RW-data=52 ZI-data=2036  
FromELF: creating hex file...
"YT32B1_STM32F103_demo.axf" - 0 Error(s), 0 Warning(s).
Build target 'Target 1'
compiling usart.c...
linking...
Program Size: Code=16250 RO-data=3470 RW-data=52 ZI-data=2036  
FromELF: creating hex file...
"YT32B1_STM32F103_demo.axf" - 0 Error(s), 0 Warning(s).
Build target 'Target 1'
compiling main.c...
compiling usart.c...
linking...
Program Size: Code=16234 RO-data=3470 RW-data=52 ZI-data=2036  
FromELF: creating hex file...
"YT32B1_STM32F103_demo.axf" - 0 Error(s), 0 Warning(s).
Build target 'Target 1'
compiling main.c...
linking...
Program Size: Code=16234 RO-data=3470 RW-data=52 ZI-data=2036  
FromELF: creating hex file...
"YT32B1_STM32F103_demo.axf" - 0 Error(s), 0 Warning(s).
